Archive member included to satisfy reference by file (symbol)

C:/ST/STM32CubeIDE_1.12.0/STM32CubeIDE/plugins/com.st.stm32cube.ide.mcu.externaltools.gnu-tools-for-stm32.11.3.rel1.win32_1.1.1.202309131626/tools/bin/../lib/gcc/arm-none-eabi/11.3.1/../../../../arm-none-eabi/lib/thumb/v7-m/nofp\libc_nano.a(libc_a-exit.o)
                              C:/ST/STM32CubeIDE_1.12.0/STM32CubeIDE/plugins/com.st.stm32cube.ide.mcu.externaltools.gnu-tools-for-stm32.11.3.rel1.win32_1.1.1.202309131626/tools/bin/../lib/gcc/arm-none-eabi/11.3.1/../../../../arm-none-eabi/lib/thumb/v7-m/nofp/crt0.o (exit)
C:/ST/STM32CubeIDE_1.12.0/STM32CubeIDE/plugins/com.st.stm32cube.ide.mcu.externaltools.gnu-tools-for-stm32.11.3.rel1.win32_1.1.1.202309131626/tools/bin/../lib/gcc/arm-none-eabi/11.3.1/../../../../arm-none-eabi/lib/thumb/v7-m/nofp\libc_nano.a(libc_a-nano-vfprintf_float.o)
                              (_printf_float)
C:/ST/STM32CubeIDE_1.12.0/STM32CubeIDE/plugins/com.st.stm32cube.ide.mcu.externaltools.gnu-tools-for-stm32.11.3.rel1.win32_1.1.1.202309131626/tools/bin/../lib/gcc/arm-none-eabi/11.3.1/../../../../arm-none-eabi/lib/thumb/v7-m/nofp\libc_nano.a(libc_a-nano-vfprintf_i.o)
                              C:/ST/STM32CubeIDE_1.12.0/STM32CubeIDE/plugins/com.st.stm32cube.ide.mcu.externaltools.gnu-tools-for-stm32.11.3.rel1.win32_1.1.1.202309131626/tools/bin/../lib/gcc/arm-none-eabi/11.3.1/../../../../arm-none-eabi/lib/thumb/v7-m/nofp\libc_nano.a(libc_a-nano-vfprintf_float.o) (_printf_common)
C:/ST/STM32CubeIDE_1.12.0/STM32CubeIDE/plugins/com.st.stm32cube.ide.mcu.externaltools.gnu-tools-for-stm32.11.3.rel1.win32_1.1.1.202309131626/tools/bin/../lib/gcc/arm-none-eabi/11.3.1/../../../../arm-none-eabi/lib/thumb/v7-m/nofp\libc_nano.a(libc_a-findfp.o)
                              C:/ST/STM32CubeIDE_1.12.0/STM32CubeIDE/plugins/com.st.stm32cube.ide.mcu.externaltools.gnu-tools-for-stm32.11.3.rel1.win32_1.1.1.202309131626/tools/bin/../lib/gcc/arm-none-eabi/11.3.1/../../../../arm-none-eabi/lib/thumb/v7-m/nofp\libc_nano.a(libc_a-exit.o) (__stdio_exit_handler)
C:/ST/STM32CubeIDE_1.12.0/STM32CubeIDE/plugins/com.st.stm32cube.ide.mcu.externaltools.gnu-tools-for-stm32.11.3.rel1.win32_1.1.1.202309131626/tools/bin/../lib/gcc/arm-none-eabi/11.3.1/../../../../arm-none-eabi/lib/thumb/v7-m/nofp\libc_nano.a(libc_a-fwalk.o)
                              C:/ST/STM32CubeIDE_1.12.0/STM32CubeIDE/plugins/com.st.stm32cube.ide.mcu.externaltools.gnu-tools-for-stm32.11.3.rel1.win32_1.1.1.202309131626/tools/bin/../lib/gcc/arm-none-eabi/11.3.1/../../../../arm-none-eabi/lib/thumb/v7-m/nofp\libc_nano.a(libc_a-findfp.o) (_fwalk_sglue)
C:/ST/STM32CubeIDE_1.12.0/STM32CubeIDE/plugins/com.st.stm32cube.ide.mcu.externaltools.gnu-tools-for-stm32.11.3.rel1.win32_1.1.1.202309131626/tools/bin/../lib/gcc/arm-none-eabi/11.3.1/../../../../arm-none-eabi/lib/thumb/v7-m/nofp\libc_nano.a(libc_a-sprintf.o)
                              ./Core/Src/main.o (sprintf)
C:/ST/STM32CubeIDE_1.12.0/STM32CubeIDE/plugins/com.st.stm32cube.ide.mcu.externaltools.gnu-tools-for-stm32.11.3.rel1.win32_1.1.1.202309131626/tools/bin/../lib/gcc/arm-none-eabi/11.3.1/../../../../arm-none-eabi/lib/thumb/v7-m/nofp\libc_nano.a(libc_a-stdio.o)
                              C:/ST/STM32CubeIDE_1.12.0/STM32CubeIDE/plugins/com.st.stm32cube.ide.mcu.externaltools.gnu-tools-for-stm32.11.3.rel1.win32_1.1.1.202309131626/tools/bin/../lib/gcc/arm-none-eabi/11.3.1/../../../../arm-none-eabi/lib/thumb/v7-m/nofp\libc_nano.a(libc_a-findfp.o) (__sread)
C:/ST/STM32CubeIDE_1.12.0/STM32CubeIDE/plugins/com.st.stm32cube.ide.mcu.externaltools.gnu-tools-for-stm32.11.3.rel1.win32_1.1.1.202309131626/tools/bin/../lib/gcc/arm-none-eabi/11.3.1/../../../../arm-none-eabi/lib/thumb/v7-m/nofp\libc_nano.a(libc_a-memset.o)
                              C:/ST/STM32CubeIDE_1.12.0/STM32CubeIDE/plugins/com.st.stm32cube.ide.mcu.externaltools.gnu-tools-for-stm32.11.3.rel1.win32_1.1.1.202309131626/tools/bin/../lib/gcc/arm-none-eabi/11.3.1/../../../../arm-none-eabi/lib/thumb/v7-m/nofp/crt0.o (memset)
C:/ST/STM32CubeIDE_1.12.0/STM32CubeIDE/plugins/com.st.stm32cube.ide.mcu.externaltools.gnu-tools-for-stm32.11.3.rel1.win32_1.1.1.202309131626/tools/bin/../lib/gcc/arm-none-eabi/11.3.1/../../../../arm-none-eabi/lib/thumb/v7-m/nofp\libc_nano.a(libc_a-strncpy.o)
                              ./Drivers/VL53L1X/core/src/vl53l1_api.o (strncpy)
C:/ST/STM32CubeIDE_1.12.0/STM32CubeIDE/plugins/com.st.stm32cube.ide.mcu.externaltools.gnu-tools-for-stm32.11.3.rel1.win32_1.1.1.202309131626/tools/bin/../lib/gcc/arm-none-eabi/11.3.1/../../../../arm-none-eabi/lib/thumb/v7-m/nofp\libc_nano.a(libc_a-localeconv.o)
                              C:/ST/STM32CubeIDE_1.12.0/STM32CubeIDE/plugins/com.st.stm32cube.ide.mcu.externaltools.gnu-tools-for-stm32.11.3.rel1.win32_1.1.1.202309131626/tools/bin/../lib/gcc/arm-none-eabi/11.3.1/../../../../arm-none-eabi/lib/thumb/v7-m/nofp\libc_nano.a(libc_a-nano-vfprintf_float.o) (_localeconv_r)
[...]
Memory Configuration

Name             Origin             Length             Attributes
RAM              0x0000000020000000 0x0000000000005000 xrw
FLASH            0x0000000008000000 0x0000000000010000 xr
*default*        0x0000000000000000 0xffffffffffffffff

Linker script and memory map

LOAD C:/ST/STM32CubeIDE_1.12.0/STM32CubeIDE/plugins/com.st.stm32cube.ide.mcu.externaltools.gnu-tools-for-stm32.11.3.rel1.win32_1.1.1.202309131626/tools/bin/../lib/gcc/arm-none-eabi/11.3.1/thumb/v7-m/nofp/crti.o
LOAD C:/ST/STM32CubeIDE_1.12.0/STM32CubeIDE/plugins/com.st.stm32cube.ide.mcu.externaltools.gnu-tools-for-stm32.11.3.rel1.win32_1.1.1.202309131626/tools/bin/../lib/gcc/arm-none-eabi/11.3.1/thumb/v7-m/nofp/crtbegin.o
LOAD C:/ST/STM32CubeIDE_1.12.0/STM32CubeIDE/plugins/com.st.stm32cube.ide.mcu.externaltools.gnu-tools-for-stm32.11.3.rel1.win32_1.1.1.202309131626/tools/bin/../lib/gcc/arm-none-eabi/11.3.1/../../../../arm-none-eabi/lib/thumb/v7-m/nofp/crt0.o
LOAD ./Core/Src/main.o
LOAD ./Core/Src/stm32f1xx_hal_msp.o
LOAD ./Core/Src/stm32f1xx_it.o
LOAD ./Core/Src/syscalls.o
LOAD ./Core/Src/sysmem.o
LOAD ./Core/Src/system_stm32f1xx.o
LOAD ./Core/Startup/startup_stm32f103c8tx.o
LOAD ./Drivers/STM32F1xx_HAL_Driver/Src/stm32f1xx_hal.o
LOAD ./Drivers/STM32F1xx_HAL_Driver/Src/stm32f1xx_hal_can.o
LOAD ./Drivers/STM32F1xx_HAL_Driver/Src/stm32f1xx_hal_cortex.o
LOAD ./Drivers/STM32F1xx_HAL_Driver/Src/stm32f1xx_hal_dma.o
LOAD ./Drivers/STM32F1xx_HAL_Driver/Src/stm32f1xx_hal_exti.o
LOAD ./Drivers/STM32F1xx_HAL_Driver/Src/stm32f1xx_hal_flash.o
LOAD ./Drivers/STM32F1xx_HAL_Driver/Src/stm32f1xx_hal_flash_ex.o
LOAD ./Drivers/STM32F1xx_HAL_Driver/Src/stm32f1xx_hal_gpio.o
LOAD ./Drivers/STM32F1xx_HAL_Driver/Src/stm32f1xx_hal_gpio_ex.o
LOAD ./Drivers/STM32F1xx_HAL_Driver/Src/stm32f1xx_hal_i2c.o
LOAD ./Drivers/STM32F1xx_HAL_Driver/Src/stm32f1xx_hal_pwr.o
LOAD ./Drivers/STM32F1xx_HAL_Driver/Src/stm32f1xx_hal_rcc.o
LOAD ./Drivers/STM32F1xx_HAL_Driver/Src/stm32f1xx_hal_rcc_ex.o
LOAD ./Drivers/STM32F1xx_HAL_Driver/Src/stm32f1xx_hal_uart.o
LOAD ./Drivers/VL53L1X/core/src/vl53l1_api.o
LOAD ./Drivers/VL53L1X/core/src/vl53l1_api_calibration.o
LOAD ./Drivers/VL53L1X/core/src/vl53l1_api_core.o
LOAD ./Drivers/VL53L1X/core/src/vl53l1_api_debug.o
LOAD ./Drivers/VL53L1X/core/src/vl53l1_api_preset_modes.o
LOAD ./Drivers/VL53L1X/core/src/vl53l1_api_strings.o
LOAD ./Drivers/VL53L1X/core/src/vl53l1_core.o
LOAD ./Drivers/VL53L1X/core/src/vl53l1_core_support.o
LOAD ./Drivers/VL53L1X/core/src/vl53l1_error_strings.o
LOAD ./Drivers/VL53L1X/core/src/vl53l1_register_funcs.o
LOAD ./Drivers/VL53L1X/core/src/vl53l1_silicon_core.o
LOAD ./Drivers/VL53L1X/core/src/vl53l1_wait.o
LOAD ./Drivers/VL53L1X/platform/src/vl53l1_platform.o
LOAD ./Drivers/VL53L1X/platform/src/vl53l1_platform_log.o
START GROUP
LOAD C:/ST/STM32CubeIDE_1.12.0/STM32CubeIDE/plugins/com.st.stm32cube.ide.mcu.externaltools.gnu-tools-for-stm32.11.3.rel1.win32_1.1.1.202309131626/tools/bin/../lib/gcc/arm-none-eabi/11.3.1/../../../../arm-none-eabi/lib/thumb/v7-m/nofp\libc_nano.a
LOAD C:/ST/STM32CubeIDE_1.12.0/STM32CubeIDE/plugins/com.st.stm32cube.ide.mcu.externaltools.gnu-tools-for-stm32.11.3.rel1.win32_1.1.1.202309131626/tools/bin/../lib/gcc/arm-none-eabi/11.3.1/../../../../arm-none-eabi/lib/thumb/v7-m/nofp\libm.a
END GROUP
START GROUP
LOAD C:/ST/STM32CubeIDE_1.12.0/STM32CubeIDE/plugins/com.st.stm32cube.ide.mcu.externaltools.gnu-tools-for-stm32.11.3.rel1.win32_1.1.1.202309131626/tools/bin/../lib/gcc/arm-none-eabi/11.3.1/thumb/v7-m/nofp\libgcc.a
LOAD C:/ST/STM32CubeIDE_1.12.0/STM32CubeIDE/plugins/com.st.stm32cube.ide.mcu.externaltools.gnu-tools-for-stm32.11.3.rel1.win32_1.1.1.202309131626/tools/bin/../lib/gcc/arm-none-eabi/11.3.1/../../../../arm-none-eabi/lib/thumb/v7-m/nofp\libc_nano.a
END GROUP
START GROUP
LOAD C:/ST/STM32CubeIDE_1.12.0/STM32CubeIDE/plugins/com.st.stm32cube.ide.mcu.externaltools.gnu-tools-for-stm32.11.3.rel1.win32_1.1.1.202309131626/tools/bin/../lib/gcc/arm-none-eabi/11.3.1/thumb/v7-m/nofp\libgcc.a
LOAD C:/ST/STM32CubeIDE_1.12.0/STM32CubeIDE/plugins/com.st.stm32cube.ide.mcu.externaltools.gnu-tools-for-stm32.11.3.rel1.win32_1.1.1.202309131626/tools/bin/../lib/gcc/arm-none-eabi/11.3.1/../../../../arm-none-eabi/lib/thumb/v7-m/nofp\libc_nano.a
LOAD C:/ST/STM32CubeIDE_1.12.0/STM32CubeIDE/plugins/com.st.stm32cube.ide.mcu.externaltools.gnu-tools-for-stm32.11.3.rel1.win32_1.1.1.202309131626/tools/bin/../lib/gcc/arm-none-eabi/11.3.1/../../../../arm-none-eabi/lib/thumb/v7-m/nofp\libnosys.a
END GROUP
START GROUP
LOAD C:/ST/STM32CubeIDE_1.12.0/STM32CubeIDE/plugins/com.st.stm32cube.ide.mcu.externaltools.gnu-tools-for-stm32.11.3.rel1.win32_1.1.1.202309131626/tools/bin/../lib/gcc/arm-none-eabi/11.3.1/thumb/v7-m/nofp\libgcc.a
LOAD C:/ST/STM32CubeIDE_1.12.0/STM32CubeIDE/plugins/com.st.stm32cube.ide.mcu.externaltools.gnu-tools-for-stm32.11.3.rel1.win32_1.1.1.202309131626/tools/bin/../lib/gcc/arm-none-eabi/11.3.1/../../../../arm-none-eabi/lib/thumb/v7-m/nofp\libc_nano.a
LOAD C:/ST/STM32CubeIDE_1.12.0/STM32CubeIDE/plugins/com.st.stm32cube.ide.mcu.externaltools.gnu-tools-for-stm32.11.3.rel1.win32_1.1.1.202309131626/tools/bin/../lib/gcc/arm-none-eabi/11.3.1/../../../../arm-none-eabi/lib/thumb/v7-m/nofp\libnosys.a
END GROUP
LOAD C:/ST/STM32CubeIDE_1.12.0/STM32CubeIDE/plugins/com.st.stm32cube.ide.mcu.externaltools.gnu-tools-for-stm32.11.3.rel1.win32_1.1.1.202309131626/tools/bin/../lib/gcc/arm-none-eabi/11.3.1/thumb/v7-m/nofp/crtend.o
LOAD C:/ST/STM32CubeIDE_1.12.0/STM32CubeIDE/plugins/com.st.stm32cube.ide.mcu.externaltools.gnu-tools-for-stm32.11.3.rel1.win32_1.1.1.202309131626/tools/bin/../lib/gcc/arm-none-eabi/11.3.1/thumb/v7-m/nofp/crtn.o
                0x0000000020005000                _estack = (ORIGIN (RAM) + LENGTH (RAM))
                0x0000000000000200                _Min_Heap_Size = 0x200
                0x0000000000000400                _Min_Stack_Size = 0x400

.isr_vector     0x0000000008000000      0x10c
                0x0000000008000000                . = ALIGN (0x4)
 *(.isr_vector)
 .isr_vector    0x0000000008000000      0x10c ./Core/Startup/startup_stm32f103c8tx.o
                0x0000000008000000                g_pfnVectors
                0x000000000800010c                . = ALIGN (0x4)

.text           0x0000000008000110     0xbb10
                0x0000000008000110                . = ALIGN (0x4)
 *(.text)
 .text          0x0000000008000110       0x40 C:/ST/STM32CubeIDE_1.12.0/STM32CubeIDE/plugins/com.st.stm32cube.ide.mcu.externaltools.gnu-tools-for-stm32.11.3.rel1.win32_1.1.1.202309131626/tools/bin/../lib/gcc/arm-none-eabi/11.3.1/thumb/v7-m/nofp/crtbegin.o
 .text          0x0000000008000150       0x10 C:/ST/STM32CubeIDE_1.12.0/STM32CubeIDE/plugins/com.st.stm32cube.ide.mcu.externaltools.gnu-tools-for-stm32.11.3.rel1.win32_1.1.1.202309131626/tools/bin/../lib/gcc/arm-none-eabi/11.3.1/../../../../arm-none-eabi/lib/thumb/v7-m/nofp\libc_nano.a(libc_a-strlen.o)
                0x0000000008000150                strlen
 .text          0x0000000008000160      0x378 C:/ST/STM32CubeIDE_1.12.0/STM32CubeIDE/plugins/com.st.stm32cube.ide.mcu.externaltools.gnu-tools-for-stm32.11.3.rel1.win32_1.1.1.202309131626/tools/bin/../lib/gcc/arm-none-eabi/11.3.1/thumb/v7-m/nofp\libgcc.a(_arm_addsubdf3.o)
                0x0000000008000160                __aeabi_drsub
                0x0000000008000168                __aeabi_dsub
                0x0000000008000168                __subdf3
                0x000000000800016c                __aeabi_dadd
                0x000000000800016c                __adddf3
                0x00000000080003e4                __floatunsidf
                0x00000000080003e4                __aeabi_ui2d
                0x0000000008000404                __floatsidf
                0x0000000008000404                __aeabi_i2d
                0x0000000008000428                __aeabi_f2d
                0x0000000008000428                __extendsfdf2
                0x000000000800046c                __floatundidf
                0x000000000800046c                __aeabi_ul2d
                0x000000000800047c                __floatdidf
                0x000000000800047c                __aeabi_l2d
 .text          0x00000000080004d8      0x424 C:/ST/STM32CubeIDE_1.12.0/STM32CubeIDE/plugins/com.st.stm32cube.ide.mcu.externaltools.gnu-tools-for-stm32.11.3.rel1.win32_1.1.1.202309131626/tools/bin/../lib/gcc/arm-none-eabi/11.3.1/thumb/v7-m/nofp\libgcc.a(_arm_muldivdf3.o)
                0x00000000080004d8                __aeabi_dmul
                0x00000000080004d8                __muldf3
                0x000000000800072c                __divdf3
                0x000000000800072c                __aeabi_ddiv
 .text          0x00000000080008fc      0x110 C:/ST/STM32CubeIDE_1.12.0/STM32CubeIDE/plugins/com.st.stm32cube.ide.mcu.externaltools.gnu-tools-for-stm32.11.3.rel1.win32_1.1.1.202309131626/tools/bin/../lib/gcc/arm-none-eabi/11.3.1/thumb/v7-m/nofp\libgcc.a(_arm_cmpdf2.o)
                0x00000000080008fc                __gtdf2
                0x00000000080008fc                __gedf2
                0x0000000008000904                __ltdf2
                0x0000000008000904                __ledf2
                0x000000000800090c                __nedf2
                0x000000000800090c                __eqdf2
                0x000000000800090c                __cmpdf2
                0x0000000008000988                __aeabi_cdrcmple
                0x0000000008000998                __aeabi_cdcmpeq
                0x0000000008000998                __aeabi_cdcmple
                0x00000000080009a8                __aeabi_dcmpeq
                0x00000000080009bc                __aeabi_dcmplt
                0x00000000080009d0                __aeabi_dcmple
                0x00000000080009e4                __aeabi_dcmpge
                0x00000000080009f8                __aeabi_dcmpgt
 .text          0x0000000008000a0c       0x2c C:/ST/STM32CubeIDE_1.12.0/STM32CubeIDE/plugins/com.st.stm32cube.ide.mcu.externaltools.gnu-tools-for-stm32.11.3.rel1.win32_1.1.1.202309131626/tools/bin/../lib/gcc/arm-none-eabi/11.3.1/thumb/v7-m/nofp\libgcc.a(_arm_unorddf2.o)
                0x0000000008000a0c                __unorddf2
                0x0000000008000a0c                __aeabi_dcmpun
 .text          0x0000000008000a38       0x50 C:/ST/STM32CubeIDE_1.12.0/STM32CubeIDE/plugins/com.st.stm32cube.ide.mcu.externaltools.gnu-tools-for-stm32.11.3.rel1.win32_1.1.1.202309131626/tools/bin/../lib/gcc/arm-none-eabi/11.3.1/thumb/v7-m/nofp\libgcc.a(_arm_fixdfsi.o)
                0x0000000008000a38                __aeabi_d2iz
                0x0000000008000a38                __fixdfsi
 *(.text*)
 .text.main     0x0000000008000a88      0x130 ./Core/Src/main.o
                0x0000000008000a88                main
 .text.SystemClock_Config
                0x0000000008000bb8       0x8a ./Core/Src/main.o
                0x0000000008000bb8                SystemClock_Config
 *fill*         0x0000000008000c42        0x2 
 .text.MX_CAN_Init
                0x0000000008000c44       0x70 ./Core/Src/main.o
 .text.MX_I2C1_Init
                0x0000000008000cb4       0x5c ./Core/Src/main.o
 .text.MX_USART1_UART_Init
                0x0000000008000d10       0x54 ./Core/Src/main.o
 .text.MX_GPIO_Init
                0x0000000008000d64       0xf4 ./Core/Src/main.o
 .text.Error_Handler
                0x0000000008000e58        0xa ./Core/Src/main.o
                0x0000000008000e58                Error_Handler
 *fill*         0x0000000008000e62        0x2 
 .text.HAL_MspInit
                0x0000000008000e64       0x44 ./Core/Src/stm32f1xx_hal_msp.o
                0x0000000008000e64                HAL_MspInit
 .text.HAL_CAN_MspInit
                0x0000000008000ea8       0x98 ./Core/Src/stm32f1xx_hal_msp.o
                0x0000000008000ea8                HAL_CAN_MspInit
 .text.HAL_I2C_MspInit
                0x0000000008000f40       0x7c ./Core/Src/stm32f1xx_hal_msp.o
                0x0000000008000f40                HAL_I2C_MspInit
 .text.HAL_UART_MspInit
                0x0000000008000fbc       0x98 ./Core/Src/stm32f1xx_hal_msp.o
                0x0000000008000fbc                HAL_UART_MspInit
 .text.NMI_Handler
                0x0000000008001054        0x6 ./Core/Src/stm32f1xx_it.o
                0x0000000008001054                NMI_Handler
 .text.HardFault_Handler
                0x000000000800105a        0x6 ./Core/Src/stm32f1xx_it.o
                0x000000000800105a                HardFault_Handler
 .text.MemManage_Handler
                0x0000000008001060        0x6 ./Core/Src/stm32f1xx_it.o
                0x0000000008001060                MemManage_Handler
 .text.BusFault_Handler
                0x0000000008001066        0x6 ./Core/Src/stm32f1xx_it.o
                0x0000000008001066                BusFault_Handler
 .text.UsageFault_Handler
                0x000000000800106c        0x6 ./Core/Src/stm32f1xx_it.o
                0x000000000800106c                UsageFault_Handler
 .text.SVC_Handler
                0x0000000008001072        0xc ./Core/Src/stm32f1xx_it.o
                0x0000000008001072                SVC_Handler
 .text.DebugMon_Handler
                0x000000000800107e        0xc ./Core/Src/stm32f1xx_it.o
                0x000000000800107e                DebugMon_Handler
 .text.PendSV_Handler
                0x000000000800108a        0xc ./Core/Src/stm32f1xx_it.o
                0x000000000800108a                PendSV_Handler
 .text.SysTick_Handler
                0x0000000008001096        0xc ./Core/Src/stm32f1xx_it.o
                0x0000000008001096                SysTick_Handler
 .text._getpid  0x00000000080010a2        0xe ./Core/Src/syscalls.o
                0x00000000080010a2                _getpid
 .text._kill    0x00000000080010b0       0x20 ./Core/Src/syscalls.o
                0x00000000080010b0                _kill
 .text._exit    0x00000000080010d0       0x14 ./Core/Src/syscalls.o
                0x00000000080010d0                _exit
 .text._read    0x00000000080010e4       0x3a ./Core/Src/syscalls.o
                0x00000000080010e4                _read
 .text._write   0x000000000800111e       0x38 ./Core/Src/syscalls.o
                0x000000000800111e                _write
 .text._close   0x0000000008001156       0x16 ./Core/Src/syscalls.o
                0x0000000008001156                _close
 .text._fstat   0x000000000800116c       0x1e ./Core/Src/syscalls.o
                0x000000000800116c                _fstat
 .text._isatty  0x000000000800118a       0x14 ./Core/Src/syscalls.o
                0x000000000800118a                _isatty
 .text._lseek   0x000000000800119e       0x18 ./Core/Src/syscalls.o
                0x000000000800119e                _lseek
 *fill*         0x00000000080011b6        0x2 
 .text._sbrk    0x00000000080011b8       0x6c ./Core/Src/sysmem.o
                0x00000000080011b8                _sbrk
 .text.SystemInit
                0x0000000008001224        0xc ./Core/Src/system_stm32f1xx.o
                0x0000000008001224                SystemInit
 .text.Reset_Handler
                0x0000000008001230       0x48 ./Core/Startup/startup_stm32f103c8tx.o
                0x0000000008001230                Reset_Handler
 .text.Default_Handler
                0x0000000008001278        0x2 ./Core/Startup/startup_stm32f103c8tx.o
                0x0000000008001278                RTC_Alarm_IRQHandler
                0x0000000008001278                EXTI2_IRQHandler
                0x0000000008001278                TIM1_CC_IRQHandler
                0x0000000008001278                PVD_IRQHandler
                0x0000000008001278                EXTI3_IRQHandler
                0x0000000008001278                EXTI0_IRQHandler
                0x0000000008001278                I2C2_EV_IRQHandler
                0x0000000008001278                ADC1_2_IRQHandler
                0x0000000008001278                SPI1_IRQHandler
                0x0000000008001278                TAMPER_IRQHandler
                0x0000000008001278                DMA1_Channel4_IRQHandler
                0x0000000008001278                USART3_IRQHandler
                0x0000000008001278                RTC_IRQHandler
                0x0000000008001278                DMA1_Channel7_IRQHandler
                0x0000000008001278                CAN1_RX1_IRQHandler
                0x0000000008001278                TIM4_IRQHandler
                0x0000000008001278                I2C1_EV_IRQHandler
                0x0000000008001278                DMA1_Channel6_IRQHandler
                0x0000000008001278                TIM3_IRQHandler
                0x0000000008001278                RCC_IRQHandler
                0x0000000008001278                TIM1_TRG_COM_IRQHandler
                0x0000000008001278                DMA1_Channel1_IRQHandler
                0x0000000008001278                Default_Handler
                0x0000000008001278                EXTI15_10_IRQHandler
                0x0000000008001278                EXTI9_5_IRQHandler
                0x0000000008001278                SPI2_IRQHandler
                0x0000000008001278                DMA1_Channel5_IRQHandler
                0x0000000008001278                EXTI4_IRQHandler
                0x0000000008001278                USB_LP_CAN1_RX0_IRQHandler
                0x0000000008001278                USB_HP_CAN1_TX_IRQHandler
                0x0000000008001278                DMA1_Channel3_IRQHandler
                0x0000000008001278                TIM1_UP_IRQHandler
                0x0000000008001278                WWDG_IRQHandler
                0x0000000008001278                TIM2_IRQHandler
                0x0000000008001278                TIM1_BRK_IRQHandler
                0x0000000008001278                EXTI1_IRQHandler
                0x0000000008001278                USART2_IRQHandler
                0x0000000008001278                I2C2_ER_IRQHandler
                0x0000000008001278                DMA1_Channel2_IRQHandler
                0x0000000008001278                CAN1_SCE_IRQHandler
                0x0000000008001278                FLASH_IRQHandler
                0x0000000008001278                USART1_IRQHandler
                0x0000000008001278                I2C1_ER_IRQHandler
                0x0000000008001278                USBWakeUp_IRQHandler
 *fill*         0x000000000800127a        0x2 
 .text.HAL_Init
                0x000000000800127c       0x2c ./Drivers/STM32F1xx_HAL_Driver/Src/stm32f1xx_hal.o
                0x000000000800127c                HAL_Init
 .text.HAL_InitTick
                0x00000000080012a8       0x60 ./Drivers/STM32F1xx_HAL_Driver/Src/stm32f1xx_hal.o
                0x00000000080012a8                HAL_InitTick
 .text.HAL_IncTick
                0x0000000008001308       0x24 ./Drivers/STM32F1xx_HAL_Driver/Src/stm32f1xx_hal.o
                0x0000000008001308                HAL_IncTick
 .text.HAL_GetTick
                0x000000000800132c       0x14 ./Drivers/STM32F1xx_HAL_Driver/Src/stm32f1xx_hal.o
                0x000000000800132c                HAL_GetTick
 .text.HAL_Delay
                0x0000000008001340       0x48 ./Drivers/STM32F1xx_HAL_Driver/Src/stm32f1xx_hal.o
                0x0000000008001340                HAL_Delay
 .text.HAL_CAN_Init
                0x0000000008001388      0x1f6 ./Drivers/STM32F1xx_HAL_Driver/Src/stm32f1xx_hal_can.o
                0x0000000008001388                HAL_CAN_Init
 .text.HAL_CAN_Start
                0x000000000800157e       0x88 ./Drivers/STM32F1xx_HAL_Driver/Src/stm32f1xx_hal_can.o
                0x000000000800157e                HAL_CAN_Start
 .text.HAL_CAN_AddTxMessage
                0x0000000008001606      0x19e ./Drivers/STM32F1xx_HAL_Driver/Src/stm32f1xx_hal_can.o
                0x0000000008001606                HAL_CAN_AddTxMessage
 .text.__NVIC_SetPriorityGrouping
                0x00000000080017a4       0x48 ./Drivers/STM32F1xx_HAL_Driver/Src/stm32f1xx_hal_cortex.o
 .text.__NVIC_GetPriorityGrouping
                0x00000000080017ec       0x1c ./Drivers/STM32F1xx_HAL_Driver/Src/stm32f1xx_hal_cortex.o
 .text.__NVIC_SetPriority
                0x0000000008001808       0x54 ./Drivers/STM32F1xx_HAL_Driver/Src/stm32f1xx_hal_cortex.o
 .text.NVIC_EncodePriority
                0x000000000800185c       0x64 ./Drivers/STM32F1xx_HAL_Driver/Src/stm32f1xx_hal_cortex.o
 .text.SysTick_Config
                0x00000000080018c0       0x44 ./Drivers/STM32F1xx_HAL_Driver/Src/stm32f1xx_hal_cortex.o
 .text.HAL_NVIC_SetPriorityGrouping
                0x0000000008001904       0x16 ./Drivers/STM32F1xx_HAL_Driver/Src/stm32f1xx_hal_cortex.o
                0x0000000008001904                HAL_NVIC_SetPriorityGrouping
 .text.HAL_NVIC_SetPriority
                0x000000000800191a       0x38 ./Drivers/STM32F1xx_HAL_Driver/Src/stm32f1xx_hal_cortex.o
                0x000000000800191a                HAL_NVIC_SetPriority
 .text.HAL_SYSTICK_Config
                0x0000000008001952       0x18 ./Drivers/STM32F1xx_HAL_Driver/Src/stm32f1xx_hal_cortex.o
                0x0000000008001952                HAL_SYSTICK_Config
 *fill*         0x000000000800196a        0x2 
 .text.HAL_GPIO_Init
                0x000000000800196c      0x308 ./Drivers/STM32F1xx_HAL_Driver/Src/stm32f1xx_hal_gpio.o
                0x000000000800196c                HAL_GPIO_Init
 .text.HAL_GPIO_WritePin
                0x0000000008001c74       0x30 ./Drivers/STM32F1xx_HAL_Driver/Src/stm32f1xx_hal_gpio.o
                0x0000000008001c74                HAL_GPIO_WritePin
 .text.HAL_I2C_Init
                0x0000000008001ca4      0x288 ./Drivers/STM32F1xx_HAL_Driver/Src/stm32f1xx_hal_i2c.o
                0x0000000008001ca4                HAL_I2C_Init
 .text.HAL_I2C_Master_Transmit
                0x0000000008001f2c      0x1fc ./Drivers/STM32F1xx_HAL_Driver/Src/stm32f1xx_hal_i2c.o
                0x0000000008001f2c                HAL_I2C_Master_Transmit
 .text.HAL_I2C_Master_Receive
                0x0000000008002128      0x4d8 ./Drivers/STM32F1xx_HAL_Driver/Src/stm32f1xx_hal_i2c.o
                0x0000000008002128                HAL_I2C_Master_Receive
 .text.I2C_MasterRequestWrite
                0x0000000008002600      0x104 ./Drivers/STM32F1xx_HAL_Driver/Src/stm32f1xx_hal_i2c.o
 .text.I2C_MasterRequestRead
                0x0000000008002704      0x19c ./Drivers/STM32F1xx_HAL_Driver/Src/stm32f1xx_hal_i2c.o
 .text.I2C_WaitOnFlagUntilTimeout
                0x00000000080028a0       0xf4 ./Drivers/STM32F1xx_HAL_Driver/Src/stm32f1xx_hal_i2c.o
 .text.I2C_WaitOnMasterAddressFlagUntilTimeout
                0x0000000008002994      0x140 ./Drivers/STM32F1xx_HAL_Driver/Src/stm32f1xx_hal_i2c.o
 .text.I2C_WaitOnTXEFlagUntilTimeout
                0x0000000008002ad4       0x90 ./Drivers/STM32F1xx_HAL_Driver/Src/stm32f1xx_hal_i2c.o
 .text.I2C_WaitOnBTFFlagUntilTimeout
                0x0000000008002b64       0x90 ./Drivers/STM32F1xx_HAL_Driver/Src/stm32f1xx_hal_i2c.o
 .text.I2C_WaitOnRXNEFlagUntilTimeout
                0x0000000008002bf4       0xba ./Drivers/STM32F1xx_HAL_Driver/Src/stm32f1xx_hal_i2c.o
 .text.I2C_IsAcknowledgeFailed
                0x0000000008002cae       0x5c ./Drivers/STM32F1xx_HAL_Driver/Src/stm32f1xx_hal_i2c.o
 *fill*         0x0000000008002d0a        0x2 
 .text.HAL_RCC_OscConfig
                0x0000000008002d0c      0x504 ./Drivers/STM32F1xx_HAL_Driver/Src/stm32f1xx_hal_rcc.o
                0x0000000008002d0c                HAL_RCC_OscConfig
 .text.HAL_RCC_ClockConfig
                0x0000000008003210      0x1d4 ./Drivers/STM32F1xx_HAL_Driver/Src/stm32f1xx_hal_rcc.o
                0x0000000008003210                HAL_RCC_ClockConfig
 .text.HAL_RCC_GetSysClockFreq
                0x00000000080033e4       0xa8 ./Drivers/STM32F1xx_HAL_Driver/Src/stm32f1xx_hal_rcc.o
                0x00000000080033e4                HAL_RCC_GetSysClockFreq
 .text.HAL_RCC_GetHCLKFreq
                0x000000000800348c       0x14 ./Drivers/STM32F1xx_HAL_Driver/Src/stm32f1xx_hal_rcc.o
                0x000000000800348c                HAL_RCC_GetHCLKFreq
 .text.HAL_RCC_GetPCLK1Freq
                0x00000000080034a0       0x28 ./Drivers/STM32F1xx_HAL_Driver/Src/stm32f1xx_hal_rcc.o
                0x00000000080034a0                HAL_RCC_GetPCLK1Freq
 .text.HAL_RCC_GetPCLK2Freq
                0x00000000080034c8       0x28 ./Drivers/STM32F1xx_HAL_Driver/Src/stm32f1xx_hal_rcc.o
                0x00000000080034c8                HAL_RCC_GetPCLK2Freq
 .text.RCC_Delay
                0x00000000080034f0       0x3c ./Drivers/STM32F1xx_HAL_Driver/Src/stm32f1xx_hal_rcc.o
 .text.HAL_UART_Init
                0x000000000800352c       0xa0 ./Drivers/STM32F1xx_HAL_Driver/Src/stm32f1xx_hal_uart.o
                0x000000000800352c                HAL_UART_Init
 .text.HAL_UART_Transmit
                0x00000000080035cc      0x106 ./Drivers/STM32F1xx_HAL_Driver/Src/stm32f1xx_hal_uart.o
                0x00000000080035cc                HAL_UART_Transmit
 .text.UART_WaitOnFlagUntilTimeout
                0x00000000080036d2       0xdc ./Drivers/STM32F1xx_HAL_Driver/Src/stm32f1xx_hal_uart.o
 *fill*         0x00000000080037ae        0x2 
 .text.UART_SetConfig
                0x00000000080037b0      0x11c ./Drivers/STM32F1xx_HAL_Driver/Src/stm32f1xx_hal_uart.o
 .text.VL53L1_DataInit
                0x00000000080038cc       0x72 ./Drivers/VL53L1X/core/src/vl53l1_api.o
                0x00000000080038cc                VL53L1_DataInit
 .text.VL53L1_StaticInit
                0x000000000800393e       0x3e ./Drivers/VL53L1X/core/src/vl53l1_api.o
                0x000000000800393e                VL53L1_StaticInit
 .text.VL53L1_WaitDeviceBooted
                0x000000000800397c       0x26 ./Drivers/VL53L1X/core/src/vl53l1_api.o
                0x000000000800397c                VL53L1_WaitDeviceBooted
 *fill*         0x00000000080039a2        0x2 
 .text.ComputeDevicePresetMode
                0x00000000080039a4       0xcc ./Drivers/VL53L1X/core/src/vl53l1_api.o
 .text.SetPresetMode
                0x0000000008003a70       0xde ./Drivers/VL53L1X/core/src/vl53l1_api.o
 .text.VL53L1_SetPresetMode
                0x0000000008003b4e       0x8a ./Drivers/VL53L1X/core/src/vl53l1_api.o
                0x0000000008003b4e                VL53L1_SetPresetMode
 .text.VL53L1_SetDistanceMode
                0x0000000008003bd8       0xea ./Drivers/VL53L1X/core/src/vl53l1_api.o
                0x0000000008003bd8                VL53L1_SetDistanceMode
 *fill*         0x0000000008003cc2        0x2 
 .text.VL53L1_SetMeasurementTimingBudgetMicroSeconds
                0x0000000008003cc4      0x1c0 ./Drivers/VL53L1X/core/src/vl53l1_api.o
                0x0000000008003cc4                VL53L1_SetMeasurementTimingBudgetMicroSeconds
 .text.VL53L1_GetMeasurementTimingBudgetMicroSeconds
                0x0000000008003e84      0x154 ./Drivers/VL53L1X/core/src/vl53l1_api.o
                0x0000000008003e84                VL53L1_GetMeasurementTimingBudgetMicroSeconds
 .text.VL53L1_SetInterMeasurementPeriodMilliSeconds
                0x0000000008003fd8       0x40 ./Drivers/VL53L1X/core/src/vl53l1_api.o
                0x0000000008003fd8                VL53L1_SetInterMeasurementPeriodMilliSeconds
 .text.VL53L1_GetInterMeasurementPeriodMilliSeconds
                0x0000000008004018       0x48 ./Drivers/VL53L1X/core/src/vl53l1_api.o
                0x0000000008004018                VL53L1_GetInterMeasurementPeriodMilliSeconds
 .text.SetLimitValue
                0x0000000008004060       0x52 ./Drivers/VL53L1X/core/src/vl53l1_api.o
 .text.VL53L1_SetLimitCheckEnable
                0x00000000080040b2       0x7c ./Drivers/VL53L1X/core/src/vl53l1_api.o
                0x00000000080040b2                VL53L1_SetLimitCheckEnable
 .text.VL53L1_GetLimitCheckEnable
                0x000000000800412e       0x44 ./Drivers/VL53L1X/core/src/vl53l1_api.o
                0x000000000800412e                VL53L1_GetLimitCheckEnable
 .text.VL53L1_GetLimitCheckValue
                0x0000000008004172       0xb2 ./Drivers/VL53L1X/core/src/vl53l1_api.o
                0x0000000008004172                VL53L1_GetLimitCheckValue
 .text.VL53L1_GetSequenceStepEnable
                0x0000000008004224       0x2e ./Drivers/VL53L1X/core/src/vl53l1_api.o
                0x0000000008004224                VL53L1_GetSequenceStepEnable
 *fill*         0x0000000008004252        0x2 
 .text.VL53L1_StartMeasurement
                0x0000000008004254       0xd8 ./Drivers/VL53L1X/core/src/vl53l1_api.o
                0x0000000008004254                VL53L1_StartMeasurement
 .text.VL53L1_ClearInterruptAndStartMeasurement
                0x000000000800432c       0x2c ./Drivers/VL53L1X/core/src/vl53l1_api.o
                0x000000000800432c                VL53L1_ClearInterruptAndStartMeasurement
 .text.VL53L1_WaitMeasurementDataReady
                0x0000000008004358       0x26 ./Drivers/VL53L1X/core/src/vl53l1_api.o
                0x0000000008004358                VL53L1_WaitMeasurementDataReady
 *fill*         0x000000000800437e        0x2 
 .text.ComputeRQL
                0x0000000008004380       0xec ./Drivers/VL53L1X/core/src/vl53l1_api.o
 .text.ConvertStatusLite
                0x000000000800446c       0xa0 ./Drivers/VL53L1X/core/src/vl53l1_api.o
 .text.SetSimpleData
                0x000000000800450c      0x1c0 ./Drivers/VL53L1X/core/src/vl53l1_api.o
 .text.VL53L1_GetRangingMeasurementData
                0x00000000080046cc       0x78 ./Drivers/VL53L1X/core/src/vl53l1_api.o
                0x00000000080046cc                VL53L1_GetRangingMeasurementData
 .text.VL53L1_LoadPatch
                0x0000000008004744      0x250 ./Drivers/VL53L1X/core/src/vl53l1_api.o
 .text.VL53L1_data_init
                0x0000000008004994      0x13a ./Drivers/VL53L1X/core/src/vl53l1_api_core.o
                0x0000000008004994                VL53L1_data_init
 .text.VL53L1_read_p2p_data
                0x0000000008004ace      0x100 ./Drivers/VL53L1X/core/src/vl53l1_api_core.o
                0x0000000008004ace                VL53L1_read_p2p_data
 .text.VL53L1_set_inter_measurement_period_ms
                0x0000000008004bce       0x50 ./Drivers/VL53L1X/core/src/vl53l1_api_core.o
                0x0000000008004bce                VL53L1_set_inter_measurement_period_ms
 .text.VL53L1_get_inter_measurement_period_ms
                0x0000000008004c1e       0x4a ./Drivers/VL53L1X/core/src/vl53l1_api_core.o
                0x0000000008004c1e                VL53L1_get_inter_measurement_period_ms
 .text.VL53L1_set_timeouts_us
                0x0000000008004c68       0x70 ./Drivers/VL53L1X/core/src/vl53l1_api_core.o
                0x0000000008004c68                VL53L1_set_timeouts_us
 .text.VL53L1_get_timeouts_us
                0x0000000008004cd8       0xd6 ./Drivers/VL53L1X/core/src/vl53l1_api_core.o
                0x0000000008004cd8                VL53L1_get_timeouts_us
 .text.VL53L1_get_sequence_config_bit
                0x0000000008004dae       0x6c ./Drivers/VL53L1X/core/src/vl53l1_api_core.o
                0x0000000008004dae                VL53L1_get_sequence_config_bit
 .text.VL53L1_set_user_zone
                0x0000000008004e1a       0x46 ./Drivers/VL53L1X/core/src/vl53l1_api_core.o
                0x0000000008004e1a                VL53L1_set_user_zone
 .text.VL53L1_get_user_zone
                0x0000000008004e60       0x44 ./Drivers/VL53L1X/core/src/vl53l1_api_core.o
                0x0000000008004e60                VL53L1_get_user_zone
 .text.VL53L1_get_mode_mitigation_roi
                0x0000000008004ea4       0x68 ./Drivers/VL53L1X/core/src/vl53l1_api_core.o
                0x0000000008004ea4                VL53L1_get_mode_mitigation_roi
 .text.VL53L1_get_preset_mode_timing_cfg
                0x0000000008004f0c      0x154 ./Drivers/VL53L1X/core/src/vl53l1_api_core.o
                0x0000000008004f0c                VL53L1_get_preset_mode_timing_cfg
 .text.VL53L1_set_preset_mode
                0x0000000008005060      0x2ec ./Drivers/VL53L1X/core/src/vl53l1_api_core.o
                0x0000000008005060                VL53L1_set_preset_mode
 .text.VL53L1_get_lite_sigma_threshold
                0x000000000800534c       0x2a ./Drivers/VL53L1X/core/src/vl53l1_api_core.o
                0x000000000800534c                VL53L1_get_lite_sigma_threshold
 .text.VL53L1_set_lite_sigma_threshold
                0x0000000008005376       0x2a ./Drivers/VL53L1X/core/src/vl53l1_api_core.o
                0x0000000008005376                VL53L1_set_lite_sigma_threshold
 .text.VL53L1_get_lite_min_count_rate
                0x00000000080053a0       0x2a ./Drivers/VL53L1X/core/src/vl53l1_api_core.o
                0x00000000080053a0                VL53L1_get_lite_min_count_rate
 .text.VL53L1_set_lite_min_count_rate
                0x00000000080053ca       0x2a ./Drivers/VL53L1X/core/src/vl53l1_api_core.o
                0x00000000080053ca                VL53L1_set_lite_min_count_rate
 .text.VL53L1_set_vhv_loopbound
                0x00000000080053f4       0x3e ./Drivers/VL53L1X/core/src/vl53l1_api_core.o
                0x00000000080053f4                VL53L1_set_vhv_loopbound
 *fill*         0x0000000008005432        0x2 
 .text.VL53L1_init_and_start_range
                0x0000000008005434      0x4c4 ./Drivers/VL53L1X/core/src/vl53l1_api_core.o
                0x0000000008005434                VL53L1_init_and_start_range
 .text.VL53L1_get_measurement_results
                0x00000000080058f8      0x178 ./Drivers/VL53L1X/core/src/vl53l1_api_core.o
                0x00000000080058f8                VL53L1_get_measurement_results
 .text.VL53L1_get_device_results
                0x0000000008005a70       0xe0 ./Drivers/VL53L1X/core/src/vl53l1_api_core.o
                0x0000000008005a70                VL53L1_get_device_results
 .text.VL53L1_clear_interrupt_and_enable_next_range
                0x0000000008005b50       0x34 ./Drivers/VL53L1X/core/src/vl53l1_api_core.o
                0x0000000008005b50                VL53L1_clear_interrupt_and_enable_next_range
 .text.VL53L1_copy_sys_and_core_results_to_range_results
                0x0000000008005b84      0x234 ./Drivers/VL53L1X/core/src/vl53l1_api_core.o
                0x0000000008005b84                VL53L1_copy_sys_and_core_results_to_range_results
 .text.VL53L1_get_tuning_parm
                0x0000000008005db8      0x448 ./Drivers/VL53L1X/core/src/vl53l1_api_core.o
                0x0000000008005db8                VL53L1_get_tuning_parm
 .text.VL53L1_init_refspadchar_config_struct
                0x0000000008006200       0x46 ./Drivers/VL53L1X/core/src/vl53l1_api_preset_modes.o
                0x0000000008006200                VL53L1_init_refspadchar_config_struct
 .text.VL53L1_init_ssc_config_struct
                0x0000000008006246       0x40 ./Drivers/VL53L1X/core/src/vl53l1_api_preset_modes.o
                0x0000000008006246                VL53L1_init_ssc_config_struct
 .text.VL53L1_init_xtalk_config_struct
                0x0000000008006286       0xc4 ./Drivers/VL53L1X/core/src/vl53l1_api_preset_modes.o
                0x0000000008006286                VL53L1_init_xtalk_config_struct
 .text.VL53L1_init_offset_cal_config_struct
                0x000000000800634a       0x4c ./Drivers/VL53L1X/core/src/vl53l1_api_preset_modes.o
                0x000000000800634a                VL53L1_init_offset_cal_config_struct
 .text.VL53L1_init_tuning_parm_storage_struct
                0x0000000008006396      0x11c ./Drivers/VL53L1X/core/src/vl53l1_api_preset_modes.o
                0x0000000008006396                VL53L1_init_tuning_parm_storage_struct
 .text.VL53L1_preset_mode_standard_ranging
                0x00000000080064b2      0x23a ./Drivers/VL53L1X/core/src/vl53l1_api_preset_modes.o
                0x00000000080064b2                VL53L1_preset_mode_standard_ranging
 .text.VL53L1_preset_mode_standard_ranging_short_range
                0x00000000080066ec       0x82 ./Drivers/VL53L1X/core/src/vl53l1_api_preset_modes.o
                0x00000000080066ec                VL53L1_preset_mode_standard_ranging_short_range
 .text.VL53L1_preset_mode_standard_ranging_long_range
                0x000000000800676e       0x82 ./Drivers/VL53L1X/core/src/vl53l1_api_preset_modes.o
                0x000000000800676e                VL53L1_preset_mode_standard_ranging_long_range
 .text.VL53L1_preset_mode_standard_ranging_mm1_cal
                0x00000000080067f0       0x4a ./Drivers/VL53L1X/core/src/vl53l1_api_preset_modes.o
                0x00000000080067f0                VL53L1_preset_mode_standard_ranging_mm1_cal
 .text.VL53L1_preset_mode_standard_ranging_mm2_cal
                0x000000000800683a       0x4a ./Drivers/VL53L1X/core/src/vl53l1_api_preset_modes.o
                0x000000000800683a                VL53L1_preset_mode_standard_ranging_mm2_cal
 .text.VL53L1_preset_mode_timed_ranging
                0x0000000008006884       0x74 ./Drivers/VL53L1X/core/src/vl53l1_api_preset_modes.o
                0x0000000008006884                VL53L1_preset_mode_timed_ranging
 .text.VL53L1_preset_mode_timed_ranging_short_range
                0x00000000080068f8       0x74 ./Drivers/VL53L1X/core/src/vl53l1_api_preset_modes.o
                0x00000000080068f8                VL53L1_preset_mode_timed_ranging_short_range
 .text.VL53L1_preset_mode_timed_ranging_long_range
                0x000000000800696c       0x74 ./Drivers/VL53L1X/core/src/vl53l1_api_preset_modes.o
                0x000000000800696c                VL53L1_preset_mode_timed_ranging_long_range
 .text.VL53L1_preset_mode_low_power_auto_ranging
                0x00000000080069e0       0x4c ./Drivers/VL53L1X/core/src/vl53l1_api_preset_modes.o
                0x00000000080069e0                VL53L1_preset_mode_low_power_auto_ranging
 .text.VL53L1_preset_mode_low_power_auto_short_ranging
                0x0000000008006a2c       0x4c ./Drivers/VL53L1X/core/src/vl53l1_api_preset_modes.o
                0x0000000008006a2c                VL53L1_preset_mode_low_power_auto_short_ranging
 .text.VL53L1_preset_mode_low_power_auto_long_ranging
                0x0000000008006a78       0x4c ./Drivers/VL53L1X/core/src/vl53l1_api_preset_modes.o
                0x0000000008006a78                VL53L1_preset_mode_low_power_auto_long_ranging
 .text.VL53L1_preset_mode_singleshot_ranging
                0x0000000008006ac4       0x6c ./Drivers/VL53L1X/core/src/vl53l1_api_preset_modes.o
                0x0000000008006ac4                VL53L1_preset_mode_singleshot_ranging
 .text.VL53L1_preset_mode_olt
                0x0000000008006b30       0x44 ./Drivers/VL53L1X/core/src/vl53l1_api_preset_modes.o
                0x0000000008006b30                VL53L1_preset_mode_olt
 .text.VL53L1_init_version
                0x0000000008006b74       0x36 ./Drivers/VL53L1X/core/src/vl53l1_core.o
                0x0000000008006b74                VL53L1_init_version
 .text.VL53L1_init_ll_driver_state
                0x0000000008006baa       0x50 ./Drivers/VL53L1X/core/src/vl53l1_core.o
                0x0000000008006baa                VL53L1_init_ll_driver_state
 *fill*         0x0000000008006bfa        0x2 
 .text.VL53L1_update_ll_driver_rd_state
                0x0000000008006bfc      0x110 ./Drivers/VL53L1X/core/src/vl53l1_core.o
                0x0000000008006bfc                VL53L1_update_ll_driver_rd_state
 .text.VL53L1_check_ll_driver_rd_state
                0x0000000008006d0c       0x94 ./Drivers/VL53L1X/core/src/vl53l1_core.o
                0x0000000008006d0c                VL53L1_check_ll_driver_rd_state
 .text.VL53L1_update_ll_driver_cfg_state
                0x0000000008006da0       0xca ./Drivers/VL53L1X/core/src/vl53l1_core.o
                0x0000000008006da0                VL53L1_update_ll_driver_cfg_state
 .text.VL53L1_copy_rtn_good_spads_to_buffer
                0x0000000008006e6a      0x172 ./Drivers/VL53L1X/core/src/vl53l1_core.o
                0x0000000008006e6a                VL53L1_copy_rtn_good_spads_to_buffer
 .text.VL53L1_i2c_encode_uint16_t
                0x0000000008006fdc       0x54 ./Drivers/VL53L1X/core/src/vl53l1_core.o
                0x0000000008006fdc                VL53L1_i2c_encode_uint16_t
 .text.VL53L1_i2c_decode_uint16_t
                0x0000000008007030       0x3e ./Drivers/VL53L1X/core/src/vl53l1_core.o
                0x0000000008007030                VL53L1_i2c_decode_uint16_t
 .text.VL53L1_i2c_encode_int16_t
                0x000000000800706e       0x56 ./Drivers/VL53L1X/core/src/vl53l1_core.o
                0x000000000800706e                VL53L1_i2c_encode_int16_t
 .text.VL53L1_i2c_decode_int16_t
                0x00000000080070c4       0x50 ./Drivers/VL53L1X/core/src/vl53l1_core.o
                0x00000000080070c4                VL53L1_i2c_decode_int16_t
 .text.VL53L1_i2c_encode_uint32_t
                0x0000000008007114       0x52 ./Drivers/VL53L1X/core/src/vl53l1_core.o
                0x0000000008007114                VL53L1_i2c_encode_uint32_t
 .text.VL53L1_i2c_decode_uint32_t
                0x0000000008007166       0x38 ./Drivers/VL53L1X/core/src/vl53l1_core.o
                0x0000000008007166                VL53L1_i2c_decode_uint32_t
 .text.VL53L1_i2c_decode_int32_t
                0x000000000800719e       0x48 ./Drivers/VL53L1X/core/src/vl53l1_core.o
                0x000000000800719e                VL53L1_i2c_decode_int32_t
 .text.VL53L1_set_powerforce_register
                0x00000000080071e6       0x3c ./Drivers/VL53L1X/core/src/vl53l1_core.o
                0x00000000080071e6                VL53L1_set_powerforce_register
 .text.VL53L1_enable_powerforce
                0x0000000008007222       0x24 ./Drivers/VL53L1X/core/src/vl53l1_core.o
                0x0000000008007222                VL53L1_enable_powerforce
 .text.VL53L1_calc_macro_period_us
                0x0000000008007246       0x5e ./Drivers/VL53L1X/core/src/vl53l1_core.o
                0x0000000008007246                VL53L1_calc_macro_period_us
 .text.VL53L1_calc_range_ignore_threshold
                0x00000000080072a4       0xc4 ./Drivers/VL53L1X/core/src/vl53l1_core.o
                0x00000000080072a4                VL53L1_calc_range_ignore_threshold
 .text.VL53L1_calc_timeout_mclks
                0x0000000008007368       0x2c ./Drivers/VL53L1X/core/src/vl53l1_core.o
                0x0000000008007368                VL53L1_calc_timeout_mclks
 .text.VL53L1_calc_encoded_timeout
                0x0000000008007394       0x30 ./Drivers/VL53L1X/core/src/vl53l1_core.o
                0x0000000008007394                VL53L1_calc_encoded_timeout
 .text.VL53L1_calc_timeout_us
                0x00000000080073c4       0x80 ./Drivers/VL53L1X/core/src/vl53l1_core.o
                0x00000000080073c4                VL53L1_calc_timeout_us
 .text.VL53L1_calc_decoded_timeout_us
                0x0000000008007444       0x32 ./Drivers/VL53L1X/core/src/vl53l1_core.o
                0x0000000008007444                VL53L1_calc_decoded_timeout_us
 .text.VL53L1_encode_timeout
                0x0000000008007476       0x56 ./Drivers/VL53L1X/core/src/vl53l1_core.o
                0x0000000008007476                VL53L1_encode_timeout
 .text.VL53L1_decode_timeout
                0x00000000080074cc       0x2a ./Drivers/VL53L1X/core/src/vl53l1_core.o
                0x00000000080074cc                VL53L1_decode_timeout
 .text.VL53L1_calc_timeout_register_values
                0x00000000080074f6       0xf2 ./Drivers/VL53L1X/core/src/vl53l1_core.o
                0x00000000080074f6                VL53L1_calc_timeout_register_values
 .text.VL53L1_encode_row_col
                0x00000000080075e8       0x4c ./Drivers/VL53L1X/core/src/vl53l1_core.o
                0x00000000080075e8                VL53L1_encode_row_col
 .text.VL53L1_decode_zone_size
                0x0000000008007634       0x2e ./Drivers/VL53L1X/core/src/vl53l1_core.o
                0x0000000008007634                VL53L1_decode_zone_size
 .text.VL53L1_encode_zone_size
                0x0000000008007662       0x2a ./Drivers/VL53L1X/core/src/vl53l1_core.o
                0x0000000008007662                VL53L1_encode_zone_size
 .text.VL53L1_low_power_auto_data_init
                0x000000000800768c       0x66 ./Drivers/VL53L1X/core/src/vl53l1_core.o
                0x000000000800768c                VL53L1_low_power_auto_data_init
 .text.VL53L1_config_low_power_auto_mode
                0x00000000080076f2       0x30 ./Drivers/VL53L1X/core/src/vl53l1_core.o
                0x00000000080076f2                VL53L1_config_low_power_auto_mode
 .text.VL53L1_low_power_auto_setup_manual_calibration
                0x0000000008007722       0x88 ./Drivers/VL53L1X/core/src/vl53l1_core.o
                0x0000000008007722                VL53L1_low_power_auto_setup_manual_calibration
 .text.VL53L1_calc_pll_period_us
                0x00000000080077aa       0x26 ./Drivers/VL53L1X/core/src/vl53l1_core_support.o
                0x00000000080077aa                VL53L1_calc_pll_period_us
 .text.VL53L1_decode_vcsel_period
                0x00000000080077d0       0x24 ./Drivers/VL53L1X/core/src/vl53l1_core_support.o
                0x00000000080077d0                VL53L1_decode_vcsel_period
 .text.VL53L1_decode_row_col
                0x00000000080077f4       0x5c ./Drivers/VL53L1X/core/src/vl53l1_core_support.o
                0x00000000080077f4                VL53L1_decode_row_col
 .text.VL53L1_i2c_encode_static_nvm_managed
                0x0000000008007850       0xb6 ./Drivers/VL53L1X/core/src/vl53l1_register_funcs.o
                0x0000000008007850                VL53L1_i2c_encode_static_nvm_managed
 .text.VL53L1_i2c_decode_static_nvm_managed
                0x0000000008007906       0xb4 ./Drivers/VL53L1X/core/src/vl53l1_register_funcs.o
                0x0000000008007906                VL53L1_i2c_decode_static_nvm_managed
 .text.VL53L1_get_static_nvm_managed
                0x00000000080079ba       0x4e ./Drivers/VL53L1X/core/src/vl53l1_register_funcs.o
                0x00000000080079ba                VL53L1_get_static_nvm_managed
 .text.VL53L1_i2c_encode_customer_nvm_managed
                0x0000000008007a08      0x114 ./Drivers/VL53L1X/core/src/vl53l1_register_funcs.o
                0x0000000008007a08                VL53L1_i2c_encode_customer_nvm_managed
 .text.VL53L1_i2c_decode_customer_nvm_managed
                0x0000000008007b1c      0x11a ./Drivers/VL53L1X/core/src/vl53l1_register_funcs.o
                0x0000000008007b1c                VL53L1_i2c_decode_customer_nvm_managed
 .text.VL53L1_get_customer_nvm_managed
                0x0000000008007c36       0x4e ./Drivers/VL53L1X/core/src/vl53l1_register_funcs.o
                0x0000000008007c36                VL53L1_get_customer_nvm_managed
 .text.VL53L1_i2c_encode_static_config
                0x0000000008007c84      0x1c6 ./Drivers/VL53L1X/core/src/vl53l1_register_funcs.o
                0x0000000008007c84                VL53L1_i2c_encode_static_config
 .text.VL53L1_i2c_encode_general_config
                0x0000000008007e4a      0x108 ./Drivers/VL53L1X/core/src/vl53l1_register_funcs.o
                0x0000000008007e4a                VL53L1_i2c_encode_general_config
 .text.VL53L1_i2c_encode_timing_config
                0x0000000008007f52      0x104 ./Drivers/VL53L1X/core/src/vl53l1_register_funcs.o
                0x0000000008007f52                VL53L1_i2c_encode_timing_config
 .text.VL53L1_i2c_encode_dynamic_config
                0x0000000008008056      0x10a ./Drivers/VL53L1X/core/src/vl53l1_register_funcs.o
                0x0000000008008056                VL53L1_i2c_encode_dynamic_config
 .text.VL53L1_i2c_encode_system_control
                0x0000000008008160       0x74 ./Drivers/VL53L1X/core/src/vl53l1_register_funcs.o
                0x0000000008008160                VL53L1_i2c_encode_system_control
 .text.VL53L1_i2c_decode_system_results
                0x00000000080081d4      0x1ec ./Drivers/VL53L1X/core/src/vl53l1_register_funcs.o
                0x00000000080081d4                VL53L1_i2c_decode_system_results
 .text.VL53L1_i2c_decode_core_results
                0x00000000080083c0       0xc2 ./Drivers/VL53L1X/core/src/vl53l1_register_funcs.o
                0x00000000080083c0                VL53L1_i2c_decode_core_results
 .text.VL53L1_i2c_decode_debug_results
                0x0000000008008482      0x2e4 ./Drivers/VL53L1X/core/src/vl53l1_register_funcs.o
                0x0000000008008482                VL53L1_i2c_decode_debug_results
 .text.VL53L1_i2c_decode_nvm_copy_data
                0x0000000008008766      0x24c ./Drivers/VL53L1X/core/src/vl53l1_register_funcs.o
                0x0000000008008766                VL53L1_i2c_decode_nvm_copy_data
 .text.VL53L1_get_nvm_copy_data
                0x00000000080089b2       0x56 ./Drivers/VL53L1X/core/src/vl53l1_register_funcs.o
                0x00000000080089b2                VL53L1_get_nvm_copy_data
 .text.VL53L1_poll_for_boot_completion
                0x0000000008008a08       0x58 ./Drivers/VL53L1X/core/src/vl53l1_wait.o
                0x0000000008008a08                VL53L1_poll_for_boot_completion
 .text.VL53L1_poll_for_range_completion
                0x0000000008008a60       0x5a ./Drivers/VL53L1X/core/src/vl53l1_wait.o
                0x0000000008008a60                VL53L1_poll_for_range_completion
 .text._I2CWrite
                0x0000000008008aba       0x3e ./Drivers/VL53L1X/platform/src/vl53l1_platform.o
                0x0000000008008aba                _I2CWrite
 .text._I2CRead
                0x0000000008008af8       0x44 ./Drivers/VL53L1X/platform/src/vl53l1_platform.o
                0x0000000008008af8                _I2CRead
 .text.VL53L1_WriteMulti
                0x0000000008008b3c       0x6c ./Drivers/VL53L1X/platform/src/vl53l1_platform.o
                0x0000000008008b3c                VL53L1_WriteMulti
 .text.VL53L1_ReadMulti
                0x0000000008008ba8       0x6c ./Drivers/VL53L1X/platform/src/vl53l1_platform.o
                0x0000000008008ba8                VL53L1_ReadMulti
 .text.VL53L1_WrByte
                0x0000000008008c14       0x54 ./Drivers/VL53L1X/platform/src/vl53l1_platform.o
                0x0000000008008c14                VL53L1_WrByte
 .text.VL53L1_RdByte
                0x0000000008008c68       0x68 ./Drivers/VL53L1X/platform/src/vl53l1_platform.o
                0x0000000008008c68                VL53L1_RdByte
 .text.VL53L1_RdWord
                0x0000000008008cd0       0x80 ./Drivers/VL53L1X/platform/src/vl53l1_platform.o
                0x0000000008008cd0                VL53L1_RdWord
 .text.VL53L1_GetTickCount
                0x0000000008008d50       0x20 ./Drivers/VL53L1X/platform/src/vl53l1_platform.o
                0x0000000008008d50                VL53L1_GetTickCount
 .text.VL53L1_WaitMs
                0x0000000008008d70       0x1c ./Drivers/VL53L1X/platform/src/vl53l1_platform.o
                0x0000000008008d70                VL53L1_WaitMs
 .text.VL53L1_WaitUs
                0x0000000008008d8c       0x2c ./Drivers/VL53L1X/platform/src/vl53l1_platform.o
                0x0000000008008d8c                VL53L1_WaitUs
 .text.VL53L1_WaitValueMaskEx
                0x0000000008008db8      0x154 ./Drivers/VL53L1X/platform/src/vl53l1_platform.o
                0x0000000008008db8                VL53L1_WaitValueMaskEx
 .text.__cvt    0x0000000008008f0c       0xbe C:/ST/STM32CubeIDE_1.12.0/STM32CubeIDE/plugins/com.st.stm32cube.ide.mcu.externaltools.gnu-tools-for-stm32.11.3.rel1.win32_1.1.1.202309131626/tools/bin/../lib/gcc/arm-none-eabi/11.3.1/../../../../arm-none-eabi/lib/thumb/v7-m/nofp\libc_nano.a(libc_a-nano-vfprintf_float.o)
                0x0000000008008f0c                __cvt
 .text.__exponent
                0x0000000008008fca       0x7a C:/ST/STM32CubeIDE_1.12.0/STM32CubeIDE/plugins/com.st.stm32cube.ide.mcu.externaltools.gnu-tools-for-stm32.11.3.rel1.win32_1.1.1.202309131626/tools/bin/../lib/gcc/arm-none-eabi/11.3.1/../../../../arm-none-eabi/lib/thumb/v7-m/nofp\libc_nano.a(libc_a-nano-vfprintf_float.o)
                0x0000000008008fca                __exponent
 .text._printf_float
                0x0000000008009044      0x45c C:/ST/STM32CubeIDE_1.12.0/STM32CubeIDE/plugins/com.st.stm32cube.ide.mcu.externaltools.gnu-tools-for-stm32.11.3.rel1.win32_1.1.1.202309131626/tools/bin/../lib/gcc/arm-none-eabi/11.3.1/../../../../arm-none-eabi/lib/thumb/v7-m/nofp\libc_nano.a(libc_a-nano-vfprintf_float.o)
                0x0000000008009044                _printf_float
 .text._printf_common
                0x00000000080094a0       0xe4 C:/ST/STM32CubeIDE_1.12.0/STM32CubeIDE/plugins/com.st.stm32cube.ide.mcu.externaltools.gnu-tools-for-stm32.11.3.rel1.win32_1.1.1.202309131626/tools/bin/../lib/gcc/arm-none-eabi/11.3.1/../../../../arm-none-eabi/lib/thumb/v7-m/nofp\libc_nano.a(libc_a-nano-vfprintf_i.o)
                0x00000000080094a0                _printf_common
 .text._printf_i
                0x0000000008009584      0x244 C:/ST/STM32CubeIDE_1.12.0/STM32CubeIDE/plugins/com.st.stm32cube.ide.mcu.externaltools.gnu-tools-for-stm32.11.3.rel1.win32_1.1.1.202309131626/tools/bin/../lib/gcc/arm-none-eabi/11.3.1/../../../../arm-none-eabi/lib/thumb/v7-m/nofp\libc_nano.a(libc_a-nano-vfprintf_i.o)
                0x0000000008009584                _printf_i
 .text.std      0x00000000080097c8       0x6c C:/ST/STM32CubeIDE_1.12.0/STM32CubeIDE/plugins/com.st.stm32cube.ide.mcu.externaltools.gnu-tools-for-stm32.11.3.rel1.win32_1.1.1.202309131626/tools/bin/../lib/gcc/arm-none-eabi/11.3.1/../../../../arm-none-eabi/lib/thumb/v7-m/nofp\libc_nano.a(libc_a-findfp.o)
 .text.stdio_exit_handler
                0x0000000008009834       0x18 C:/ST/STM32CubeIDE_1.12.0/STM32CubeIDE/plugins/com.st.stm32cube.ide.mcu.externaltools.gnu-tools-for-stm32.11.3.rel1.win32_1.1.1.202309131626/tools/bin/../lib/gcc/arm-none-eabi/11.3.1/../../../../arm-none-eabi/lib/thumb/v7-m/nofp\libc_nano.a(libc_a-findfp.o)
 .text.cleanup_stdio
                0x000000000800984c       0x40 C:/ST/STM32CubeIDE_1.12.0/STM32CubeIDE/plugins/com.st.stm32cube.ide.mcu.externaltools.gnu-tools-for-stm32.11.3.rel1.win32_1.1.1.202309131626/tools/bin/../lib/gcc/arm-none-eabi/11.3.1/../../../../arm-none-eabi/lib/thumb/v7-m/nofp\libc_nano.a(libc_a-findfp.o)
 .text.global_stdio_init.part.0
                0x000000000800988c       0x3c C:/ST/STM32CubeIDE_1.12.0/STM32CubeIDE/plugins/com.st.stm32cube.ide.mcu.externaltools.gnu-tools-for-stm32.11.3.rel1.win32_1.1.1.202309131626/tools/bin/../lib/gcc/arm-none-eabi/11.3.1/../../../../arm-none-eabi/lib/thumb/v7-m/nofp\libc_nano.a(libc_a-findfp.o)
 .text.__sfp_lock_acquire
                0x00000000080098c8        0xc C:/ST/STM32CubeIDE_1.12.0/STM32CubeIDE/plugins/com.st.stm32cube.ide.mcu.externaltools.gnu-tools-for-stm32.11.3.rel1.win32_1.1.1.202309131626/tools/bin/../lib/gcc/arm-none-eabi/11.3.1/../../../../arm-none-eabi/lib/thumb/v7-m/nofp\libc_nano.a(libc_a-findfp.o)
                0x00000000080098c8                __sfp_lock_acquire
 .text.__sfp_lock_release
                0x00000000080098d4        0xc C:/ST/STM32CubeIDE_1.12.0/STM32CubeIDE/plugins/com.st.stm32cube.ide.mcu.externaltools.gnu-tools-for-stm32.11.3.rel1.win32_1.1.1.202309131626/tools/bin/../lib/gcc/arm-none-eabi/11.3.1/../../../../arm-none-eabi/lib/thumb/v7-m/nofp\libc_nano.a(libc_a-findfp.o)
                0x00000000080098d4                __sfp_lock_release
 .text.__sinit  0x00000000080098e0       0x30 C:/ST/STM32CubeIDE_1.12.0/STM32CubeIDE/plugins/com.st.stm32cube.ide.mcu.externaltools.gnu-tools-for-stm32.11.3.rel1.win32_1.1.1.202309131626/tools/bin/../lib/gcc/arm-none-eabi/11.3.1/../../../../arm-none-eabi/lib/thumb/v7-m/nofp\libc_nano.a(libc_a-findfp.o)
                0x00000000080098e0                __sinit
 .text._fwalk_sglue
                0x0000000008009910       0x3c C:/ST/STM32CubeIDE_1.12.0/STM32CubeIDE/plugins/com.st.stm32cube.ide.mcu.externaltools.gnu-tools-for-stm32.11.3.rel1.win32_1.1.1.202309131626/tools/bin/../lib/gcc/arm-none-eabi/11.3.1/../../../../arm-none-eabi/lib/thumb/v7-m/nofp\libc_nano.a(libc_a-fwalk.o)
                0x0000000008009910                _fwalk_sglue
 .text.sprintf  0x000000000800994c       0x40 C:/ST/STM32CubeIDE_1.12.0/STM32CubeIDE/plugins/com.st.stm32cube.ide.mcu.externaltools.gnu-tools-for-stm32.11.3.rel1.win32_1.1.1.202309131626/tools/bin/../lib/gcc/arm-none-eabi/11.3.1/../../../../arm-none-eabi/lib/thumb/v7-m/nofp\libc_nano.a(libc_a-sprintf.o)
                0x000000000800994c                siprintf
                0x000000000800994c                sprintf
 .text.__sread  0x000000000800998c       0x22 C:/ST/STM32CubeIDE_1.12.0/STM32CubeIDE/plugins/com.st.stm32cube.ide.mcu.externaltools.gnu-tools-for-stm32.11.3.rel1.win32_1.1.1.202309131626/tools/bin/../lib/gcc/arm-none-eabi/11.3.1/../../../../arm-none-eabi/lib/thumb/v7-m/nofp\libc_nano.a(libc_a-stdio.o)
                0x000000000800998c                __sread
 .text.__swrite
                0x00000000080099ae       0x38 C:/ST/STM32CubeIDE_1.12.0/STM32CubeIDE/plugins/com.st.stm32cube.ide.mcu.externaltools.gnu-tools-for-stm32.11.3.rel1.win32_1.1.1.202309131626/tools/bin/../lib/gcc/arm-none-eabi/11.3.1/../../../../arm-none-eabi/lib/thumb/v7-m/nofp\libc_nano.a(libc_a-stdio.o)
                0x00000000080099ae                __swrite
 .text.__sseek  0x00000000080099e6       0x24 C:/ST/STM32CubeIDE_1.12.0/STM32CubeIDE/plugins/com.st.stm32cube.ide.mcu.externaltools.gnu-tools-for-stm32.11.3.rel1.win32_1.1.1.202309131626/tools/bin/../lib/gcc/arm-none-eabi/11.3.1/../../../../arm-none-eabi/lib/thumb/v7-m/nofp\libc_nano.a(libc_a-stdio.o)
                0x00000000080099e6                __sseek
 .text.__sclose
                0x0000000008009a0a        0x8 C:/ST/STM32CubeIDE_1.12.0/STM32CubeIDE/plugins/com.st.stm32cube.ide.mcu.externaltools.gnu-tools-for-stm32.11.3.rel1.win32_1.1.1.202309131626/tools/bin/../lib/gcc/arm-none-eabi/11.3.1/../../../../arm-none-eabi/lib/thumb/v7-m/nofp\libc_nano.a(libc_a-stdio.o)
                0x0000000008009a0a                __sclose
 .text.memset   0x0000000008009a12       0x10 C:/ST/STM32CubeIDE_1.12.0/STM32CubeIDE/plugins/com.st.stm32cube.ide.mcu.externaltools.gnu-tools-for-stm32.11.3.rel1.win32_1.1.1.202309131626/tools/bin/../lib/gcc/arm-none-eabi/11.3.1/../../../../arm-none-eabi/lib/thumb/v7-m/nofp\libc_nano.a(libc_a-memset.o)
                0x0000000008009a12                memset
 .text.strncpy  0x0000000008009a22       0x26 C:/ST/STM32CubeIDE_1.12.0/STM32CubeIDE/plugins/com.st.stm32cube.ide.mcu.externaltools.gnu-tools-for-stm32.11.3.rel1.win32_1.1.1.202309131626/tools/bin/../lib/gcc/arm-none-eabi/11.3.1/../../../../arm-none-eabi/lib/thumb/v7-m/nofp\libc_nano.a(libc_a-strncpy.o)
                0x0000000008009a22                strncpy
 .text._localeconv_r
                0x0000000008009a48        0x8 C:/ST/STM32CubeIDE_1.12.0/STM32CubeIDE/plugins/com.st.stm32cube.ide.mcu.externaltools.gnu-tools-for-stm32.11.3.rel1.win32_1.1.1.202309131626/tools/bin/../lib/gcc/arm-none-eabi/11.3.1/../../../../arm-none-eabi/lib/thumb/v7-m/nofp\libc_nano.a(libc_a-localeconv.o)
                0x0000000008009a48                _localeconv_r
 .text._close_r
                0x0000000008009a50       0x20 C:/ST/STM32CubeIDE_1.12.0/STM32CubeIDE/plugins/com.st.stm32cube.ide.mcu.externaltools.gnu-tools-for-stm32.11.3.rel1.win32_1.1.1.202309131626/tools/bin/../lib/gcc/arm-none-eabi/11.3.1/../../../../arm-none-eabi/lib/thumb/v7-m/nofp\libc_nano.a(libc_a-closer.o)
                0x0000000008009a50                _close_r
 .text._lseek_r
                0x0000000008009a70       0x24 C:/ST/STM32CubeIDE_1.12.0/STM32CubeIDE/plugins/com.st.stm32cube.ide.mcu.externaltools.gnu-tools-for-stm32.11.3.rel1.win32_1.1.1.202309131626/tools/bin/../lib/gcc/arm-none-eabi/11.3.1/../../../../arm-none-eabi/lib/thumb/v7-m/nofp\libc_nano.a(libc_a-lseekr.o)
                0x0000000008009a70                _lseek_r
 .text._read_r  0x0000000008009a94       0x24 C:/ST/STM32CubeIDE_1.12.0/STM32CubeIDE/plugins/com.st.stm32cube.ide.mcu.externaltools.gnu-tools-for-stm32.11.3.rel1.win32_1.1.1.202309131626/tools/bin/../lib/gcc/arm-none-eabi/11.3.1/../../../../arm-none-eabi/lib/thumb/v7-m/nofp\libc_nano.a(libc_a-readr.o)
                0x0000000008009a94                _read_r
 .text._write_r
                0x0000000008009ab8       0x24 C:/ST/STM32CubeIDE_1.12.0/STM32CubeIDE/plugins/com.st.stm32cube.ide.mcu.externaltools.gnu-tools-for-stm32.11.3.rel1.win32_1.1.1.202309131626/tools/bin/../lib/gcc/arm-none-eabi/11.3.1/../../../../arm-none-eabi/lib/thumb/v7-m/nofp\libc_nano.a(libc_a-writer.o)
                0x0000000008009ab8                _write_r
 .text.__errno  0x0000000008009adc        0xc C:/ST/STM32CubeIDE_1.12.0/STM32CubeIDE/plugins/com.st.stm32cube.ide.mcu.externaltools.gnu-tools-for-stm32.11.3.rel1.win32_1.1.1.202309131626/tools/bin/../lib/gcc/arm-none-eabi/11.3.1/../../../../arm-none-eabi/lib/thumb/v7-m/nofp\libc_nano.a(libc_a-errno.o)
                0x0000000008009adc                __errno
 .text.__libc_init_array
                0x0000000008009ae8       0x48 C:/ST/STM32CubeIDE_1.12.0/STM32CubeIDE/plugins/com.st.stm32cube.ide.mcu.externaltools.gnu-tools-for-stm32.11.3.rel1.win32_1.1.1.202309131626/tools/bin/../lib/gcc/arm-none-eabi/11.3.1/../../../../arm-none-eabi/lib/thumb/v7-m/nofp\libc_nano.a(libc_a-init.o)
                0x0000000008009ae8                __libc_init_array
 .text.__retarget_lock_init_recursive
                0x0000000008009b30        0x2 C:/ST/STM32CubeIDE_1.12.0/STM32CubeIDE/plugins/com.st.stm32cube.ide.mcu.externaltools.gnu-tools-for-stm32.11.3.rel1.win32_1.1.1.202309131626/tools/bin/../lib/gcc/arm-none-eabi/11.3.1/../../../../arm-none-eabi/lib/thumb/v7-m/nofp\libc_nano.a(libc_a-lock.o)
                0x0000000008009b30                __retarget_lock_init_recursive
 .text.__retarget_lock_acquire_recursive
                0x0000000008009b32        0x2 C:/ST/STM32CubeIDE_1.12.0/STM32CubeIDE/plugins/com.st.stm32cube.ide.mcu.externaltools.gnu-tools-for-stm32.11.3.rel1.win32_1.1.1.202309131626/tools/bin/../lib/gcc/arm-none-eabi/11.3.1/../../../../arm-none-eabi/lib/thumb/v7-m/nofp\libc_nano.a(libc_a-lock.o)
                0x0000000008009b32                __retarget_lock_acquire_recursive
 .text.__retarget_lock_release_recursive
                0x0000000008009b34        0x2 C:/ST/STM32CubeIDE_1.12.0/STM32CubeIDE/plugins/com.st.stm32cube.ide.mcu.externaltools.gnu-tools-for-stm32.11.3.rel1.win32_1.1.1.202309131626/tools/bin/../lib/gcc/arm-none-eabi/11.3.1/../../../../arm-none-eabi/lib/thumb/v7-m/nofp\libc_nano.a(libc_a-lock.o)
                0x0000000008009b34                __retarget_lock_release_recursive
 .text.memchr   0x0000000008009b36       0x1c C:/ST/STM32CubeIDE_1.12.0/STM32CubeIDE/plugins/com.st.stm32cube.ide.mcu.externaltools.gnu-tools-for-stm32.11.3.rel1.win32_1.1.1.202309131626/tools/bin/../lib/gcc/arm-none-eabi/11.3.1/../../../../arm-none-eabi/lib/thumb/v7-m/nofp\libc_nano.a(libc_a-memchr-stub.o)
                0x0000000008009b36                memchr
 .text.memcpy   0x0000000008009b52       0x1c C:/ST/STM32CubeIDE_1.12.0/STM32CubeIDE/plugins/com.st.stm32cube.ide.mcu.externaltools.gnu-tools-for-stm32.11.3.rel1.win32_1.1.1.202309131626/tools/bin/../lib/gcc/arm-none-eabi/11.3.1/../../../../arm-none-eabi/lib/thumb/v7-m/nofp\libc_nano.a(libc_a-memcpy-stub.o)
                0x0000000008009b52                memcpy
 .text.quorem   0x0000000008009b6e      0x112 C:/ST/STM32CubeIDE_1.12.0/STM32CubeIDE/plugins/com.st.stm32cube.ide.mcu.externaltools.gnu-tools-for-stm32.11.3.rel1.win32_1.1.1.202309131626/tools/bin/../lib/gcc/arm-none-eabi/11.3.1/../../../../arm-none-eabi/lib/thumb/v7-m/nofp\libc_nano.a(libc_a-dtoa.o)
 .text._dtoa_r  0x0000000008009c80      0xbc8 C:/ST/STM32CubeIDE_1.12.0/STM32CubeIDE/plugins/com.st.stm32cube.ide.mcu.externaltools.gnu-tools-for-stm32.11.3.rel1.win32_1.1.1.202309131626/tools/bin/../lib/gcc/arm-none-eabi/11.3.1/../../../../arm-none-eabi/lib/thumb/v7-m/nofp\libc_nano.a(libc_a-dtoa.o)
                0x0000000008009c80                _dtoa_r
 .text._free_r  0x000000000800a848       0x90 C:/ST/STM32CubeIDE_1.12.0/STM32CubeIDE/plugins/com.st.stm32cube.ide.mcu.externaltools.gnu-tools-for-stm32.11.3.rel1.win32_1.1.1.202309131626/tools/bin/../lib/gcc/arm-none-eabi/11.3.1/../../../../arm-none-eabi/lib/thumb/v7-m/nofp\libc_nano.a(libc_a-freer.o)
                0x000000000800a848                _free_r
 .text.malloc   0x000000000800a8d8       0x10 C:/ST/STM32CubeIDE_1.12.0/STM32CubeIDE/plugins/com.st.stm32cube.ide.mcu.externaltools.gnu-tools-for-stm32.11.3.rel1.win32_1.1.1.202309131626/tools/bin/../lib/gcc/arm-none-eabi/11.3.1/../../../../arm-none-eabi/lib/thumb/v7-m/nofp\libc_nano.a(libc_a-malloc.o)
                0x000000000800a8d8                malloc
 .text.sbrk_aligned
                0x000000000800a8e8       0x40 C:/ST/STM32CubeIDE_1.12.0/STM32CubeIDE/plugins/com.st.stm32cube.ide.mcu.externaltools.gnu-tools-for-stm32.11.3.rel1.win32_1.1.1.202309131626/tools/bin/../lib/gcc/arm-none-eabi/11.3.1/../../../../arm-none-eabi/lib/thumb/v7-m/nofp\libc_nano.a(libc_a-mallocr.o)
 .text._malloc_r
                0x000000000800a928      0x100 C:/ST/STM32CubeIDE_1.12.0/STM32CubeIDE/plugins/com.st.stm32cube.ide.mcu.externaltools.gnu-tools-for-stm32.11.3.rel1.win32_1.1.1.202309131626/tools/bin/../lib/gcc/arm-none-eabi/11.3.1/../../../../arm-none-eabi/lib/thumb/v7-m/nofp\libc_nano.a(libc_a-mallocr.o)
                0x000000000800a928                _malloc_r
 .text.__malloc_lock
                0x000000000800aa28        0xc C:/ST/STM32CubeIDE_1.12.0/STM32CubeIDE/plugins/com.st.stm32cube.ide.mcu.externaltools.gnu-tools-for-stm32.11.3.rel1.win32_1.1.1.202309131626/tools/bin/../lib/gcc/arm-none-eabi/11.3.1/../../../../arm-none-eabi/lib/thumb/v7-m/nofp\libc_nano.a(libc_a-mlock.o)
                0x000000000800aa28                __malloc_lock
 .text.__malloc_unlock
                0x000000000800aa34        0xc C:/ST/STM32CubeIDE_1.12.0/STM32CubeIDE/plugins/com.st.stm32cube.ide.mcu.externaltools.gnu-tools-for-stm32.11.3.rel1.win32_1.1.1.202309131626/tools/bin/../lib/gcc/arm-none-eabi/11.3.1/../../../../arm-none-eabi/lib/thumb/v7-m/nofp\libc_nano.a(libc_a-mlock.o)
                0x000000000800aa34                __malloc_unlock
 .text._Balloc  0x000000000800aa40       0x80 C:/ST/STM32CubeIDE_1.12.0/STM32CubeIDE/plugins/com.st.stm32cube.ide.mcu.externaltools.gnu-tools-for-stm32.11.3.rel1.win32_1.1.1.202309131626/tools/bin/../lib/gcc/arm-none-eabi/11.3.1/../../../../arm-none-eabi/lib/thumb/v7-m/nofp\libc_nano.a(libc_a-mprec.o)
                0x000000000800aa40                _Balloc
 .text._Bfree   0x000000000800aac0       0x44 C:/ST/STM32CubeIDE_1.12.0/STM32CubeIDE/plugins/com.st.stm32cube.ide.mcu.externaltools.gnu-tools-for-stm32.11.3.rel1.win32_1.1.1.202309131626/tools/bin/../lib/gcc/arm-none-eabi/11.3.1/../../../../arm-none-eabi/lib/thumb/v7-m/nofp\libc_nano.a(libc_a-mprec.o)
                0x000000000800aac0                _Bfree
 .text.__multadd
                0x000000000800ab04       0x8c C:/ST/STM32CubeIDE_1.12.0/STM32CubeIDE/plugins/com.st.stm32cube.ide.mcu.externaltools.gnu-tools-for-stm32.11.3.rel1.win32_1.1.1.202309131626/tools/bin/../lib/gcc/arm-none-eabi/11.3.1/../../../../arm-none-eabi/lib/thumb/v7-m/nofp\libc_nano.a(libc_a-mprec.o)
                0x000000000800ab04                __multadd
 .text.__hi0bits
                0x000000000800ab90       0x40 C:/ST/STM32CubeIDE_1.12.0/STM32CubeIDE/plugins/com.st.stm32cube.ide.mcu.externaltools.gnu-tools-for-stm32.11.3.rel1.win32_1.1.1.202309131626/tools/bin/../lib/gcc/arm-none-eabi/11.3.1/../../../../arm-none-eabi/lib/thumb/v7-m/nofp\libc_nano.a(libc_a-mprec.o)
                0x000000000800ab90                __hi0bits
 .text.__lo0bits
                0x000000000800abd0       0x5a C:/ST/STM32CubeIDE_1.12.0/STM32CubeIDE/plugins/com.st.stm32cube.ide.mcu.externaltools.gnu-tools-for-stm32.11.3.rel1.win32_1.1.1.202309131626/tools/bin/../lib/gcc/arm-none-eabi/11.3.1/../../../../arm-none-eabi/lib/thumb/v7-m/nofp\libc_nano.a(libc_a-mprec.o)
                0x000000000800abd0                __lo0bits
 *fill*         0x000000000800ac2a        0x2 
 .text.__i2b    0x000000000800ac2c       0x2c C:/ST/STM32CubeIDE_1.12.0/STM32CubeIDE/plugins/com.st.stm32cube.ide.mcu.externaltools.gnu-tools-for-stm32.11.3.rel1.win32_1.1.1.202309131626/tools/bin/../lib/gcc/arm-none-eabi/11.3.1/../../../../arm-none-eabi/lib/thumb/v7-m/nofp\libc_nano.a(libc_a-mprec.o)
                0x000000000800ac2c                __i2b
 .text.__multiply
                0x000000000800ac58      0x150 C:/ST/STM32CubeIDE_1.12.0/STM32CubeIDE/plugins/com.st.stm32cube.ide.mcu.externaltools.gnu-tools-for-stm32.11.3.rel1.win32_1.1.1.202309131626/tools/bin/../lib/gcc/arm-none-eabi/11.3.1/../../../../arm-none-eabi/lib/thumb/v7-m/nofp\libc_nano.a(libc_a-mprec.o)
                0x000000000800ac58                __multiply
 .text.__pow5mult
                0x000000000800ada8       0xb4 C:/ST/STM32CubeIDE_1.12.0/STM32CubeIDE/plugins/com.st.stm32cube.ide.mcu.externaltools.gnu-tools-for-stm32.11.3.rel1.win32_1.1.1.202309131626/tools/bin/../lib/gcc/arm-none-eabi/11.3.1/../../../../arm-none-eabi/lib/thumb/v7-m/nofp\libc_nano.a(libc_a-mprec.o)
                0x000000000800ada8                __pow5mult
 .text.__lshift
                0x000000000800ae5c       0xd8 C:/ST/STM32CubeIDE_1.12.0/STM32CubeIDE/plugins/com.st.stm32cube.ide.mcu.externaltools.gnu-tools-for-stm32.11.3.rel1.win32_1.1.1.202309131626/tools/bin/../lib/gcc/arm-none-eabi/11.3.1/../../../../arm-none-eabi/lib/thumb/v7-m/nofp\libc_nano.a(libc_a-mprec.o)
                0x000000000800ae5c                __lshift
 .text.__mcmp   0x000000000800af34       0x36 C:/ST/STM32CubeIDE_1.12.0/STM32CubeIDE/plugins/com.st.stm32cube.ide.mcu.externaltools.gnu-tools-for-stm32.11.3.rel1.win32_1.1.1.202309131626/tools/bin/../lib/gcc/arm-none-eabi/11.3.1/../../../../arm-none-eabi/lib/thumb/v7-m/nofp\libc_nano.a(libc_a-mprec.o)
                0x000000000800af34                __mcmp
 *fill*         0x000000000800af6a        0x2 
 .text.__mdiff  0x000000000800af6c      0x118 C:/ST/STM32CubeIDE_1.12.0/STM32CubeIDE/plugins/com.st.stm32cube.ide.mcu.externaltools.gnu-tools-for-stm32.11.3.rel1.win32_1.1.1.202309131626/tools/bin/../lib/gcc/arm-none-eabi/11.3.1/../../../../arm-none-eabi/lib/thumb/v7-m/nofp\libc_nano.a(libc_a-mprec.o)
                0x000000000800af6c                __mdiff
 .text.__d2b    0x000000000800b084       0xac C:/ST/STM32CubeIDE_1.12.0/STM32CubeIDE/plugins/com.st.stm32cube.ide.mcu.externaltools.gnu-tools-for-stm32.11.3.rel1.win32_1.1.1.202309131626/tools/bin/../lib/gcc/arm-none-eabi/11.3.1/../../../../arm-none-eabi/lib/thumb/v7-m/nofp\libc_nano.a(libc_a-mprec.o)
                0x000000000800b084                __d2b
 .text.__ssputs_r
                0x000000000800b130       0xb4 C:/ST/STM32CubeIDE_1.12.0/STM32CubeIDE/plugins/com.st.stm32cube.ide.mcu.externaltools.gnu-tools-for-stm32.11.3.rel1.win32_1.1.1.202309131626/tools/bin/../lib/gcc/arm-none-eabi/11.3.1/../../../../arm-none-eabi/lib/thumb/v7-m/nofp\libc_nano.a(libc_a-nano-svfprintf.o)
                0x000000000800b130                __ssputs_r
 .text._svfprintf_r
                0x000000000800b1e4      0x1fc C:/ST/STM32CubeIDE_1.12.0/STM32CubeIDE/plugins/com.st.stm32cube.ide.mcu.externaltools.gnu-tools-for-stm32.11.3.rel1.win32_1.1.1.202309131626/tools/bin/../lib/gcc/arm-none-eabi/11.3.1/../../../../arm-none-eabi/lib/thumb/v7-m/nofp\libc_nano.a(libc_a-nano-svfprintf.o)
                0x000000000800b1e4                _svfiprintf_r
                0x000000000800b1e4                _svfprintf_r
 .text.__sflush_r
                0x000000000800b3e0      0x104 C:/ST/STM32CubeIDE_1.12.0/STM32CubeIDE/plugins/com.st.stm32cube.ide.mcu.externaltools.gnu-tools-for-stm32.11.3.rel1.win32_1.1.1.202309131626/tools/bin/../lib/gcc/arm-none-eabi/11.3.1/../../../../arm-none-eabi/lib/thumb/v7-m/nofp\libc_nano.a(libc_a-fflush.o)
                0x000000000800b3e0                __sflush_r
 .text._fflush_r
                0x000000000800b4e4       0x50 C:/ST/STM32CubeIDE_1.12.0/STM32CubeIDE/plugins/com.st.stm32cube.ide.mcu.externaltools.gnu-tools-for-stm32.11.3.rel1.win32_1.1.1.202309131626/tools/bin/../lib/gcc/arm-none-eabi/11.3.1/../../../../arm-none-eabi/lib/thumb/v7-m/nofp\libc_nano.a(libc_a-fflush.o)
                0x000000000800b4e4                _fflush_r
 .text.memmove  0x000000000800b534       0x34 C:/ST/STM32CubeIDE_1.12.0/STM32CubeIDE/plugins/com.st.stm32cube.ide.mcu.externaltools.gnu-tools-for-stm32.11.3.rel1.win32_1.1.1.202309131626/tools/bin/../lib/gcc/arm-none-eabi/11.3.1/../../../../arm-none-eabi/lib/thumb/v7-m/nofp\libc_nano.a(libc_a-memmove.o)
                0x000000000800b534                memmove
 .text._sbrk_r  0x000000000800b568       0x20 C:/ST/STM32CubeIDE_1.12.0/STM32CubeIDE/plugins/com.st.stm32cube.ide.mcu.externaltools.gnu-tools-for-stm32.11.3.rel1.win32_1.1.1.202309131626/tools/bin/../lib/gcc/arm-none-eabi/11.3.1/../../../../arm-none-eabi/lib/thumb/v7-m/nofp\libc_nano.a(libc_a-sbrkr.o)
                0x000000000800b568                _sbrk_r
 .text.__assert_func
                0x000000000800b588       0x3c C:/ST/STM32CubeIDE_1.12.0/STM32CubeIDE/plugins/com.st.stm32cube.ide.mcu.externaltools.gnu-tools-for-stm32.11.3.rel1.win32_1.1.1.202309131626/tools/bin/../lib/gcc/arm-none-eabi/11.3.1/../../../../arm-none-eabi/lib/thumb/v7-m/nofp\libc_nano.a(libc_a-assert.o)
                0x000000000800b588                __assert_func
 .text._calloc_r
                0x000000000800b5c4       0x28 C:/ST/STM32CubeIDE_1.12.0/STM32CubeIDE/plugins/com.st.stm32cube.ide.mcu.externaltools.gnu-tools-for-stm32.11.3.rel1.win32_1.1.1.202309131626/tools/bin/../lib/gcc/arm-none-eabi/11.3.1/../../../../arm-none-eabi/lib/thumb/v7-m/nofp\libc_nano.a(libc_a-callocr.o)
                0x000000000800b5c4                _calloc_r
 .text.__ascii_mbtowc
                0x000000000800b5ec       0x24 C:/ST/STM32CubeIDE_1.12.0/STM32CubeIDE/plugins/com.st.stm32cube.ide.mcu.externaltools.gnu-tools-for-stm32.11.3.rel1.win32_1.1.1.202309131626/tools/bin/../lib/gcc/arm-none-eabi/11.3.1/../../../../arm-none-eabi/lib/thumb/v7-m/nofp\libc_nano.a(libc_a-mbtowc_r.o)
                0x000000000800b5ec                __ascii_mbtowc
 .text._realloc_r
                0x000000000800b610       0x5e C:/ST/STM32CubeIDE_1.12.0/STM32CubeIDE/plugins/com.st.stm32cube.ide.mcu.externaltools.gnu-tools-for-stm32.11.3.rel1.win32_1.1.1.202309131626/tools/bin/../lib/gcc/arm-none-eabi/11.3.1/../../../../arm-none-eabi/lib/thumb/v7-m/nofp\libc_nano.a(libc_a-reallocr.o)
                0x000000000800b610                _realloc_r
 .text.__ascii_wctomb
                0x000000000800b66e       0x1a C:/ST/STM32CubeIDE_1.12.0/STM32CubeIDE/plugins/com.st.stm32cube.ide.mcu.externaltools.gnu-tools-for-stm32.11.3.rel1.win32_1.1.1.202309131626/tools/bin/../lib/gcc/arm-none-eabi/11.3.1/../../../../arm-none-eabi/lib/thumb/v7-m/nofp\libc_nano.a(libc_a-wctomb_r.o)
                0x000000000800b66e                __ascii_wctomb
 .text.fprintf  0x000000000800b688       0x24 C:/ST/STM32CubeIDE_1.12.0/STM32CubeIDE/plugins/com.st.stm32cube.ide.mcu.externaltools.gnu-tools-for-stm32.11.3.rel1.win32_1.1.1.202309131626/tools/bin/../lib/gcc/arm-none-eabi/11.3.1/../../../../arm-none-eabi/lib/thumb/v7-m/nofp\libc_nano.a(libc_a-fprintf.o)
                0x000000000800b688                fiprintf
                0x000000000800b688                fprintf
 .text.abort    0x000000000800b6ac        0xe C:/ST/STM32CubeIDE_1.12.0/STM32CubeIDE/plugins/com.st.stm32cube.ide.mcu.externaltools.gnu-tools-for-stm32.11.3.rel1.win32_1.1.1.202309131626/tools/bin/../lib/gcc/arm-none-eabi/11.3.1/../../../../arm-none-eabi/lib/thumb/v7-m/nofp\libc_nano.a(libc_a-abort.o)
                0x000000000800b6ac                abort
 .text._malloc_usable_size_r
                0x000000000800b6ba       0x10 C:/ST/STM32CubeIDE_1.12.0/STM32CubeIDE/plugins/com.st.stm32cube.ide.mcu.externaltools.gnu-tools-for-stm32.11.3.rel1.win32_1.1.1.202309131626/tools/bin/../lib/gcc/arm-none-eabi/11.3.1/../../../../arm-none-eabi/lib/thumb/v7-m/nofp\libc_nano.a(libc_a-msizer.o)
                0x000000000800b6ba                _malloc_usable_size_r
 .text.__sfputc_r
                0x000000000800b6ca       0x2a C:/ST/STM32CubeIDE_1.12.0/STM32CubeIDE/plugins/com.st.stm32cube.ide.mcu.externaltools.gnu-tools-for-stm32.11.3.rel1.win32_1.1.1.202309131626/tools/bin/../lib/gcc/arm-none-eabi/11.3.1/../../../../arm-none-eabi/lib/thumb/v7-m/nofp\libc_nano.a(libc_a-nano-vfprintf.o)
 .text.__sfputs_r
                0x000000000800b6f4       0x24 C:/ST/STM32CubeIDE_1.12.0/STM32CubeIDE/plugins/com.st.stm32cube.ide.mcu.externaltools.gnu-tools-for-stm32.11.3.rel1.win32_1.1.1.202309131626/tools/bin/../lib/gcc/arm-none-eabi/11.3.1/../../../../arm-none-eabi/lib/thumb/v7-m/nofp\libc_nano.a(libc_a-nano-vfprintf.o)
                0x000000000800b6f4                __sfputs_r
 .text._vfprintf_r
                0x000000000800b718      0x234 C:/ST/STM32CubeIDE_1.12.0/STM32CubeIDE/plugins/com.st.stm32cube.ide.mcu.externaltools.gnu-tools-for-stm32.11.3.rel1.win32_1.1.1.202309131626/tools/bin/../lib/gcc/arm-none-eabi/11.3.1/../../../../arm-none-eabi/lib/thumb/v7-m/nofp\libc_nano.a(libc_a-nano-vfprintf.o)
                0x000000000800b718                _vfprintf_r
                0x000000000800b718                _vfiprintf_r
 .text.__swbuf_r
                0x000000000800b94c       0x7a C:/ST/STM32CubeIDE_1.12.0/STM32CubeIDE/plugins/com.st.stm32cube.ide.mcu.externaltools.gnu-tools-for-stm32.11.3.rel1.win32_1.1.1.202309131626/tools/bin/../lib/gcc/arm-none-eabi/11.3.1/../../../../arm-none-eabi/lib/thumb/v7-m/nofp\libc_nano.a(libc_a-wbuf.o)
                0x000000000800b94c                __swbuf_r
 *fill*         0x000000000800b9c6        0x2 
 .text.__swsetup_r
                0x000000000800b9c8       0xb0 C:/ST/STM32CubeIDE_1.12.0/STM32CubeIDE/plugins/com.st.stm32cube.ide.mcu.externaltools.gnu-tools-for-stm32.11.3.rel1.win32_1.1.1.202309131626/tools/bin/../lib/gcc/arm-none-eabi/11.3.1/../../../../arm-none-eabi/lib/thumb/v7-m/nofp\libc_nano.a(libc_a-wsetup.o)
                0x000000000800b9c8                __swsetup_r
 .text._raise_r
                0x000000000800ba78       0x50 C:/ST/STM32CubeIDE_1.12.0/STM32CubeIDE/plugins/com.st.stm32cube.ide.mcu.externaltools.gnu-tools-for-stm32.11.3.rel1.win32_1.1.1.202309131626/tools/bin/../lib/gcc/arm-none-eabi/11.3.1/../../../../arm-none-eabi/lib/thumb/v7-m/nofp\libc_nano.a(libc_a-signal.o)
                0x000000000800ba78                _raise_r
 .text.raise    0x000000000800bac8       0x10 C:/ST/STM32CubeIDE_1.12.0/STM32CubeIDE/plugins/com.st.stm32cube.ide.mcu.externaltools.gnu-tools-for-stm32.11.3.rel1.win32_1.1.1.202309131626/tools/bin/../lib/gcc/arm-none-eabi/11.3.1/../../../../arm-none-eabi/lib/thumb/v7-m/nofp\libc_nano.a(libc_a-signal.o)
                0x000000000800bac8                raise
 .text._kill_r  0x000000000800bad8       0x24 C:/ST/STM32CubeIDE_1.12.0/STM32CubeIDE/plugins/com.st.stm32cube.ide.mcu.externaltools.gnu-tools-for-stm32.11.3.rel1.win32_1.1.1.202309131626/tools/bin/../lib/gcc/arm-none-eabi/11.3.1/../../../../arm-none-eabi/lib/thumb/v7-m/nofp\libc_nano.a(libc_a-signalr.o)
                0x000000000800bad8                _kill_r
 .text._getpid_r
                0x000000000800bafc        0x4 C:/ST/STM32CubeIDE_1.12.0/STM32CubeIDE/plugins/com.st.stm32cube.ide.mcu.externaltools.gnu-tools-for-stm32.11.3.rel1.win32_1.1.1.202309131626/tools/bin/../lib/gcc/arm-none-eabi/11.3.1/../../../../arm-none-eabi/lib/thumb/v7-m/nofp\libc_nano.a(libc_a-signalr.o)
                0x000000000800bafc                _getpid_r
 .text.__swhatbuf_r
                0x000000000800bb00       0x4a C:/ST/STM32CubeIDE_1.12.0/STM32CubeIDE/plugins/com.st.stm32cube.ide.mcu.externaltools.gnu-tools-for-stm32.11.3.rel1.win32_1.1.1.202309131626/tools/bin/../lib/gcc/arm-none-eabi/11.3.1/../../../../arm-none-eabi/lib/thumb/v7-m/nofp\libc_nano.a(libc_a-makebuf.o)
                0x000000000800bb00                __swhatbuf_r
 .text.__smakebuf_r
                0x000000000800bb4a       0x78 C:/ST/STM32CubeIDE_1.12.0/STM32CubeIDE/plugins/com.st.stm32cube.ide.mcu.externaltools.gnu-tools-for-stm32.11.3.rel1.win32_1.1.1.202309131626/tools/bin/../lib/gcc/arm-none-eabi/11.3.1/../../../../arm-none-eabi/lib/thumb/v7-m/nofp\libc_nano.a(libc_a-makebuf.o)
                0x000000000800bb4a                __smakebuf_r
 *fill*         0x000000000800bbc2        0x2 
 .text._fstat_r
                0x000000000800bbc4       0x24 C:/ST/STM32CubeIDE_1.12.0/STM32CubeIDE/plugins/com.st.stm32cube.ide.mcu.externaltools.gnu-tools-for-stm32.11.3.rel1.win32_1.1.1.202309131626/tools/bin/../lib/gcc/arm-none-eabi/11.3.1/../../../../arm-none-eabi/lib/thumb/v7-m/nofp\libc_nano.a(libc_a-fstatr.o)
                0x000000000800bbc4                _fstat_r
 .text._isatty_r
                0x000000000800bbe8       0x20 C:/ST/STM32CubeIDE_1.12.0/STM32CubeIDE/plugins/com.st.stm32cube.ide.mcu.externaltools.gnu-tools-for-stm32.11.3.rel1.win32_1.1.1.202309131626/tools/bin/../lib/gcc/arm-none-eabi/11.3.1/../../../../arm-none-eabi/lib/thumb/v7-m/nofp\libc_nano.a(libc_a-isattyr.o)
                0x000000000800bbe8                _isatty_r
 *(.glue_7)
 .glue_7        0x000000000800bc08        0x0 linker stubs
 *(.glue_7t)
 .glue_7t       0x000000000800bc08        0x0 linker stubs
 *(.eh_frame)
 .eh_frame      0x000000000800bc08        0x0 C:/ST/STM32CubeIDE_1.12.0/STM32CubeIDE/plugins/com.st.stm32cube.ide.mcu.externaltools.gnu-tools-for-stm32.11.3.rel1.win32_1.1.1.202309131626/tools/bin/../lib/gcc/arm-none-eabi/11.3.1/thumb/v7-m/nofp/crtbegin.o
 *(.init)
 .init          0x000000000800bc08        0x4 C:/ST/STM32CubeIDE_1.12.0/STM32CubeIDE/plugins/com.st.stm32cube.ide.mcu.externaltools.gnu-tools-for-stm32.11.3.rel1.win32_1.1.1.202309131626/tools/bin/../lib/gcc/arm-none-eabi/11.3.1/thumb/v7-m/nofp/crti.o
                0x000000000800bc08                _init
 .init          0x000000000800bc0c        0x8 C:/ST/STM32CubeIDE_1.12.0/STM32CubeIDE/plugins/com.st.stm32cube.ide.mcu.externaltools.gnu-tools-for-stm32.11.3.rel1.win32_1.1.1.202309131626/tools/bin/../lib/gcc/arm-none-eabi/11.3.1/thumb/v7-m/nofp/crtn.o
 *(.fini)
 .fini          0x000000000800bc14        0x4 C:/ST/STM32CubeIDE_1.12.0/STM32CubeIDE/plugins/com.st.stm32cube.ide.mcu.externaltools.gnu-tools-for-stm32.11.3.rel1.win32_1.1.1.202309131626/tools/bin/../lib/gcc/arm-none-eabi/11.3.1/thumb/v7-m/nofp/crti.o
                0x000000000800bc14                _fini
 .fini          0x000000000800bc18        0x8 C:/ST/STM32CubeIDE_1.12.0/STM32CubeIDE/plugins/com.st.stm32cube.ide.mcu.externaltools.gnu-tools-for-stm32.11.3.rel1.win32_1.1.1.202309131626/tools/bin/../lib/gcc/arm-none-eabi/11.3.1/thumb/v7-m/nofp/crtn.o
                0x000000000800bc20                . = ALIGN (0x4)
                0x000000000800bc20                _etext = .

.vfp11_veneer   0x000000000800bc20        0x0
 .vfp11_veneer  0x000000000800bc20        0x0 linker stubs

.v4_bx          0x000000000800bc20        0x0
 .v4_bx         0x000000000800bc20        0x0 linker stubs

.iplt           0x000000000800bc20        0x0
 .iplt          0x000000000800bc20        0x0 C:/ST/STM32CubeIDE_1.12.0/STM32CubeIDE/plugins/com.st.stm32cube.ide.mcu.externaltools.gnu-tools-for-stm32.11.3.rel1.win32_1.1.1.202309131626/tools/bin/../lib/gcc/arm-none-eabi/11.3.1/thumb/v7-m/nofp/crtbegin.o

.rodata         0x000000000800bc20      0x3dc
                0x000000000800bc20                . = ALIGN (0x4)
 *(.rodata)
 .rodata        0x000000000800bc20        0x7 ./Core/Src/main.o
 *fill*         0x000000000800bc27        0x1 
 .rodata        0x000000000800bc28       0x37 ./Drivers/VL53L1X/core/src/vl53l1_api.o
 *fill*         0x000000000800bc5f        0x1 
 .rodata        0x000000000800bc60        0x1 ./Drivers/VL53L1X/platform/src/vl53l1_platform.o
 *(.rodata*)
 *fill*         0x000000000800bc61        0x3 
 .rodata.AHBPrescTable
                0x000000000800bc64       0x10 ./Core/Src/system_stm32f1xx.o
                0x000000000800bc64                AHBPrescTable
 .rodata.APBPrescTable
                0x000000000800bc74        0x8 ./Core/Src/system_stm32f1xx.o
                0x000000000800bc74                APBPrescTable
 .rodata.aPLLMULFactorTable.1
                0x000000000800bc7c       0x10 ./Drivers/STM32F1xx_HAL_Driver/Src/stm32f1xx_hal_rcc.o
 .rodata.aPredivFactorTable.0
                0x000000000800bc8c        0x2 ./Drivers/STM32F1xx_HAL_Driver/Src/stm32f1xx_hal_rcc.o
 .rodata._printf_float.str1.1
                0x000000000800bc8e       0x12 C:/ST/STM32CubeIDE_1.12.0/STM32CubeIDE/plugins/com.st.stm32cube.ide.mcu.externaltools.gnu-tools-for-stm32.11.3.rel1.win32_1.1.1.202309131626/tools/bin/../lib/gcc/arm-none-eabi/11.3.1/../../../../arm-none-eabi/lib/thumb/v7-m/nofp\libc_nano.a(libc_a-nano-vfprintf_float.o)
 .rodata._printf_i.str1.1
                0x000000000800bca0       0x22 C:/ST/STM32CubeIDE_1.12.0/STM32CubeIDE/plugins/com.st.stm32cube.ide.mcu.externaltools.gnu-tools-for-stm32.11.3.rel1.win32_1.1.1.202309131626/tools/bin/../lib/gcc/arm-none-eabi/11.3.1/../../../../arm-none-eabi/lib/thumb/v7-m/nofp\libc_nano.a(libc_a-nano-vfprintf_i.o)
 .rodata._dtoa_r.str1.1
                0x000000000800bcc2       0x8d C:/ST/STM32CubeIDE_1.12.0/STM32CubeIDE/plugins/com.st.stm32cube.ide.mcu.externaltools.gnu-tools-for-stm32.11.3.rel1.win32_1.1.1.202309131626/tools/bin/../lib/gcc/arm-none-eabi/11.3.1/../../../../arm-none-eabi/lib/thumb/v7-m/nofp\libc_nano.a(libc_a-dtoa.o)
                                         0x8f (size before relaxing)
 .rodata._Balloc.str1.1
                0x000000000800bd4f       0x59 C:/ST/STM32CubeIDE_1.12.0/STM32CubeIDE/plugins/com.st.stm32cube.ide.mcu.externaltools.gnu-tools-for-stm32.11.3.rel1.win32_1.1.1.202309131626/tools/bin/../lib/gcc/arm-none-eabi/11.3.1/../../../../arm-none-eabi/lib/thumb/v7-m/nofp\libc_nano.a(libc_a-mprec.o)
                                         0x70 (size before relaxing)
 .rodata.__multadd.str1.1
                0x000000000800bda8       0x11 C:/ST/STM32CubeIDE_1.12.0/STM32CubeIDE/plugins/com.st.stm32cube.ide.mcu.externaltools.gnu-tools-for-stm32.11.3.rel1.win32_1.1.1.202309131626/tools/bin/../lib/gcc/arm-none-eabi/11.3.1/../../../../arm-none-eabi/lib/thumb/v7-m/nofp\libc_nano.a(libc_a-mprec.o)
 .rodata.__mprec_bigtens
                0x000000000800bda8       0x28 C:/ST/STM32CubeIDE_1.12.0/STM32CubeIDE/plugins/com.st.stm32cube.ide.mcu.externaltools.gnu-tools-for-stm32.11.3.rel1.win32_1.1.1.202309131626/tools/bin/../lib/gcc/arm-none-eabi/11.3.1/../../../../arm-none-eabi/lib/thumb/v7-m/nofp\libc_nano.a(libc_a-mprec.o)
                0x000000000800bda8                __mprec_bigtens
 .rodata.__mprec_tens
                0x000000000800bdd0       0xc8 C:/ST/STM32CubeIDE_1.12.0/STM32CubeIDE/plugins/com.st.stm32cube.ide.mcu.externaltools.gnu-tools-for-stm32.11.3.rel1.win32_1.1.1.202309131626/tools/bin/../lib/gcc/arm-none-eabi/11.3.1/../../../../arm-none-eabi/lib/thumb/v7-m/nofp\libc_nano.a(libc_a-mprec.o)
                0x000000000800bdd0                __mprec_tens
 .rodata.p05.0  0x000000000800be98        0xc C:/ST/STM32CubeIDE_1.12.0/STM32CubeIDE/plugins/com.st.stm32cube.ide.mcu.externaltools.gnu-tools-for-stm32.11.3.rel1.win32_1.1.1.202309131626/tools/bin/../lib/gcc/arm-none-eabi/11.3.1/../../../../arm-none-eabi/lib/thumb/v7-m/nofp\libc_nano.a(libc_a-mprec.o)
 .rodata._svfprintf_r.str1.1
                0x000000000800bea4       0x11 C:/ST/STM32CubeIDE_1.12.0/STM32CubeIDE/plugins/com.st.stm32cube.ide.mcu.externaltools.gnu-tools-for-stm32.11.3.rel1.win32_1.1.1.202309131626/tools/bin/../lib/gcc/arm-none-eabi/11.3.1/../../../../arm-none-eabi/lib/thumb/v7-m/nofp\libc_nano.a(libc_a-nano-svfprintf.o)
 .rodata._setlocale_r.str1.1
                0x000000000800beb5        0x8 C:/ST/STM32CubeIDE_1.12.0/STM32CubeIDE/plugins/com.st.stm32cube.ide.mcu.externaltools.gnu-tools-for-stm32.11.3.rel1.win32_1.1.1.202309131626/tools/bin/../lib/gcc/arm-none-eabi/11.3.1/../../../../arm-none-eabi/lib/thumb/v7-m/nofp\libc_nano.a(libc_a-locale.o)
                                          0x9 (size before relaxing)
 .rodata.str1.1
                0x000000000800bebd        0x2 C:/ST/STM32CubeIDE_1.12.0/STM32CubeIDE/plugins/com.st.stm32cube.ide.mcu.externaltools.gnu-tools-for-stm32.11.3.rel1.win32_1.1.1.202309131626/tools/bin/../lib/gcc/arm-none-eabi/11.3.1/../../../../arm-none-eabi/lib/thumb/v7-m/nofp\libc_nano.a(libc_a-locale.o)
 .rodata.__assert_func.str1.1
                0x000000000800bebf       0x3c C:/ST/STM32CubeIDE_1.12.0/STM32CubeIDE/plugins/com.st.stm32cube.ide.mcu.externaltools.gnu-tools-for-stm32.11.3.rel1.win32_1.1.1.202309131626/tools/bin/../lib/gcc/arm-none-eabi/11.3.1/../../../../arm-none-eabi/lib/thumb/v7-m/nofp\libc_nano.a(libc_a-assert.o)
                                         0x3d (size before relaxing)
 .rodata._ctype_
                0x000000000800befb      0x101 C:/ST/STM32CubeIDE_1.12.0/STM32CubeIDE/plugins/com.st.stm32cube.ide.mcu.externaltools.gnu-tools-for-stm32.11.3.rel1.win32_1.1.1.202309131626/tools/bin/../lib/gcc/arm-none-eabi/11.3.1/../../../../arm-none-eabi/lib/thumb/v7-m/nofp\libc_nano.a(libc_a-ctype_.o)
                0x000000000800befb                _ctype_
 .rodata._vfprintf_r.str1.1
                0x000000000800bffc       0x11 C:/ST/STM32CubeIDE_1.12.0/STM32CubeIDE/plugins/com.st.stm32cube.ide.mcu.externaltools.gnu-tools-for-stm32.11.3.rel1.win32_1.1.1.202309131626/tools/bin/../lib/gcc/arm-none-eabi/11.3.1/../../../../arm-none-eabi/lib/thumb/v7-m/nofp\libc_nano.a(libc_a-nano-vfprintf.o)
                0x000000000800c010                . = ALIGN (0x4)

.rel.dyn        0x000000000800bffc        0x0
 .rel.iplt      0x000000000800bffc        0x0 C:/ST/STM32CubeIDE_1.12.0/STM32CubeIDE/plugins/com.st.stm32cube.ide.mcu.externaltools.gnu-tools-for-stm32.11.3.rel1.win32_1.1.1.202309131626/tools/bin/../lib/gcc/arm-none-eabi/11.3.1/thumb/v7-m/nofp/crtbegin.o

.ARM.extab      0x000000000800bffc        0x0
                0x000000000800bffc                . = ALIGN (0x4)
 *(.ARM.extab* .gnu.linkonce.armextab.*)
                0x000000000800bffc                . = ALIGN (0x4)

.ARM            0x000000000800bffc        0x0
                0x000000000800bffc                . = ALIGN (0x4)
                0x000000000800bffc                __exidx_start = .
 *(.ARM.exidx*)
                0x000000000800bffc                __exidx_end = .
                0x000000000800bffc                . = ALIGN (0x4)

.preinit_array  0x000000000800bffc        0x0
                0x000000000800bffc                . = ALIGN (0x4)
                0x000000000800bffc                PROVIDE (__preinit_array_start = .)
 *(.preinit_array*)
                0x000000000800bffc                PROVIDE (__preinit_array_end = .)
                0x000000000800bffc                . = ALIGN (0x4)

.init_array     0x000000000800bffc        0x4
                0x000000000800bffc                . = ALIGN (0x4)
                0x000000000800bffc                PROVIDE (__init_array_start = .)
 *(SORT_BY_NAME(.init_array.*))
 *(.init_array*)
 .init_array    0x000000000800bffc        0x4 C:/ST/STM32CubeIDE_1.12.0/STM32CubeIDE/plugins/com.st.stm32cube.ide.mcu.externaltools.gnu-tools-for-stm32.11.3.rel1.win32_1.1.1.202309131626/tools/bin/../lib/gcc/arm-none-eabi/11.3.1/thumb/v7-m/nofp/crtbegin.o
                0x000000000800c000                PROVIDE (__init_array_end = .)
                0x000000000800c000                . = ALIGN (0x4)

.fini_array     0x000000000800c000        0x4
                0x000000000800c000                . = ALIGN (0x4)
                [!provide]                        PROVIDE (__fini_array_start = .)
 *(SORT_BY_NAME(.fini_array.*))
 *(.fini_array*)
 .fini_array    0x000000000800c000        0x4 C:/ST/STM32CubeIDE_1.12.0/STM32CubeIDE/plugins/com.st.stm32cube.ide.mcu.externaltools.gnu-tools-for-stm32.11.3.rel1.win32_1.1.1.202309131626/tools/bin/../lib/gcc/arm-none-eabi/11.3.1/thumb/v7-m/nofp/crtbegin.o
                [!provide]                        PROVIDE (__fini_array_end = .)
                0x000000000800c004                . = ALIGN (0x4)
                0x000000000800c004                _sidata = LOADADDR (.data)

.data           0x0000000020000000      0x204 load address 0x000000000800c004
                0x0000000020000000                . = ALIGN (0x4)
                0x0000000020000000                _sdata = .
 *(.data)
 *(.data*)
 .data.SystemCoreClock
                0x0000000020000000        0x4 ./Core/Src/system_stm32f1xx.o
                0x0000000020000000                SystemCoreClock
 .data.uwTickPrio
                0x0000000020000004        0x4 ./Drivers/STM32F1xx_HAL_Driver/Src/stm32f1xx_hal.o
                0x0000000020000004                uwTickPrio
 .data.uwTickFreq
                0x0000000020000008        0x1 ./Drivers/STM32F1xx_HAL_Driver/Src/stm32f1xx_hal.o
                0x0000000020000008                uwTickFreq
 *fill*         0x0000000020000009        0x3 
 .data.BDTable  0x000000002000000c       0x30 ./Drivers/VL53L1X/core/src/vl53l1_api.o
 .data.__sglue  0x000000002000003c        0xc C:/ST/STM32CubeIDE_1.12.0/STM32CubeIDE/plugins/com.st.stm32cube.ide.mcu.externaltools.gnu-tools-for-stm32.11.3.rel1.win32_1.1.1.202309131626/tools/bin/../lib/gcc/arm-none-eabi/11.3.1/../../../../arm-none-eabi/lib/thumb/v7-m/nofp\libc_nano.a(libc_a-findfp.o)
                0x000000002000003c                __sglue
 .data._impure_data
                0x0000000020000048       0x4c C:/ST/STM32CubeIDE_1.12.0/STM32CubeIDE/plugins/com.st.stm32cube.ide.mcu.externaltools.gnu-tools-for-stm32.11.3.rel1.win32_1.1.1.202309131626/tools/bin/../lib/gcc/arm-none-eabi/11.3.1/../../../../arm-none-eabi/lib/thumb/v7-m/nofp\libc_nano.a(libc_a-impure.o)
                0x0000000020000048                _impure_data
 .data._impure_ptr
                0x0000000020000094        0x4 C:/ST/STM32CubeIDE_1.12.0/STM32CubeIDE/plugins/com.st.stm32cube.ide.mcu.externaltools.gnu-tools-for-stm32.11.3.rel1.win32_1.1.1.202309131626/tools/bin/../lib/gcc/arm-none-eabi/11.3.1/../../../../arm-none-eabi/lib/thumb/v7-m/nofp\libc_nano.a(libc_a-impure.o)
                0x0000000020000094                _impure_ptr
 .data.__global_locale
                0x0000000020000098      0x16c C:/ST/STM32CubeIDE_1.12.0/STM32CubeIDE/plugins/com.st.stm32cube.ide.mcu.externaltools.gnu-tools-for-stm32.11.3.rel1.win32_1.1.1.202309131626/tools/bin/../lib/gcc/arm-none-eabi/11.3.1/../../../../arm-none-eabi/lib/thumb/v7-m/nofp\libc_nano.a(libc_a-locale.o)
                0x0000000020000098                __global_locale
 *(.RamFunc)
 *(.RamFunc*)