Archive member included to satisfy reference by file (symbol)

C:/ST/STM32CubeIDE_1.12.0/STM32CubeIDE/plugins/com.st.stm32cube.ide.mcu.externaltools.gnu-tools-for-stm32.11.3.rel1.win32_1.1.1.202309131626/tools/bin/../lib/gcc/arm-none-eabi/11.3.1/../../../../arm-none-eabi/lib/thumb/v7-m/nofp\libc_nano.a(libc_a-exit.o)
                              C:/ST/STM32CubeIDE_1.12.0/STM32CubeIDE/plugins/com.st.stm32cube.ide.mcu.externaltools.gnu-tools-for-stm32.11.3.rel1.win32_1.1.1.202309131626/tools/bin/../lib/gcc/arm-none-eabi/11.3.1/../../../../arm-none-eabi/lib/thumb/v7-m/nofp/crt0.o (exit)
C:/ST/STM32CubeIDE_1.12.0/STM32CubeIDE/plugins/com.st.stm32cube.ide.mcu.externaltools.gnu-tools-for-stm32.11.3.rel1.win32_1.1.1.202309131626/tools/bin/../lib/gcc/arm-none-eabi/11.3.1/../../../../arm-none-eabi/lib/thumb/v7-m/nofp\libc_nano.a(libc_a-nano-vfprintf_float.o)
                              (_printf_float)
C:/ST/STM32CubeIDE_1.12.0/STM32CubeIDE/plugins/com.st.stm32cube.ide.mcu.externaltools.gnu-tools-for-stm32.11.3.rel1.win32_1.1.1.202309131626/tools/bin/../lib/gcc/arm-none-eabi/11.3.1/../../../../arm-none-eabi/lib/thumb/v7-m/nofp\libc_nano.a(libc_a-nano-vfprintf_i.o)
                              C:/ST/STM32CubeIDE_1.12.0/STM32CubeIDE/plugins/com.st.stm32cube.ide.mcu.externaltools.gnu-tools-for-stm32.11.3.rel1.win32_1.1.1.202309131626/tools/bin/../lib/gcc/arm-none-eabi/11.3.1/../../../../arm-none-eabi/lib/thumb/v7-m/nofp\libc_nano.a(libc_a-nano-vfprintf_float.o) (_printf_common)
C:/ST/STM32CubeIDE_1.12.0/STM32CubeIDE/plugins/com.st.stm32cube.ide.mcu.externaltools.gnu-tools-for-stm32.11.3.rel1.win32_1.1.1.202309131626/tools/bin/../lib/gcc/arm-none-eabi/11.3.1/../../../../arm-none-eabi/lib/thumb/v7-m/nofp\libc_nano.a(libc_a-findfp.o)
                              C:/ST/STM32CubeIDE_1.12.0/STM32CubeIDE/plugins/com.st.stm32cube.ide.mcu.externaltools.gnu-tools-for-stm32.11.3.rel1.win32_1.1.1.202309131626/tools/bin/../lib/gcc/arm-none-eabi/11.3.1/../../../../arm-none-eabi/lib/thumb/v7-m/nofp\libc_nano.a(libc_a-exit.o) (__stdio_exit_handler)
C:/ST/STM32CubeIDE_1.12.0/STM32CubeIDE/plugins/com.st.stm32cube.ide.mcu.externaltools.gnu-tools-for-stm32.11.3.rel1.win32_1.1.1.202309131626/tools/bin/../lib/gcc/arm-none-eabi/11.3.1/../../../../arm-none-eabi/lib/thumb/v7-m/nofp\libc_nano.a(libc_a-fwalk.o)
                              C:/ST/STM32CubeIDE_1.12.0/STM32CubeIDE/plugins/com.st.stm32cube.ide.mcu.externaltools.gnu-tools-for-stm32.11.3.rel1.win32_1.1.1.202309131626/tools/bin/../lib/gcc/arm-none-eabi/11.3.1/../../../../arm-none-eabi/lib/thumb/v7-m/nofp\libc_nano.a(libc_a-findfp.o) (_fwalk_sglue)
C:/ST/STM32CubeIDE_1.12.0/STM32CubeIDE/plugins/com.st.stm32cube.ide.mcu.externaltools.gnu-tools-for-stm32.11.3.rel1.win32_1.1.1.202309131626/tools/bin/../lib/gcc/arm-none-eabi/11.3.1/../../../../arm-none-eabi/lib/thumb/v7-m/nofp\libc_nano.a(libc_a-sprintf.o)
                              ./Core/Src/main.o (sprintf)
C:/ST/STM32CubeIDE_1.12.0/STM32CubeIDE/plugins/com.st.stm32cube.ide.mcu.externaltools.gnu-tools-for-stm32.11.3.rel1.win32_1.1.1.202309131626/tools/bin/../lib/gcc/arm-none-eabi/11.3.1/../../../../arm-none-eabi/lib/thumb/v7-m/nofp\libc_nano.a(libc_a-stdio.o)
                              C:/ST/STM32CubeIDE_1.12.0/STM32CubeIDE/plugins/com.st.stm32cube.ide.mcu.externaltools.gnu-tools-for-stm32.11.3.rel1.win32_1.1.1.202309131626/tools/bin/../lib/gcc/arm-none-eabi/11.3.1/../../../../arm-none-eabi/lib/thumb/v7-m/nofp\libc_nano.a(libc_a-findfp.o) (__sread)
C:/ST/STM32CubeIDE_1.12.0/STM32CubeIDE/plugins/com.st.stm32cube.ide.mcu.externaltools.gnu-tools-for-stm32.11.3.rel1.win32_1.1.1.202309131626/tools/bin/../lib/gcc/arm-none-eabi/11.3.1/../../../../arm-none-eabi/lib/thumb/v7-m/nofp\libc_nano.a(libc_a-memset.o)
                              C:/ST/STM32CubeIDE_1.12.0/STM32CubeIDE/plugins/com.st.stm32cube.ide.mcu.externaltools.gnu-tools-for-stm32.11.3.rel1.win32_1.1.1.202309131626/tools/bin/../lib/gcc/arm-none-eabi/11.3.1/../../../../arm-none-eabi/lib/thumb/v7-m/nofp/crt0.o (memset)
C:/ST/STM32CubeIDE_1.12.0/STM32CubeIDE/plugins/com.st.stm32cube.ide.mcu.externaltools.gnu-tools-for-stm32.11.3.rel1.win32_1.1.1.202309131626/tools/bin/../lib/gcc/arm-none-eabi/11.3.1/../../../../arm-none-eabi/lib/thumb/v7-m/nofp\libc_nano.a(libc_a-strncpy.o)
                              ./Drivers/VL53L1X/core/src/vl53l1_api.o (strncpy)
C:/ST/STM32CubeIDE_1.12.0/STM32CubeIDE/plugins/com.st.stm32cube.ide.mcu.externaltools.gnu-tools-for-stm32.11.3.rel1.win32_1.1.1.202309131626/tools/bin/../lib/gcc/arm-none-eabi/11.3.1/../../../../arm-none-eabi/lib/thumb/v7-m/nofp\libc_nano.a(libc_a-localeconv.o)
                              C:/ST/STM32CubeIDE_1.12.0/STM32CubeIDE/plugins/com.st.stm32cube.ide.mcu.externaltools.gnu-tools-for-stm32.11.3.rel1.win32_1.1.1.202309131626/tools/bin/../lib/gcc/arm-none-eabi/11.3.1/../../../../arm-none-eabi/lib/thumb/v7-m/nofp\libc_nano.a(libc_a-nano-vfprintf_float.o) (_localeconv_r)
[...]
Memory Configuration

Name             Origin             Length             Attributes
RAM              0x0000000020000000 0x0000000000005000 xrw
FLASH            0x0000000008000000 0x0000000000010000 xr
*default*        0x0000000000000000 0xffffffffffffffff

Linker script and memory map

LOAD C:/ST/STM32CubeIDE_1.12.0/STM32CubeIDE/plugins/com.st.stm32cube.ide.mcu.externaltools.gnu-tools-for-stm32.11.3.rel1.win32_1.1.1.202309131626/tools/bin/../lib/gcc/arm-none-eabi/11.3.1/thumb/v7-m/nofp/crti.o
LOAD C:/ST/STM32CubeIDE_1.12.0/STM32CubeIDE/plugins/com.st.stm32cube.ide.mcu.externaltools.gnu-tools-for-stm32.11.3.rel1.win32_1.1.1.202309131626/tools/bin/../lib/gcc/arm-none-eabi/11.3.1/thumb/v7-m/nofp/crtbegin.o
LOAD C:/ST/STM32CubeIDE_1.12.0/STM32CubeIDE/plugins/com.st.stm32cube.ide.mcu.externaltools.gnu-tools-for-stm32.11.3.rel1.win32_1.1.1.202309131626/tools/bin/../lib/gcc/arm-none-eabi/11.3.1/../../../../arm-none-eabi/lib/thumb/v7-m/nofp/crt0.o
LOAD ./Core/Src/main.o
LOAD ./Core/Src/stm32f1xx_hal_msp.o
LOAD ./Core/Src/stm32f1xx_it.o
LOAD ./Core/Src/syscalls.o
LOAD ./Core/Src/sysmem.o
LOAD ./Core/Src/system_stm32f1xx.o
LOAD ./Core/Startup/startup_stm32f103c8tx.o
LOAD ./Drivers/STM32F1xx_HAL_Driver/Src/stm32f1xx_hal.o
LOAD ./Drivers/STM32F1xx_HAL_Driver/Src/stm32f1xx_hal_cortex.o
LOAD ./Drivers/STM32F1xx_HAL_Driver/Src/stm32f1xx_hal_dma.o
LOAD ./Drivers/STM32F1xx_HAL_Driver/Src/stm32f1xx_hal_exti.o
LOAD ./Drivers/STM32F1xx_HAL_Driver/Src/stm32f1xx_hal_flash.o
LOAD ./Drivers/STM32F1xx_HAL_Driver/Src/stm32f1xx_hal_flash_ex.o
LOAD ./Drivers/STM32F1xx_HAL_Driver/Src/stm32f1xx_hal_gpio.o
LOAD ./Drivers/STM32F1xx_HAL_Driver/Src/stm32f1xx_hal_gpio_ex.o
LOAD ./Drivers/STM32F1xx_HAL_Driver/Src/stm32f1xx_hal_i2c.o
LOAD ./Drivers/STM32F1xx_HAL_Driver/Src/stm32f1xx_hal_pwr.o
LOAD ./Drivers/STM32F1xx_HAL_Driver/Src/stm32f1xx_hal_rcc.o
LOAD ./Drivers/STM32F1xx_HAL_Driver/Src/stm32f1xx_hal_rcc_ex.o
LOAD ./Drivers/STM32F1xx_HAL_Driver/Src/stm32f1xx_hal_uart.o
LOAD ./Drivers/VL53L1X/core/src/vl53l1_api.o
LOAD ./Drivers/VL53L1X/core/src/vl53l1_api_calibration.o
LOAD ./Drivers/VL53L1X/core/src/vl53l1_api_core.o
LOAD ./Drivers/VL53L1X/core/src/vl53l1_api_debug.o
LOAD ./Drivers/VL53L1X/core/src/vl53l1_api_preset_modes.o
LOAD ./Drivers/VL53L1X/core/src/vl53l1_api_strings.o
LOAD ./Drivers/VL53L1X/core/src/vl53l1_core.o
LOAD ./Drivers/VL53L1X/core/src/vl53l1_core_support.o
LOAD ./Drivers/VL53L1X/core/src/vl53l1_error_strings.o
LOAD ./Drivers/VL53L1X/core/src/vl53l1_register_funcs.o
LOAD ./Drivers/VL53L1X/core/src/vl53l1_silicon_core.o
LOAD ./Drivers/VL53L1X/core/src/vl53l1_wait.o
LOAD ./Drivers/VL53L1X/platform/src/vl53l1_platform.o
LOAD ./Drivers/VL53L1X/platform/src/vl53l1_platform_log.o
START GROUP
LOAD C:/ST/STM32CubeIDE_1.12.0/STM32CubeIDE/plugins/com.st.stm32cube.ide.mcu.externaltools.gnu-tools-for-stm32.11.3.rel1.win32_1.1.1.202309131626/tools/bin/../lib/gcc/arm-none-eabi/11.3.1/../../../../arm-none-eabi/lib/thumb/v7-m/nofp\libc_nano.a
LOAD C:/ST/STM32CubeIDE_1.12.0/STM32CubeIDE/plugins/com.st.stm32cube.ide.mcu.externaltools.gnu-tools-for-stm32.11.3.rel1.win32_1.1.1.202309131626/tools/bin/../lib/gcc/arm-none-eabi/11.3.1/../../../../arm-none-eabi/lib/thumb/v7-m/nofp\libm.a
END GROUP
START GROUP
LOAD C:/ST/STM32CubeIDE_1.12.0/STM32CubeIDE/plugins/com.st.stm32cube.ide.mcu.externaltools.gnu-tools-for-stm32.11.3.rel1.win32_1.1.1.202309131626/tools/bin/../lib/gcc/arm-none-eabi/11.3.1/thumb/v7-m/nofp\libgcc.a
LOAD C:/ST/STM32CubeIDE_1.12.0/STM32CubeIDE/plugins/com.st.stm32cube.ide.mcu.externaltools.gnu-tools-for-stm32.11.3.rel1.win32_1.1.1.202309131626/tools/bin/../lib/gcc/arm-none-eabi/11.3.1/../../../../arm-none-eabi/lib/thumb/v7-m/nofp\libc_nano.a
END GROUP
START GROUP
LOAD C:/ST/STM32CubeIDE_1.12.0/STM32CubeIDE/plugins/com.st.stm32cube.ide.mcu.externaltools.gnu-tools-for-stm32.11.3.rel1.win32_1.1.1.202309131626/tools/bin/../lib/gcc/arm-none-eabi/11.3.1/thumb/v7-m/nofp\libgcc.a
LOAD C:/ST/STM32CubeIDE_1.12.0/STM32CubeIDE/plugins/com.st.stm32cube.ide.mcu.externaltools.gnu-tools-for-stm32.11.3.rel1.win32_1.1.1.202309131626/tools/bin/../lib/gcc/arm-none-eabi/11.3.1/../../../../arm-none-eabi/lib/thumb/v7-m/nofp\libc_nano.a
LOAD C:/ST/STM32CubeIDE_1.12.0/STM32CubeIDE/plugins/com.st.stm32cube.ide.mcu.externaltools.gnu-tools-for-stm32.11.3.rel1.win32_1.1.1.202309131626/tools/bin/../lib/gcc/arm-none-eabi/11.3.1/../../../../arm-none-eabi/lib/thumb/v7-m/nofp\libnosys.a
END GROUP
START GROUP
LOAD C:/ST/STM32CubeIDE_1.12.0/STM32CubeIDE/plugins/com.st.stm32cube.ide.mcu.externaltools.gnu-tools-for-stm32.11.3.rel1.win32_1.1.1.202309131626/tools/bin/../lib/gcc/arm-none-eabi/11.3.1/thumb/v7-m/nofp\libgcc.a
LOAD C:/ST/STM32CubeIDE_1.12.0/STM32CubeIDE/plugins/com.st.stm32cube.ide.mcu.externaltools.gnu-tools-for-stm32.11.3.rel1.win32_1.1.1.202309131626/tools/bin/../lib/gcc/arm-none-eabi/11.3.1/../../../../arm-none-eabi/lib/thumb/v7-m/nofp\libc_nano.a
LOAD C:/ST/STM32CubeIDE_1.12.0/STM32CubeIDE/plugins/com.st.stm32cube.ide.mcu.externaltools.gnu-tools-for-stm32.11.3.rel1.win32_1.1.1.202309131626/tools/bin/../lib/gcc/arm-none-eabi/11.3.1/../../../../arm-none-eabi/lib/thumb/v7-m/nofp\libnosys.a
END GROUP
LOAD C:/ST/STM32CubeIDE_1.12.0/STM32CubeIDE/plugins/com.st.stm32cube.ide.mcu.externaltools.gnu-tools-for-stm32.11.3.rel1.win32_1.1.1.202309131626/tools/bin/../lib/gcc/arm-none-eabi/11.3.1/thumb/v7-m/nofp/crtend.o
LOAD C:/ST/STM32CubeIDE_1.12.0/STM32CubeIDE/plugins/com.st.stm32cube.ide.mcu.externaltools.gnu-tools-for-stm32.11.3.rel1.win32_1.1.1.202309131626/tools/bin/../lib/gcc/arm-none-eabi/11.3.1/thumb/v7-m/nofp/crtn.o
                0x0000000020005000                _estack = (ORIGIN (RAM) + LENGTH (RAM))
                0x0000000000000200                _Min_Heap_Size = 0x200
                0x0000000000000400                _Min_Stack_Size = 0x400

.isr_vector     0x0000000008000000      0x10c
                0x0000000008000000                . = ALIGN (0x4)
 *(.isr_vector)
 .isr_vector    0x0000000008000000      0x10c ./Core/Startup/startup_stm32f103c8tx.o
                0x0000000008000000                g_pfnVectors
                0x000000000800010c                . = ALIGN (0x4)

.text           0x0000000008000110     0xb5d0
                0x0000000008000110                . = ALIGN (0x4)
 *(.text)
 .text          0x0000000008000110       0x40 C:/ST/STM32CubeIDE_1.12.0/STM32CubeIDE/plugins/com.st.stm32cube.ide.mcu.externaltools.gnu-tools-for-stm32.11.3.rel1.win32_1.1.1.202309131626/tools/bin/../lib/gcc/arm-none-eabi/11.3.1/thumb/v7-m/nofp/crtbegin.o
 .text          0x0000000008000150       0x10 C:/ST/STM32CubeIDE_1.12.0/STM32CubeIDE/plugins/com.st.stm32cube.ide.mcu.externaltools.gnu-tools-for-stm32.11.3.rel1.win32_1.1.1.202309131626/tools/bin/../lib/gcc/arm-none-eabi/11.3.1/../../../../arm-none-eabi/lib/thumb/v7-m/nofp\libc_nano.a(libc_a-strlen.o)
                0x0000000008000150                strlen
 .text          0x0000000008000160      0x378 C:/ST/STM32CubeIDE_1.12.0/STM32CubeIDE/plugins/com.st.stm32cube.ide.mcu.externaltools.gnu-tools-for-stm32.11.3.rel1.win32_1.1.1.202309131626/tools/bin/../lib/gcc/arm-none-eabi/11.3.1/thumb/v7-m/nofp\libgcc.a(_arm_addsubdf3.o)
                0x0000000008000160                __aeabi_drsub
                0x0000000008000168                __aeabi_dsub
                0x0000000008000168                __subdf3
                0x000000000800016c                __aeabi_dadd
                0x000000000800016c                __adddf3
                0x00000000080003e4                __floatunsidf
                0x00000000080003e4                __aeabi_ui2d
                0x0000000008000404                __floatsidf
                0x0000000008000404                __aeabi_i2d
                0x0000000008000428                __aeabi_f2d
                0x0000000008000428                __extendsfdf2
                0x000000000800046c                __floatundidf
                0x000000000800046c                __aeabi_ul2d
                0x000000000800047c                __floatdidf
                0x000000000800047c                __aeabi_l2d
 .text          0x00000000080004d8      0x424 C:/ST/STM32CubeIDE_1.12.0/STM32CubeIDE/plugins/com.st.stm32cube.ide.mcu.externaltools.gnu-tools-for-stm32.11.3.rel1.win32_1.1.1.202309131626/tools/bin/../lib/gcc/arm-none-eabi/11.3.1/thumb/v7-m/nofp\libgcc.a(_arm_muldivdf3.o)
                0x00000000080004d8                __aeabi_dmul
                0x00000000080004d8                __muldf3
                0x000000000800072c                __divdf3
                0x000000000800072c                __aeabi_ddiv
 .text          0x00000000080008fc      0x110 C:/ST/STM32CubeIDE_1.12.0/STM32CubeIDE/plugins/com.st.stm32cube.ide.mcu.externaltools.gnu-tools-for-stm32.11.3.rel1.win32_1.1.1.202309131626/tools/bin/../lib/gcc/arm-none-eabi/11.3.1/thumb/v7-m/nofp\libgcc.a(_arm_cmpdf2.o)
                0x00000000080008fc                __gtdf2
                0x00000000080008fc                __gedf2
                0x0000000008000904                __ltdf2
                0x0000000008000904                __ledf2
                0x000000000800090c                __nedf2
                0x000000000800090c                __eqdf2
                0x000000000800090c                __cmpdf2
                0x0000000008000988                __aeabi_cdrcmple
                0x0000000008000998                __aeabi_cdcmpeq
                0x0000000008000998                __aeabi_cdcmple
                0x00000000080009a8                __aeabi_dcmpeq
                0x00000000080009bc                __aeabi_dcmplt
                0x00000000080009d0                __aeabi_dcmple
                0x00000000080009e4                __aeabi_dcmpge
                0x00000000080009f8                __aeabi_dcmpgt
 .text          0x0000000008000a0c       0x2c C:/ST/STM32CubeIDE_1.12.0/STM32CubeIDE/plugins/com.st.stm32cube.ide.mcu.externaltools.gnu-tools-for-stm32.11.3.rel1.win32_1.1.1.202309131626/tools/bin/../lib/gcc/arm-none-eabi/11.3.1/thumb/v7-m/nofp\libgcc.a(_arm_unorddf2.o)
                0x0000000008000a0c                __unorddf2
                0x0000000008000a0c                __aeabi_dcmpun
 .text          0x0000000008000a38       0x50 C:/ST/STM32CubeIDE_1.12.0/STM32CubeIDE/plugins/com.st.stm32cube.ide.mcu.externaltools.gnu-tools-for-stm32.11.3.rel1.win32_1.1.1.202309131626/tools/bin/../lib/gcc/arm-none-eabi/11.3.1/thumb/v7-m/nofp\libgcc.a(_arm_fixdfsi.o)
                0x0000000008000a38                __aeabi_d2iz
                0x0000000008000a38                __fixdfsi
 *(.text*)
 .text.main     0x0000000008000a88      0x104 ./Core/Src/main.o
                0x0000000008000a88                main
 .text.SystemClock_Config
                0x0000000008000b8c       0x76 ./Core/Src/main.o
                0x0000000008000b8c                SystemClock_Config
 *fill*         0x0000000008000c02        0x2 
 .text.MX_I2C1_Init
                0x0000000008000c04       0x5c ./Core/Src/main.o
 .text.MX_USART1_UART_Init
                0x0000000008000c60       0x54 ./Core/Src/main.o
 .text.MX_GPIO_Init
                0x0000000008000cb4      0x118 ./Core/Src/main.o
 .text.Error_Handler
                0x0000000008000dcc        0xa ./Core/Src/main.o
                0x0000000008000dcc                Error_Handler
 *fill*         0x0000000008000dd6        0x2 
 .text.HAL_MspInit
                0x0000000008000dd8       0x44 ./Core/Src/stm32f1xx_hal_msp.o
                0x0000000008000dd8                HAL_MspInit
 .text.HAL_I2C_MspInit
                0x0000000008000e1c       0x7c ./Core/Src/stm32f1xx_hal_msp.o
                0x0000000008000e1c                HAL_I2C_MspInit
 .text.HAL_UART_MspInit
                0x0000000008000e98       0x98 ./Core/Src/stm32f1xx_hal_msp.o
                0x0000000008000e98                HAL_UART_MspInit
 .text.NMI_Handler
                0x0000000008000f30        0x6 ./Core/Src/stm32f1xx_it.o
                0x0000000008000f30                NMI_Handler
 .text.HardFault_Handler
                0x0000000008000f36        0x6 ./Core/Src/stm32f1xx_it.o
                0x0000000008000f36                HardFault_Handler
 .text.MemManage_Handler
                0x0000000008000f3c        0x6 ./Core/Src/stm32f1xx_it.o
                0x0000000008000f3c                MemManage_Handler
 .text.BusFault_Handler
                0x0000000008000f42        0x6 ./Core/Src/stm32f1xx_it.o
                0x0000000008000f42                BusFault_Handler
 .text.UsageFault_Handler
                0x0000000008000f48        0x6 ./Core/Src/stm32f1xx_it.o
                0x0000000008000f48                UsageFault_Handler
 .text.SVC_Handler
                0x0000000008000f4e        0xc ./Core/Src/stm32f1xx_it.o
                0x0000000008000f4e                SVC_Handler
 .text.DebugMon_Handler
                0x0000000008000f5a        0xc ./Core/Src/stm32f1xx_it.o
                0x0000000008000f5a                DebugMon_Handler
 .text.PendSV_Handler
                0x0000000008000f66        0xc ./Core/Src/stm32f1xx_it.o
                0x0000000008000f66                PendSV_Handler
 .text.SysTick_Handler
                0x0000000008000f72        0xc ./Core/Src/stm32f1xx_it.o
                0x0000000008000f72                SysTick_Handler
 .text._getpid  0x0000000008000f7e        0xe ./Core/Src/syscalls.o
                0x0000000008000f7e                _getpid
 .text._kill    0x0000000008000f8c       0x20 ./Core/Src/syscalls.o
                0x0000000008000f8c                _kill
 .text._exit    0x0000000008000fac       0x14 ./Core/Src/syscalls.o
                0x0000000008000fac                _exit
 .text._read    0x0000000008000fc0       0x3a ./Core/Src/syscalls.o
                0x0000000008000fc0                _read
 .text._write   0x0000000008000ffa       0x38 ./Core/Src/syscalls.o
                0x0000000008000ffa                _write
 .text._close   0x0000000008001032       0x16 ./Core/Src/syscalls.o
                0x0000000008001032                _close
 .text._fstat   0x0000000008001048       0x1e ./Core/Src/syscalls.o
                0x0000000008001048                _fstat
 .text._isatty  0x0000000008001066       0x14 ./Core/Src/syscalls.o
                0x0000000008001066                _isatty
 .text._lseek   0x000000000800107a       0x18 ./Core/Src/syscalls.o
                0x000000000800107a                _lseek
 *fill*         0x0000000008001092        0x2 
 .text._sbrk    0x0000000008001094       0x6c ./Core/Src/sysmem.o
                0x0000000008001094                _sbrk
 .text.SystemInit
                0x0000000008001100        0xc ./Core/Src/system_stm32f1xx.o
                0x0000000008001100                SystemInit
 .text.Reset_Handler
                0x000000000800110c       0x48 ./Core/Startup/startup_stm32f103c8tx.o
                0x000000000800110c                Reset_Handler
 .text.Default_Handler
                0x0000000008001154        0x2 ./Core/Startup/startup_stm32f103c8tx.o
                0x0000000008001154                RTC_Alarm_IRQHandler
                0x0000000008001154                EXTI2_IRQHandler
                0x0000000008001154                TIM1_CC_IRQHandler
                0x0000000008001154                PVD_IRQHandler
                0x0000000008001154                EXTI3_IRQHandler
                0x0000000008001154                EXTI0_IRQHandler
                0x0000000008001154                I2C2_EV_IRQHandler
                0x0000000008001154                ADC1_2_IRQHandler
                0x0000000008001154                SPI1_IRQHandler
                0x0000000008001154                TAMPER_IRQHandler
                0x0000000008001154                DMA1_Channel4_IRQHandler
                0x0000000008001154                USART3_IRQHandler
                0x0000000008001154                RTC_IRQHandler
                0x0000000008001154                DMA1_Channel7_IRQHandler
                0x0000000008001154                CAN1_RX1_IRQHandler
                0x0000000008001154                TIM4_IRQHandler
                0x0000000008001154                I2C1_EV_IRQHandler
                0x0000000008001154                DMA1_Channel6_IRQHandler
                0x0000000008001154                TIM3_IRQHandler
                0x0000000008001154                RCC_IRQHandler
                0x0000000008001154                TIM1_TRG_COM_IRQHandler
                0x0000000008001154                DMA1_Channel1_IRQHandler
                0x0000000008001154                Default_Handler
                0x0000000008001154                EXTI15_10_IRQHandler
                0x0000000008001154                EXTI9_5_IRQHandler
                0x0000000008001154                SPI2_IRQHandler
                0x0000000008001154                DMA1_Channel5_IRQHandler
                0x0000000008001154                EXTI4_IRQHandler
                0x0000000008001154                USB_LP_CAN1_RX0_IRQHandler
                0x0000000008001154                USB_HP_CAN1_TX_IRQHandler
                0x0000000008001154                DMA1_Channel3_IRQHandler
                0x0000000008001154                TIM1_UP_IRQHandler
                0x0000000008001154                WWDG_IRQHandler
                0x0000000008001154                TIM2_IRQHandler
                0x0000000008001154                TIM1_BRK_IRQHandler
                0x0000000008001154                EXTI1_IRQHandler
                0x0000000008001154                USART2_IRQHandler
                0x0000000008001154                I2C2_ER_IRQHandler
                0x0000000008001154                DMA1_Channel2_IRQHandler
                0x0000000008001154                CAN1_SCE_IRQHandler
                0x0000000008001154                FLASH_IRQHandler
                0x0000000008001154                USART1_IRQHandler
                0x0000000008001154                I2C1_ER_IRQHandler
                0x0000000008001154                USBWakeUp_IRQHandler
 *fill*         0x0000000008001156        0x2 
 .text.HAL_Init
                0x0000000008001158       0x2c ./Drivers/STM32F1xx_HAL_Driver/Src/stm32f1xx_hal.o
                0x0000000008001158                HAL_Init
 .text.HAL_InitTick
                0x0000000008001184       0x60 ./Drivers/STM32F1xx_HAL_Driver/Src/stm32f1xx_hal.o
                0x0000000008001184                HAL_InitTick
 .text.HAL_IncTick
                0x00000000080011e4       0x24 ./Drivers/STM32F1xx_HAL_Driver/Src/stm32f1xx_hal.o
                0x00000000080011e4                HAL_IncTick
 .text.HAL_GetTick
                0x0000000008001208       0x14 ./Drivers/STM32F1xx_HAL_Driver/Src/stm32f1xx_hal.o
                0x0000000008001208                HAL_GetTick
 .text.HAL_Delay
                0x000000000800121c       0x48 ./Drivers/STM32F1xx_HAL_Driver/Src/stm32f1xx_hal.o
                0x000000000800121c                HAL_Delay
 .text.__NVIC_SetPriorityGrouping
                0x0000000008001264       0x48 ./Drivers/STM32F1xx_HAL_Driver/Src/stm32f1xx_hal_cortex.o
 .text.__NVIC_GetPriorityGrouping
                0x00000000080012ac       0x1c ./Drivers/STM32F1xx_HAL_Driver/Src/stm32f1xx_hal_cortex.o
 .text.__NVIC_SetPriority
                0x00000000080012c8       0x54 ./Drivers/STM32F1xx_HAL_Driver/Src/stm32f1xx_hal_cortex.o
 .text.NVIC_EncodePriority
                0x000000000800131c       0x64 ./Drivers/STM32F1xx_HAL_Driver/Src/stm32f1xx_hal_cortex.o
 .text.SysTick_Config
                0x0000000008001380       0x44 ./Drivers/STM32F1xx_HAL_Driver/Src/stm32f1xx_hal_cortex.o
 .text.HAL_NVIC_SetPriorityGrouping
                0x00000000080013c4       0x16 ./Drivers/STM32F1xx_HAL_Driver/Src/stm32f1xx_hal_cortex.o
                0x00000000080013c4                HAL_NVIC_SetPriorityGrouping
 .text.HAL_NVIC_SetPriority
                0x00000000080013da       0x38 ./Drivers/STM32F1xx_HAL_Driver/Src/stm32f1xx_hal_cortex.o
                0x00000000080013da                HAL_NVIC_SetPriority
 .text.HAL_SYSTICK_Config
                0x0000000008001412       0x18 ./Drivers/STM32F1xx_HAL_Driver/Src/stm32f1xx_hal_cortex.o
                0x0000000008001412                HAL_SYSTICK_Config
 *fill*         0x000000000800142a        0x2 
 .text.HAL_GPIO_Init
                0x000000000800142c      0x308 ./Drivers/STM32F1xx_HAL_Driver/Src/stm32f1xx_hal_gpio.o
                0x000000000800142c                HAL_GPIO_Init
 .text.HAL_GPIO_WritePin
                0x0000000008001734       0x30 ./Drivers/STM32F1xx_HAL_Driver/Src/stm32f1xx_hal_gpio.o
                0x0000000008001734                HAL_GPIO_WritePin
 .text.HAL_I2C_Init
                0x0000000008001764      0x288 ./Drivers/STM32F1xx_HAL_Driver/Src/stm32f1xx_hal_i2c.o
                0x0000000008001764                HAL_I2C_Init
 .text.HAL_I2C_Master_Transmit
                0x00000000080019ec      0x1fc ./Drivers/STM32F1xx_HAL_Driver/Src/stm32f1xx_hal_i2c.o
                0x00000000080019ec                HAL_I2C_Master_Transmit
 .text.HAL_I2C_Master_Receive
                0x0000000008001be8      0x4d8 ./Drivers/STM32F1xx_HAL_Driver/Src/stm32f1xx_hal_i2c.o
                0x0000000008001be8                HAL_I2C_Master_Receive
 .text.I2C_MasterRequestWrite
                0x00000000080020c0      0x104 ./Drivers/STM32F1xx_HAL_Driver/Src/stm32f1xx_hal_i2c.o
 .text.I2C_MasterRequestRead
                0x00000000080021c4      0x19c ./Drivers/STM32F1xx_HAL_Driver/Src/stm32f1xx_hal_i2c.o
 .text.I2C_WaitOnFlagUntilTimeout
                0x0000000008002360       0xf4 ./Drivers/STM32F1xx_HAL_Driver/Src/stm32f1xx_hal_i2c.o
 .text.I2C_WaitOnMasterAddressFlagUntilTimeout
                0x0000000008002454      0x140 ./Drivers/STM32F1xx_HAL_Driver/Src/stm32f1xx_hal_i2c.o
 .text.I2C_WaitOnTXEFlagUntilTimeout
                0x0000000008002594       0x90 ./Drivers/STM32F1xx_HAL_Driver/Src/stm32f1xx_hal_i2c.o
 .text.I2C_WaitOnBTFFlagUntilTimeout
                0x0000000008002624       0x90 ./Drivers/STM32F1xx_HAL_Driver/Src/stm32f1xx_hal_i2c.o
 .text.I2C_WaitOnRXNEFlagUntilTimeout
                0x00000000080026b4       0xba ./Drivers/STM32F1xx_HAL_Driver/Src/stm32f1xx_hal_i2c.o
 .text.I2C_IsAcknowledgeFailed
                0x000000000800276e       0x5c ./Drivers/STM32F1xx_HAL_Driver/Src/stm32f1xx_hal_i2c.o
 *fill*         0x00000000080027ca        0x2 
 .text.HAL_RCC_OscConfig
                0x00000000080027cc      0x504 ./Drivers/STM32F1xx_HAL_Driver/Src/stm32f1xx_hal_rcc.o
                0x00000000080027cc                HAL_RCC_OscConfig
 .text.HAL_RCC_ClockConfig
                0x0000000008002cd0      0x1d4 ./Drivers/STM32F1xx_HAL_Driver/Src/stm32f1xx_hal_rcc.o
                0x0000000008002cd0                HAL_RCC_ClockConfig
 .text.HAL_RCC_GetSysClockFreq
                0x0000000008002ea4       0xa8 ./Drivers/STM32F1xx_HAL_Driver/Src/stm32f1xx_hal_rcc.o
                0x0000000008002ea4                HAL_RCC_GetSysClockFreq
 .text.HAL_RCC_GetHCLKFreq
                0x0000000008002f4c       0x14 ./Drivers/STM32F1xx_HAL_Driver/Src/stm32f1xx_hal_rcc.o
                0x0000000008002f4c                HAL_RCC_GetHCLKFreq
 .text.HAL_RCC_GetPCLK1Freq
                0x0000000008002f60       0x28 ./Drivers/STM32F1xx_HAL_Driver/Src/stm32f1xx_hal_rcc.o
                0x0000000008002f60                HAL_RCC_GetPCLK1Freq
 .text.HAL_RCC_GetPCLK2Freq
                0x0000000008002f88       0x28 ./Drivers/STM32F1xx_HAL_Driver/Src/stm32f1xx_hal_rcc.o
                0x0000000008002f88                HAL_RCC_GetPCLK2Freq
 .text.RCC_Delay
                0x0000000008002fb0       0x3c ./Drivers/STM32F1xx_HAL_Driver/Src/stm32f1xx_hal_rcc.o
 .text.HAL_UART_Init
                0x0000000008002fec       0xa0 ./Drivers/STM32F1xx_HAL_Driver/Src/stm32f1xx_hal_uart.o
                0x0000000008002fec                HAL_UART_Init
 .text.HAL_UART_Transmit
                0x000000000800308c      0x106 ./Drivers/STM32F1xx_HAL_Driver/Src/stm32f1xx_hal_uart.o
                0x000000000800308c                HAL_UART_Transmit
 .text.UART_WaitOnFlagUntilTimeout
                0x0000000008003192       0xdc ./Drivers/STM32F1xx_HAL_Driver/Src/stm32f1xx_hal_uart.o
 *fill*         0x000000000800326e        0x2 
 .text.UART_SetConfig
                0x0000000008003270      0x11c ./Drivers/STM32F1xx_HAL_Driver/Src/stm32f1xx_hal_uart.o
 .text.VL53L1_DataInit
                0x000000000800338c       0x72 ./Drivers/VL53L1X/core/src/vl53l1_api.o
                0x000000000800338c                VL53L1_DataInit
 .text.VL53L1_StaticInit
                0x00000000080033fe       0x3e ./Drivers/VL53L1X/core/src/vl53l1_api.o
                0x00000000080033fe                VL53L1_StaticInit
 .text.VL53L1_WaitDeviceBooted
                0x000000000800343c       0x26 ./Drivers/VL53L1X/core/src/vl53l1_api.o
                0x000000000800343c                VL53L1_WaitDeviceBooted
 *fill*         0x0000000008003462        0x2 
 .text.ComputeDevicePresetMode
                0x0000000008003464       0xcc ./Drivers/VL53L1X/core/src/vl53l1_api.o
 .text.SetPresetMode
                0x0000000008003530       0xde ./Drivers/VL53L1X/core/src/vl53l1_api.o
 .text.VL53L1_SetPresetMode
                0x000000000800360e       0x8a ./Drivers/VL53L1X/core/src/vl53l1_api.o
                0x000000000800360e                VL53L1_SetPresetMode
 .text.VL53L1_SetDistanceMode
                0x0000000008003698       0xea ./Drivers/VL53L1X/core/src/vl53l1_api.o
                0x0000000008003698                VL53L1_SetDistanceMode
 *fill*         0x0000000008003782        0x2 
 .text.VL53L1_SetMeasurementTimingBudgetMicroSeconds
                0x0000000008003784      0x1c0 ./Drivers/VL53L1X/core/src/vl53l1_api.o
                0x0000000008003784                VL53L1_SetMeasurementTimingBudgetMicroSeconds
 .text.VL53L1_GetMeasurementTimingBudgetMicroSeconds
                0x0000000008003944      0x154 ./Drivers/VL53L1X/core/src/vl53l1_api.o
                0x0000000008003944                VL53L1_GetMeasurementTimingBudgetMicroSeconds
 .text.VL53L1_SetInterMeasurementPeriodMilliSeconds
                0x0000000008003a98       0x40 ./Drivers/VL53L1X/core/src/vl53l1_api.o
                0x0000000008003a98                VL53L1_SetInterMeasurementPeriodMilliSeconds
 .text.VL53L1_GetInterMeasurementPeriodMilliSeconds
                0x0000000008003ad8       0x48 ./Drivers/VL53L1X/core/src/vl53l1_api.o
                0x0000000008003ad8                VL53L1_GetInterMeasurementPeriodMilliSeconds
 .text.SetLimitValue
                0x0000000008003b20       0x52 ./Drivers/VL53L1X/core/src/vl53l1_api.o
 .text.VL53L1_SetLimitCheckEnable
                0x0000000008003b72       0x7c ./Drivers/VL53L1X/core/src/vl53l1_api.o
                0x0000000008003b72                VL53L1_SetLimitCheckEnable
 .text.VL53L1_GetLimitCheckEnable
                0x0000000008003bee       0x44 ./Drivers/VL53L1X/core/src/vl53l1_api.o
                0x0000000008003bee                VL53L1_GetLimitCheckEnable
 .text.VL53L1_GetLimitCheckValue
                0x0000000008003c32       0xb2 ./Drivers/VL53L1X/core/src/vl53l1_api.o
                0x0000000008003c32                VL53L1_GetLimitCheckValue
 .text.VL53L1_GetSequenceStepEnable
                0x0000000008003ce4       0x2e ./Drivers/VL53L1X/core/src/vl53l1_api.o
                0x0000000008003ce4                VL53L1_GetSequenceStepEnable
 *fill*         0x0000000008003d12        0x2 
 .text.VL53L1_StartMeasurement
                0x0000000008003d14       0xd8 ./Drivers/VL53L1X/core/src/vl53l1_api.o
                0x0000000008003d14                VL53L1_StartMeasurement
 .text.VL53L1_ClearInterruptAndStartMeasurement
                0x0000000008003dec       0x2c ./Drivers/VL53L1X/core/src/vl53l1_api.o
                0x0000000008003dec                VL53L1_ClearInterruptAndStartMeasurement
 .text.VL53L1_WaitMeasurementDataReady
                0x0000000008003e18       0x26 ./Drivers/VL53L1X/core/src/vl53l1_api.o
                0x0000000008003e18                VL53L1_WaitMeasurementDataReady
 *fill*         0x0000000008003e3e        0x2 
 .text.ComputeRQL
                0x0000000008003e40       0xec ./Drivers/VL53L1X/core/src/vl53l1_api.o
 .text.ConvertStatusLite
                0x0000000008003f2c       0xa0 ./Drivers/VL53L1X/core/src/vl53l1_api.o
 .text.SetSimpleData
                0x0000000008003fcc      0x1c0 ./Drivers/VL53L1X/core/src/vl53l1_api.o
 .text.VL53L1_GetRangingMeasurementData
                0x000000000800418c       0x78 ./Drivers/VL53L1X/core/src/vl53l1_api.o
                0x000000000800418c                VL53L1_GetRangingMeasurementData
 .text.VL53L1_LoadPatch
                0x0000000008004204      0x250 ./Drivers/VL53L1X/core/src/vl53l1_api.o
 .text.VL53L1_data_init
                0x0000000008004454      0x13a ./Drivers/VL53L1X/core/src/vl53l1_api_core.o
                0x0000000008004454                VL53L1_data_init
 .text.VL53L1_read_p2p_data
                0x000000000800458e      0x100 ./Drivers/VL53L1X/core/src/vl53l1_api_core.o
                0x000000000800458e                VL53L1_read_p2p_data
 .text.VL53L1_set_inter_measurement_period_ms
                0x000000000800468e       0x50 ./Drivers/VL53L1X/core/src/vl53l1_api_core.o
                0x000000000800468e                VL53L1_set_inter_measurement_period_ms
 .text.VL53L1_get_inter_measurement_period_ms
                0x00000000080046de       0x4a ./Drivers/VL53L1X/core/src/vl53l1_api_core.o
                0x00000000080046de                VL53L1_get_inter_measurement_period_ms
 .text.VL53L1_set_timeouts_us
                0x0000000008004728       0x70 ./Drivers/VL53L1X/core/src/vl53l1_api_core.o
                0x0000000008004728                VL53L1_set_timeouts_us
 .text.VL53L1_get_timeouts_us
                0x0000000008004798       0xd6 ./Drivers/VL53L1X/core/src/vl53l1_api_core.o
                0x0000000008004798                VL53L1_get_timeouts_us
 .text.VL53L1_get_sequence_config_bit
                0x000000000800486e       0x6c ./Drivers/VL53L1X/core/src/vl53l1_api_core.o
                0x000000000800486e                VL53L1_get_sequence_config_bit
 .text.VL53L1_set_user_zone
                0x00000000080048da       0x46 ./Drivers/VL53L1X/core/src/vl53l1_api_core.o
                0x00000000080048da                VL53L1_set_user_zone
 .text.VL53L1_get_user_zone
                0x0000000008004920       0x44 ./Drivers/VL53L1X/core/src/vl53l1_api_core.o
                0x0000000008004920                VL53L1_get_user_zone
 .text.VL53L1_get_mode_mitigation_roi
                0x0000000008004964       0x68 ./Drivers/VL53L1X/core/src/vl53l1_api_core.o
                0x0000000008004964                VL53L1_get_mode_mitigation_roi
 .text.VL53L1_get_preset_mode_timing_cfg
                0x00000000080049cc      0x154 ./Drivers/VL53L1X/core/src/vl53l1_api_core.o
                0x00000000080049cc                VL53L1_get_preset_mode_timing_cfg
 .text.VL53L1_set_preset_mode
                0x0000000008004b20      0x2ec ./Drivers/VL53L1X/core/src/vl53l1_api_core.o
                0x0000000008004b20                VL53L1_set_preset_mode
 .text.VL53L1_get_lite_sigma_threshold
                0x0000000008004e0c       0x2a ./Drivers/VL53L1X/core/src/vl53l1_api_core.o
                0x0000000008004e0c                VL53L1_get_lite_sigma_threshold
 .text.VL53L1_set_lite_sigma_threshold
                0x0000000008004e36       0x2a ./Drivers/VL53L1X/core/src/vl53l1_api_core.o
                0x0000000008004e36                VL53L1_set_lite_sigma_threshold
 .text.VL53L1_get_lite_min_count_rate
                0x0000000008004e60       0x2a ./Drivers/VL53L1X/core/src/vl53l1_api_core.o
                0x0000000008004e60                VL53L1_get_lite_min_count_rate
 .text.VL53L1_set_lite_min_count_rate
                0x0000000008004e8a       0x2a ./Drivers/VL53L1X/core/src/vl53l1_api_core.o
                0x0000000008004e8a                VL53L1_set_lite_min_count_rate
 .text.VL53L1_set_vhv_loopbound
                0x0000000008004eb4       0x3e ./Drivers/VL53L1X/core/src/vl53l1_api_core.o
                0x0000000008004eb4                VL53L1_set_vhv_loopbound
 *fill*         0x0000000008004ef2        0x2 
 .text.VL53L1_init_and_start_range
                0x0000000008004ef4      0x4c4 ./Drivers/VL53L1X/core/src/vl53l1_api_core.o
                0x0000000008004ef4                VL53L1_init_and_start_range
 .text.VL53L1_get_measurement_results
                0x00000000080053b8      0x178 ./Drivers/VL53L1X/core/src/vl53l1_api_core.o
                0x00000000080053b8                VL53L1_get_measurement_results
 .text.VL53L1_get_device_results
                0x0000000008005530       0xe0 ./Drivers/VL53L1X/core/src/vl53l1_api_core.o
                0x0000000008005530                VL53L1_get_device_results
 .text.VL53L1_clear_interrupt_and_enable_next_range
                0x0000000008005610       0x34 ./Drivers/VL53L1X/core/src/vl53l1_api_core.o
                0x0000000008005610                VL53L1_clear_interrupt_and_enable_next_range
 .text.VL53L1_copy_sys_and_core_results_to_range_results
                0x0000000008005644      0x234 ./Drivers/VL53L1X/core/src/vl53l1_api_core.o
                0x0000000008005644                VL53L1_copy_sys_and_core_results_to_range_results
 .text.VL53L1_get_tuning_parm
                0x0000000008005878      0x448 ./Drivers/VL53L1X/core/src/vl53l1_api_core.o
                0x0000000008005878                VL53L1_get_tuning_parm
 .text.VL53L1_init_refspadchar_config_struct
                0x0000000008005cc0       0x46 ./Drivers/VL53L1X/core/src/vl53l1_api_preset_modes.o
                0x0000000008005cc0                VL53L1_init_refspadchar_config_struct
 .text.VL53L1_init_ssc_config_struct
                0x0000000008005d06       0x40 ./Drivers/VL53L1X/core/src/vl53l1_api_preset_modes.o
                0x0000000008005d06                VL53L1_init_ssc_config_struct
 .text.VL53L1_init_xtalk_config_struct
                0x0000000008005d46       0xc4 ./Drivers/VL53L1X/core/src/vl53l1_api_preset_modes.o
                0x0000000008005d46                VL53L1_init_xtalk_config_struct
 .text.VL53L1_init_offset_cal_config_struct
                0x0000000008005e0a       0x4c ./Drivers/VL53L1X/core/src/vl53l1_api_preset_modes.o
                0x0000000008005e0a                VL53L1_init_offset_cal_config_struct
 .text.VL53L1_init_tuning_parm_storage_struct
                0x0000000008005e56      0x11c ./Drivers/VL53L1X/core/src/vl53l1_api_preset_modes.o
                0x0000000008005e56                VL53L1_init_tuning_parm_storage_struct
 .text.VL53L1_preset_mode_standard_ranging
                0x0000000008005f72      0x23a ./Drivers/VL53L1X/core/src/vl53l1_api_preset_modes.o
                0x0000000008005f72                VL53L1_preset_mode_standard_ranging
 .text.VL53L1_preset_mode_standard_ranging_short_range
                0x00000000080061ac       0x82 ./Drivers/VL53L1X/core/src/vl53l1_api_preset_modes.o
                0x00000000080061ac                VL53L1_preset_mode_standard_ranging_short_range
 .text.VL53L1_preset_mode_standard_ranging_long_range
                0x000000000800622e       0x82 ./Drivers/VL53L1X/core/src/vl53l1_api_preset_modes.o
                0x000000000800622e                VL53L1_preset_mode_standard_ranging_long_range
 .text.VL53L1_preset_mode_standard_ranging_mm1_cal
                0x00000000080062b0       0x4a ./Drivers/VL53L1X/core/src/vl53l1_api_preset_modes.o
                0x00000000080062b0                VL53L1_preset_mode_standard_ranging_mm1_cal
 .text.VL53L1_preset_mode_standard_ranging_mm2_cal
                0x00000000080062fa       0x4a ./Drivers/VL53L1X/core/src/vl53l1_api_preset_modes.o
                0x00000000080062fa                VL53L1_preset_mode_standard_ranging_mm2_cal
 .text.VL53L1_preset_mode_timed_ranging
                0x0000000008006344       0x74 ./Drivers/VL53L1X/core/src/vl53l1_api_preset_modes.o
                0x0000000008006344                VL53L1_preset_mode_timed_ranging
 .text.VL53L1_preset_mode_timed_ranging_short_range
                0x00000000080063b8       0x74 ./Drivers/VL53L1X/core/src/vl53l1_api_preset_modes.o
                0x00000000080063b8                VL53L1_preset_mode_timed_ranging_short_range
 .text.VL53L1_preset_mode_timed_ranging_long_range
                0x000000000800642c       0x74 ./Drivers/VL53L1X/core/src/vl53l1_api_preset_modes.o
                0x000000000800642c                VL53L1_preset_mode_timed_ranging_long_range
 .text.VL53L1_preset_mode_low_power_auto_ranging
                0x00000000080064a0       0x4c ./Drivers/VL53L1X/core/src/vl53l1_api_preset_modes.o
                0x00000000080064a0                VL53L1_preset_mode_low_power_auto_ranging
 .text.VL53L1_preset_mode_low_power_auto_short_ranging
                0x00000000080064ec       0x4c ./Drivers/VL53L1X/core/src/vl53l1_api_preset_modes.o
                0x00000000080064ec                VL53L1_preset_mode_low_power_auto_short_ranging
 .text.VL53L1_preset_mode_low_power_auto_long_ranging
                0x0000000008006538       0x4c ./Drivers/VL53L1X/core/src/vl53l1_api_preset_modes.o
                0x0000000008006538                VL53L1_preset_mode_low_power_auto_long_ranging
 .text.VL53L1_preset_mode_singleshot_ranging
                0x0000000008006584       0x6c ./Drivers/VL53L1X/core/src/vl53l1_api_preset_modes.o
                0x0000000008006584                VL53L1_preset_mode_singleshot_ranging
 .text.VL53L1_preset_mode_olt
                0x00000000080065f0       0x44 ./Drivers/VL53L1X/core/src/vl53l1_api_preset_modes.o
                0x00000000080065f0                VL53L1_preset_mode_olt
 .text.VL53L1_init_version
                0x0000000008006634       0x36 ./Drivers/VL53L1X/core/src/vl53l1_core.o
                0x0000000008006634                VL53L1_init_version
 .text.VL53L1_init_ll_driver_state
                0x000000000800666a       0x50 ./Drivers/VL53L1X/core/src/vl53l1_core.o
                0x000000000800666a                VL53L1_init_ll_driver_state
 *fill*         0x00000000080066ba        0x2 
 .text.VL53L1_update_ll_driver_rd_state
                0x00000000080066bc      0x110 ./Drivers/VL53L1X/core/src/vl53l1_core.o
                0x00000000080066bc                VL53L1_update_ll_driver_rd_state
 .text.VL53L1_check_ll_driver_rd_state
                0x00000000080067cc       0x94 ./Drivers/VL53L1X/core/src/vl53l1_core.o
                0x00000000080067cc                VL53L1_check_ll_driver_rd_state
 .text.VL53L1_update_ll_driver_cfg_state
                0x0000000008006860       0xca ./Drivers/VL53L1X/core/src/vl53l1_core.o
                0x0000000008006860                VL53L1_update_ll_driver_cfg_state
 .text.VL53L1_copy_rtn_good_spads_to_buffer
                0x000000000800692a      0x172 ./Drivers/VL53L1X/core/src/vl53l1_core.o
                0x000000000800692a                VL53L1_copy_rtn_good_spads_to_buffer
 .text.VL53L1_i2c_encode_uint16_t
                0x0000000008006a9c       0x54 ./Drivers/VL53L1X/core/src/vl53l1_core.o
                0x0000000008006a9c                VL53L1_i2c_encode_uint16_t
 .text.VL53L1_i2c_decode_uint16_t
                0x0000000008006af0       0x3e ./Drivers/VL53L1X/core/src/vl53l1_core.o
                0x0000000008006af0                VL53L1_i2c_decode_uint16_t
 .text.VL53L1_i2c_encode_int16_t
                0x0000000008006b2e       0x56 ./Drivers/VL53L1X/core/src/vl53l1_core.o
                0x0000000008006b2e                VL53L1_i2c_encode_int16_t
 .text.VL53L1_i2c_decode_int16_t
                0x0000000008006b84       0x50 ./Drivers/VL53L1X/core/src/vl53l1_core.o
                0x0000000008006b84                VL53L1_i2c_decode_int16_t
 .text.VL53L1_i2c_encode_uint32_t
                0x0000000008006bd4       0x52 ./Drivers/VL53L1X/core/src/vl53l1_core.o
                0x0000000008006bd4                VL53L1_i2c_encode_uint32_t
 .text.VL53L1_i2c_decode_uint32_t
                0x0000000008006c26       0x38 ./Drivers/VL53L1X/core/src/vl53l1_core.o
                0x0000000008006c26                VL53L1_i2c_decode_uint32_t
 .text.VL53L1_i2c_decode_int32_t
                0x0000000008006c5e       0x48 ./Drivers/VL53L1X/core/src/vl53l1_core.o
                0x0000000008006c5e                VL53L1_i2c_decode_int32_t
 .text.VL53L1_set_powerforce_register
                0x0000000008006ca6       0x3c ./Drivers/VL53L1X/core/src/vl53l1_core.o
                0x0000000008006ca6                VL53L1_set_powerforce_register
 .text.VL53L1_enable_powerforce
                0x0000000008006ce2       0x24 ./Drivers/VL53L1X/core/src/vl53l1_core.o
                0x0000000008006ce2                VL53L1_enable_powerforce
 .text.VL53L1_calc_macro_period_us
                0x0000000008006d06       0x5e ./Drivers/VL53L1X/core/src/vl53l1_core.o
                0x0000000008006d06                VL53L1_calc_macro_period_us
 .text.VL53L1_calc_range_ignore_threshold
                0x0000000008006d64       0xc4 ./Drivers/VL53L1X/core/src/vl53l1_core.o
                0x0000000008006d64                VL53L1_calc_range_ignore_threshold
 .text.VL53L1_calc_timeout_mclks
                0x0000000008006e28       0x2c ./Drivers/VL53L1X/core/src/vl53l1_core.o
                0x0000000008006e28                VL53L1_calc_timeout_mclks
 .text.VL53L1_calc_encoded_timeout
                0x0000000008006e54       0x30 ./Drivers/VL53L1X/core/src/vl53l1_core.o
                0x0000000008006e54                VL53L1_calc_encoded_timeout
 .text.VL53L1_calc_timeout_us
                0x0000000008006e84       0x80 ./Drivers/VL53L1X/core/src/vl53l1_core.o
                0x0000000008006e84                VL53L1_calc_timeout_us
 .text.VL53L1_calc_decoded_timeout_us
                0x0000000008006f04       0x32 ./Drivers/VL53L1X/core/src/vl53l1_core.o
                0x0000000008006f04                VL53L1_calc_decoded_timeout_us
 .text.VL53L1_encode_timeout
                0x0000000008006f36       0x56 ./Drivers/VL53L1X/core/src/vl53l1_core.o
                0x0000000008006f36                VL53L1_encode_timeout
 .text.VL53L1_decode_timeout
                0x0000000008006f8c       0x2a ./Drivers/VL53L1X/core/src/vl53l1_core.o
                0x0000000008006f8c                VL53L1_decode_timeout
 .text.VL53L1_calc_timeout_register_values
                0x0000000008006fb6       0xf2 ./Drivers/VL53L1X/core/src/vl53l1_core.o
                0x0000000008006fb6                VL53L1_calc_timeout_register_values
 .text.VL53L1_encode_row_col
                0x00000000080070a8       0x4c ./Drivers/VL53L1X/core/src/vl53l1_core.o
                0x00000000080070a8                VL53L1_encode_row_col
 .text.VL53L1_decode_zone_size
                0x00000000080070f4       0x2e ./Drivers/VL53L1X/core/src/vl53l1_core.o
                0x00000000080070f4                VL53L1_decode_zone_size
 .text.VL53L1_encode_zone_size
                0x0000000008007122       0x2a ./Drivers/VL53L1X/core/src/vl53l1_core.o
                0x0000000008007122                VL53L1_encode_zone_size
 .text.VL53L1_low_power_auto_data_init
                0x000000000800714c       0x66 ./Drivers/VL53L1X/core/src/vl53l1_core.o
                0x000000000800714c                VL53L1_low_power_auto_data_init
 .text.VL53L1_config_low_power_auto_mode
                0x00000000080071b2       0x30 ./Drivers/VL53L1X/core/src/vl53l1_core.o
                0x00000000080071b2                VL53L1_config_low_power_auto_mode
 .text.VL53L1_low_power_auto_setup_manual_calibration
                0x00000000080071e2       0x88 ./Drivers/VL53L1X/core/src/vl53l1_core.o
                0x00000000080071e2                VL53L1_low_power_auto_setup_manual_calibration
 .text.VL53L1_calc_pll_period_us
                0x000000000800726a       0x26 ./Drivers/VL53L1X/core/src/vl53l1_core_support.o
                0x000000000800726a                VL53L1_calc_pll_period_us
 .text.VL53L1_decode_vcsel_period
                0x0000000008007290       0x24 ./Drivers/VL53L1X/core/src/vl53l1_core_support.o
                0x0000000008007290                VL53L1_decode_vcsel_period
 .text.VL53L1_decode_row_col
                0x00000000080072b4       0x5c ./Drivers/VL53L1X/core/src/vl53l1_core_support.o
                0x00000000080072b4                VL53L1_decode_row_col
 .text.VL53L1_i2c_encode_static_nvm_managed
                0x0000000008007310       0xb6 ./Drivers/VL53L1X/core/src/vl53l1_register_funcs.o
                0x0000000008007310                VL53L1_i2c_encode_static_nvm_managed
 .text.VL53L1_i2c_decode_static_nvm_managed
                0x00000000080073c6       0xb4 ./Drivers/VL53L1X/core/src/vl53l1_register_funcs.o
                0x00000000080073c6                VL53L1_i2c_decode_static_nvm_managed
 .text.VL53L1_get_static_nvm_managed
                0x000000000800747a       0x4e ./Drivers/VL53L1X/core/src/vl53l1_register_funcs.o
                0x000000000800747a                VL53L1_get_static_nvm_managed
 .text.VL53L1_i2c_encode_customer_nvm_managed
                0x00000000080074c8      0x114 ./Drivers/VL53L1X/core/src/vl53l1_register_funcs.o
                0x00000000080074c8                VL53L1_i2c_encode_customer_nvm_managed
 .text.VL53L1_i2c_decode_customer_nvm_managed
                0x00000000080075dc      0x11a ./Drivers/VL53L1X/core/src/vl53l1_register_funcs.o
                0x00000000080075dc                VL53L1_i2c_decode_customer_nvm_managed
 .text.VL53L1_get_customer_nvm_managed
                0x00000000080076f6       0x4e ./Drivers/VL53L1X/core/src/vl53l1_register_funcs.o
                0x00000000080076f6                VL53L1_get_customer_nvm_managed
 .text.VL53L1_i2c_encode_static_config
                0x0000000008007744      0x1c6 ./Drivers/VL53L1X/core/src/vl53l1_register_funcs.o
                0x0000000008007744                VL53L1_i2c_encode_static_config
 .text.VL53L1_i2c_encode_general_config
                0x000000000800790a      0x108 ./Drivers/VL53L1X/core/src/vl53l1_register_funcs.o
                0x000000000800790a                VL53L1_i2c_encode_general_config
 .text.VL53L1_i2c_encode_timing_config
                0x0000000008007a12      0x104 ./Drivers/VL53L1X/core/src/vl53l1_register_funcs.o
                0x0000000008007a12                VL53L1_i2c_encode_timing_config
 .text.VL53L1_i2c_encode_dynamic_config
                0x0000000008007b16      0x10a ./Drivers/VL53L1X/core/src/vl53l1_register_funcs.o
                0x0000000008007b16                VL53L1_i2c_encode_dynamic_config
 .text.VL53L1_i2c_encode_system_control
                0x0000000008007c20       0x74 ./Drivers/VL53L1X/core/src/vl53l1_register_funcs.o
                0x0000000008007c20                VL53L1_i2c_encode_system_control
 .text.VL53L1_i2c_decode_system_results
                0x0000000008007c94      0x1ec ./Drivers/VL53L1X/core/src/vl53l1_register_funcs.o
                0x0000000008007c94                VL53L1_i2c_decode_system_results
 .text.VL53L1_i2c_decode_core_results
                0x0000000008007e80       0xc2 ./Drivers/VL53L1X/core/src/vl53l1_register_funcs.o
                0x0000000008007e80                VL53L1_i2c_decode_core_results
 .text.VL53L1_i2c_decode_debug_results
                0x0000000008007f42      0x2e4 ./Drivers/VL53L1X/core/src/vl53l1_register_funcs.o
                0x0000000008007f42                VL53L1_i2c_decode_debug_results
 .text.VL53L1_i2c_decode_nvm_copy_data
                0x0000000008008226      0x24c ./Drivers/VL53L1X/core/src/vl53l1_register_funcs.o
                0x0000000008008226                VL53L1_i2c_decode_nvm_copy_data
 .text.VL53L1_get_nvm_copy_data
                0x0000000008008472       0x56 ./Drivers/VL53L1X/core/src/vl53l1_register_funcs.o
                0x0000000008008472                VL53L1_get_nvm_copy_data
 .text.VL53L1_poll_for_boot_completion
                0x00000000080084c8       0x58 ./Drivers/VL53L1X/core/src/vl53l1_wait.o
                0x00000000080084c8                VL53L1_poll_for_boot_completion
 .text.VL53L1_poll_for_range_completion
                0x0000000008008520       0x5a ./Drivers/VL53L1X/core/src/vl53l1_wait.o
                0x0000000008008520                VL53L1_poll_for_range_completion
 .text._I2CWrite
                0x000000000800857a       0x3e ./Drivers/VL53L1X/platform/src/vl53l1_platform.o
                0x000000000800857a                _I2CWrite
 .text._I2CRead
                0x00000000080085b8       0x44 ./Drivers/VL53L1X/platform/src/vl53l1_platform.o
                0x00000000080085b8                _I2CRead
 .text.VL53L1_WriteMulti
                0x00000000080085fc       0x6c ./Drivers/VL53L1X/platform/src/vl53l1_platform.o
                0x00000000080085fc                VL53L1_WriteMulti
 .text.VL53L1_ReadMulti
                0x0000000008008668       0x6c ./Drivers/VL53L1X/platform/src/vl53l1_platform.o
                0x0000000008008668                VL53L1_ReadMulti
 .text.VL53L1_WrByte
                0x00000000080086d4       0x54 ./Drivers/VL53L1X/platform/src/vl53l1_platform.o
                0x00000000080086d4                VL53L1_WrByte
 .text.VL53L1_RdByte
                0x0000000008008728       0x68 ./Drivers/VL53L1X/platform/src/vl53l1_platform.o
                0x0000000008008728                VL53L1_RdByte
 .text.VL53L1_RdWord
                0x0000000008008790       0x80 ./Drivers/VL53L1X/platform/src/vl53l1_platform.o
                0x0000000008008790                VL53L1_RdWord
 .text.VL53L1_GetTickCount
                0x0000000008008810       0x20 ./Drivers/VL53L1X/platform/src/vl53l1_platform.o
                0x0000000008008810                VL53L1_GetTickCount
 .text.VL53L1_WaitMs
                0x0000000008008830       0x1c ./Drivers/VL53L1X/platform/src/vl53l1_platform.o
                0x0000000008008830                VL53L1_WaitMs
 .text.VL53L1_WaitUs
                0x000000000800884c       0x2c ./Drivers/VL53L1X/platform/src/vl53l1_platform.o
                0x000000000800884c                VL53L1_WaitUs
 .text.VL53L1_WaitValueMaskEx
                0x0000000008008878      0x154 ./Drivers/VL53L1X/platform/src/vl53l1_platform.o
                0x0000000008008878                VL53L1_WaitValueMaskEx
 .text.__cvt    0x00000000080089cc       0xbe C:/ST/STM32CubeIDE_1.12.0/STM32CubeIDE/plugins/com.st.stm32cube.ide.mcu.externaltools.gnu-tools-for-stm32.11.3.rel1.win32_1.1.1.202309131626/tools/bin/../lib/gcc/arm-none-eabi/11.3.1/../../../../arm-none-eabi/lib/thumb/v7-m/nofp\libc_nano.a(libc_a-nano-vfprintf_float.o)
                0x00000000080089cc                __cvt
 .text.__exponent
                0x0000000008008a8a       0x7a C:/ST/STM32CubeIDE_1.12.0/STM32CubeIDE/plugins/com.st.stm32cube.ide.mcu.externaltools.gnu-tools-for-stm32.11.3.rel1.win32_1.1.1.202309131626/tools/bin/../lib/gcc/arm-none-eabi/11.3.1/../../../../arm-none-eabi/lib/thumb/v7-m/nofp\libc_nano.a(libc_a-nano-vfprintf_float.o)
                0x0000000008008a8a                __exponent
 .text._printf_float
                0x0000000008008b04      0x45c C:/ST/STM32CubeIDE_1.12.0/STM32CubeIDE/plugins/com.st.stm32cube.ide.mcu.externaltools.gnu-tools-for-stm32.11.3.rel1.win32_1.1.1.202309131626/tools/bin/../lib/gcc/arm-none-eabi/11.3.1/../../../../arm-none-eabi/lib/thumb/v7-m/nofp\libc_nano.a(libc_a-nano-vfprintf_float.o)
                0x0000000008008b04                _printf_float
 .text._printf_common
                0x0000000008008f60       0xe4 C:/ST/STM32CubeIDE_1.12.0/STM32CubeIDE/plugins/com.st.stm32cube.ide.mcu.externaltools.gnu-tools-for-stm32.11.3.rel1.win32_1.1.1.202309131626/tools/bin/../lib/gcc/arm-none-eabi/11.3.1/../../../../arm-none-eabi/lib/thumb/v7-m/nofp\libc_nano.a(libc_a-nano-vfprintf_i.o)
                0x0000000008008f60                _printf_common
 .text._printf_i
                0x0000000008009044      0x244 C:/ST/STM32CubeIDE_1.12.0/STM32CubeIDE/plugins/com.st.stm32cube.ide.mcu.externaltools.gnu-tools-for-stm32.11.3.rel1.win32_1.1.1.202309131626/tools/bin/../lib/gcc/arm-none-eabi/11.3.1/../../../../arm-none-eabi/lib/thumb/v7-m/nofp\libc_nano.a(libc_a-nano-vfprintf_i.o)
                0x0000000008009044                _printf_i
 .text.std      0x0000000008009288       0x6c C:/ST/STM32CubeIDE_1.12.0/STM32CubeIDE/plugins/com.st.stm32cube.ide.mcu.externaltools.gnu-tools-for-stm32.11.3.rel1.win32_1.1.1.202309131626/tools/bin/../lib/gcc/arm-none-eabi/11.3.1/../../../../arm-none-eabi/lib/thumb/v7-m/nofp\libc_nano.a(libc_a-findfp.o)
 .text.stdio_exit_handler
                0x00000000080092f4       0x18 C:/ST/STM32CubeIDE_1.12.0/STM32CubeIDE/plugins/com.st.stm32cube.ide.mcu.externaltools.gnu-tools-for-stm32.11.3.rel1.win32_1.1.1.202309131626/tools/bin/../lib/gcc/arm-none-eabi/11.3.1/../../../../arm-none-eabi/lib/thumb/v7-m/nofp\libc_nano.a(libc_a-findfp.o)
 .text.cleanup_stdio
                0x000000000800930c       0x40 C:/ST/STM32CubeIDE_1.12.0/STM32CubeIDE/plugins/com.st.stm32cube.ide.mcu.externaltools.gnu-tools-for-stm32.11.3.rel1.win32_1.1.1.202309131626/tools/bin/../lib/gcc/arm-none-eabi/11.3.1/../../../../arm-none-eabi/lib/thumb/v7-m/nofp\libc_nano.a(libc_a-findfp.o)
 .text.global_stdio_init.part.0
                0x000000000800934c       0x3c C:/ST/STM32CubeIDE_1.12.0/STM32CubeIDE/plugins/com.st.stm32cube.ide.mcu.externaltools.gnu-tools-for-stm32.11.3.rel1.win32_1.1.1.202309131626/tools/bin/../lib/gcc/arm-none-eabi/11.3.1/../../../../arm-none-eabi/lib/thumb/v7-m/nofp\libc_nano.a(libc_a-findfp.o)
 .text.__sfp_lock_acquire
                0x0000000008009388        0xc C:/ST/STM32CubeIDE_1.12.0/STM32CubeIDE/plugins/com.st.stm32cube.ide.mcu.externaltools.gnu-tools-for-stm32.11.3.rel1.win32_1.1.1.202309131626/tools/bin/../lib/gcc/arm-none-eabi/11.3.1/../../../../arm-none-eabi/lib/thumb/v7-m/nofp\libc_nano.a(libc_a-findfp.o)
                0x0000000008009388                __sfp_lock_acquire
 .text.__sfp_lock_release
                0x0000000008009394        0xc C:/ST/STM32CubeIDE_1.12.0/STM32CubeIDE/plugins/com.st.stm32cube.ide.mcu.externaltools.gnu-tools-for-stm32.11.3.rel1.win32_1.1.1.202309131626/tools/bin/../lib/gcc/arm-none-eabi/11.3.1/../../../../arm-none-eabi/lib/thumb/v7-m/nofp\libc_nano.a(libc_a-findfp.o)
                0x0000000008009394                __sfp_lock_release
 .text.__sinit  0x00000000080093a0       0x30 C:/ST/STM32CubeIDE_1.12.0/STM32CubeIDE/plugins/com.st.stm32cube.ide.mcu.externaltools.gnu-tools-for-stm32.11.3.rel1.win32_1.1.1.202309131626/tools/bin/../lib/gcc/arm-none-eabi/11.3.1/../../../../arm-none-eabi/lib/thumb/v7-m/nofp\libc_nano.a(libc_a-findfp.o)
                0x00000000080093a0                __sinit
 .text._fwalk_sglue
                0x00000000080093d0       0x3c C:/ST/STM32CubeIDE_1.12.0/STM32CubeIDE/plugins/com.st.stm32cube.ide.mcu.externaltools.gnu-tools-for-stm32.11.3.rel1.win32_1.1.1.202309131626/tools/bin/../lib/gcc/arm-none-eabi/11.3.1/../../../../arm-none-eabi/lib/thumb/v7-m/nofp\libc_nano.a(libc_a-fwalk.o)
                0x00000000080093d0                _fwalk_sglue
 .text.sprintf  0x000000000800940c       0x40 C:/ST/STM32CubeIDE_1.12.0/STM32CubeIDE/plugins/com.st.stm32cube.ide.mcu.externaltools.gnu-tools-for-stm32.11.3.rel1.win32_1.1.1.202309131626/tools/bin/../lib/gcc/arm-none-eabi/11.3.1/../../../../arm-none-eabi/lib/thumb/v7-m/nofp\libc_nano.a(libc_a-sprintf.o)
                0x000000000800940c                siprintf
                0x000000000800940c                sprintf
 .text.__sread  0x000000000800944c       0x22 C:/ST/STM32CubeIDE_1.12.0/STM32CubeIDE/plugins/com.st.stm32cube.ide.mcu.externaltools.gnu-tools-for-stm32.11.3.rel1.win32_1.1.1.202309131626/tools/bin/../lib/gcc/arm-none-eabi/11.3.1/../../../../arm-none-eabi/lib/thumb/v7-m/nofp\libc_nano.a(libc_a-stdio.o)
                0x000000000800944c                __sread
 .text.__swrite
                0x000000000800946e       0x38 C:/ST/STM32CubeIDE_1.12.0/STM32CubeIDE/plugins/com.st.stm32cube.ide.mcu.externaltools.gnu-tools-for-stm32.11.3.rel1.win32_1.1.1.202309131626/tools/bin/../lib/gcc/arm-none-eabi/11.3.1/../../../../arm-none-eabi/lib/thumb/v7-m/nofp\libc_nano.a(libc_a-stdio.o)
                0x000000000800946e                __swrite
 .text.__sseek  0x00000000080094a6       0x24 C:/ST/STM32CubeIDE_1.12.0/STM32CubeIDE/plugins/com.st.stm32cube.ide.mcu.externaltools.gnu-tools-for-stm32.11.3.rel1.win32_1.1.1.202309131626/tools/bin/../lib/gcc/arm-none-eabi/11.3.1/../../../../arm-none-eabi/lib/thumb/v7-m/nofp\libc_nano.a(libc_a-stdio.o)
                0x00000000080094a6                __sseek
 .text.__sclose
                0x00000000080094ca        0x8 C:/ST/STM32CubeIDE_1.12.0/STM32CubeIDE/plugins/com.st.stm32cube.ide.mcu.externaltools.gnu-tools-for-stm32.11.3.rel1.win32_1.1.1.202309131626/tools/bin/../lib/gcc/arm-none-eabi/11.3.1/../../../../arm-none-eabi/lib/thumb/v7-m/nofp\libc_nano.a(libc_a-stdio.o)
                0x00000000080094ca                __sclose
 .text.memset   0x00000000080094d2       0x10 C:/ST/STM32CubeIDE_1.12.0/STM32CubeIDE/plugins/com.st.stm32cube.ide.mcu.externaltools.gnu-tools-for-stm32.11.3.rel1.win32_1.1.1.202309131626/tools/bin/../lib/gcc/arm-none-eabi/11.3.1/../../../../arm-none-eabi/lib/thumb/v7-m/nofp\libc_nano.a(libc_a-memset.o)
                0x00000000080094d2                memset
 .text.strncpy  0x00000000080094e2       0x26 C:/ST/STM32CubeIDE_1.12.0/STM32CubeIDE/plugins/com.st.stm32cube.ide.mcu.externaltools.gnu-tools-for-stm32.11.3.rel1.win32_1.1.1.202309131626/tools/bin/../lib/gcc/arm-none-eabi/11.3.1/../../../../arm-none-eabi/lib/thumb/v7-m/nofp\libc_nano.a(libc_a-strncpy.o)
                0x00000000080094e2                strncpy
 .text._localeconv_r
                0x0000000008009508        0x8 C:/ST/STM32CubeIDE_1.12.0/STM32CubeIDE/plugins/com.st.stm32cube.ide.mcu.externaltools.gnu-tools-for-stm32.11.3.rel1.win32_1.1.1.202309131626/tools/bin/../lib/gcc/arm-none-eabi/11.3.1/../../../../arm-none-eabi/lib/thumb/v7-m/nofp\libc_nano.a(libc_a-localeconv.o)
                0x0000000008009508                _localeconv_r
 .text._close_r
                0x0000000008009510       0x20 C:/ST/STM32CubeIDE_1.12.0/STM32CubeIDE/plugins/com.st.stm32cube.ide.mcu.externaltools.gnu-tools-for-stm32.11.3.rel1.win32_1.1.1.202309131626/tools/bin/../lib/gcc/arm-none-eabi/11.3.1/../../../../arm-none-eabi/lib/thumb/v7-m/nofp\libc_nano.a(libc_a-closer.o)
                0x0000000008009510                _close_r
 .text._lseek_r
                0x0000000008009530       0x24 C:/ST/STM32CubeIDE_1.12.0/STM32CubeIDE/plugins/com.st.stm32cube.ide.mcu.externaltools.gnu-tools-for-stm32.11.3.rel1.win32_1.1.1.202309131626/tools/bin/../lib/gcc/arm-none-eabi/11.3.1/../../../../arm-none-eabi/lib/thumb/v7-m/nofp\libc_nano.a(libc_a-lseekr.o)
                0x0000000008009530                _lseek_r
 .text._read_r  0x0000000008009554       0x24 C:/ST/STM32CubeIDE_1.12.0/STM32CubeIDE/plugins/com.st.stm32cube.ide.mcu.externaltools.gnu-tools-for-stm32.11.3.rel1.win32_1.1.1.202309131626/tools/bin/../lib/gcc/arm-none-eabi/11.3.1/../../../../arm-none-eabi/lib/thumb/v7-m/nofp\libc_nano.a(libc_a-readr.o)
                0x0000000008009554                _read_r
 .text._write_r
                0x0000000008009578       0x24 C:/ST/STM32CubeIDE_1.12.0/STM32CubeIDE/plugins/com.st.stm32cube.ide.mcu.externaltools.gnu-tools-for-stm32.11.3.rel1.win32_1.1.1.202309131626/tools/bin/../lib/gcc/arm-none-eabi/11.3.1/../../../../arm-none-eabi/lib/thumb/v7-m/nofp\libc_nano.a(libc_a-writer.o)
                0x0000000008009578                _write_r
 .text.__errno  0x000000000800959c        0xc C:/ST/STM32CubeIDE_1.12.0/STM32CubeIDE/plugins/com.st.stm32cube.ide.mcu.externaltools.gnu-tools-for-stm32.11.3.rel1.win32_1.1.1.202309131626/tools/bin/../lib/gcc/arm-none-eabi/11.3.1/../../../../arm-none-eabi/lib/thumb/v7-m/nofp\libc_nano.a(libc_a-errno.o)
                0x000000000800959c                __errno
 .text.__libc_init_array
                0x00000000080095a8       0x48 C:/ST/STM32CubeIDE_1.12.0/STM32CubeIDE/plugins/com.st.stm32cube.ide.mcu.externaltools.gnu-tools-for-stm32.11.3.rel1.win32_1.1.1.202309131626/tools/bin/../lib/gcc/arm-none-eabi/11.3.1/../../../../arm-none-eabi/lib/thumb/v7-m/nofp\libc_nano.a(libc_a-init.o)
                0x00000000080095a8                __libc_init_array
 .text.__retarget_lock_init_recursive
                0x00000000080095f0        0x2 C:/ST/STM32CubeIDE_1.12.0/STM32CubeIDE/plugins/com.st.stm32cube.ide.mcu.externaltools.gnu-tools-for-stm32.11.3.rel1.win32_1.1.1.202309131626/tools/bin/../lib/gcc/arm-none-eabi/11.3.1/../../../../arm-none-eabi/lib/thumb/v7-m/nofp\libc_nano.a(libc_a-lock.o)
                0x00000000080095f0                __retarget_lock_init_recursive
 .text.__retarget_lock_acquire_recursive
                0x00000000080095f2        0x2 C:/ST/STM32CubeIDE_1.12.0/STM32CubeIDE/plugins/com.st.stm32cube.ide.mcu.externaltools.gnu-tools-for-stm32.11.3.rel1.win32_1.1.1.202309131626/tools/bin/../lib/gcc/arm-none-eabi/11.3.1/../../../../arm-none-eabi/lib/thumb/v7-m/nofp\libc_nano.a(libc_a-lock.o)
                0x00000000080095f2                __retarget_lock_acquire_recursive
 .text.__retarget_lock_release_recursive
                0x00000000080095f4        0x2 C:/ST/STM32CubeIDE_1.12.0/STM32CubeIDE/plugins/com.st.stm32cube.ide.mcu.externaltools.gnu-tools-for-stm32.11.3.rel1.win32_1.1.1.202309131626/tools/bin/../lib/gcc/arm-none-eabi/11.3.1/../../../../arm-none-eabi/lib/thumb/v7-m/nofp\libc_nano.a(libc_a-lock.o)
                0x00000000080095f4                __retarget_lock_release_recursive
 .text.memchr   0x00000000080095f6       0x1c C:/ST/STM32CubeIDE_1.12.0/STM32CubeIDE/plugins/com.st.stm32cube.ide.mcu.externaltools.gnu-tools-for-stm32.11.3.rel1.win32_1.1.1.202309131626/tools/bin/../lib/gcc/arm-none-eabi/11.3.1/../../../../arm-none-eabi/lib/thumb/v7-m/nofp\libc_nano.a(libc_a-memchr-stub.o)
                0x00000000080095f6                memchr
 .text.memcpy   0x0000000008009612       0x1c C:/ST/STM32CubeIDE_1.12.0/STM32CubeIDE/plugins/com.st.stm32cube.ide.mcu.externaltools.gnu-tools-for-stm32.11.3.rel1.win32_1.1.1.202309131626/tools/bin/../lib/gcc/arm-none-eabi/11.3.1/../../../../arm-none-eabi/lib/thumb/v7-m/nofp\libc_nano.a(libc_a-memcpy-stub.o)
                0x0000000008009612                memcpy
 .text.quorem   0x000000000800962e      0x112 C:/ST/STM32CubeIDE_1.12.0/STM32CubeIDE/plugins/com.st.stm32cube.ide.mcu.externaltools.gnu-tools-for-stm32.11.3.rel1.win32_1.1.1.202309131626/tools/bin/../lib/gcc/arm-none-eabi/11.3.1/../../../../arm-none-eabi/lib/thumb/v7-m/nofp\libc_nano.a(libc_a-dtoa.o)
 .text._dtoa_r  0x0000000008009740      0xbc8 C:/ST/STM32CubeIDE_1.12.0/STM32CubeIDE/plugins/com.st.stm32cube.ide.mcu.externaltools.gnu-tools-for-stm32.11.3.rel1.win32_1.1.1.202309131626/tools/bin/../lib/gcc/arm-none-eabi/11.3.1/../../../../arm-none-eabi/lib/thumb/v7-m/nofp\libc_nano.a(libc_a-dtoa.o)
                0x0000000008009740                _dtoa_r
 .text._free_r  0x000000000800a308       0x90 C:/ST/STM32CubeIDE_1.12.0/STM32CubeIDE/plugins/com.st.stm32cube.ide.mcu.externaltools.gnu-tools-for-stm32.11.3.rel1.win32_1.1.1.202309131626/tools/bin/../lib/gcc/arm-none-eabi/11.3.1/../../../../arm-none-eabi/lib/thumb/v7-m/nofp\libc_nano.a(libc_a-freer.o)
                0x000000000800a308                _free_r
 .text.malloc   0x000000000800a398       0x10 C:/ST/STM32CubeIDE_1.12.0/STM32CubeIDE/plugins/com.st.stm32cube.ide.mcu.externaltools.gnu-tools-for-stm32.11.3.rel1.win32_1.1.1.202309131626/tools/bin/../lib/gcc/arm-none-eabi/11.3.1/../../../../arm-none-eabi/lib/thumb/v7-m/nofp\libc_nano.a(libc_a-malloc.o)
                0x000000000800a398                malloc
 .text.sbrk_aligned
                0x000000000800a3a8       0x40 C:/ST/STM32CubeIDE_1.12.0/STM32CubeIDE/plugins/com.st.stm32cube.ide.mcu.externaltools.gnu-tools-for-stm32.11.3.rel1.win32_1.1.1.202309131626/tools/bin/../lib/gcc/arm-none-eabi/11.3.1/../../../../arm-none-eabi/lib/thumb/v7-m/nofp\libc_nano.a(libc_a-mallocr.o)
 .text._malloc_r
                0x000000000800a3e8      0x100 C:/ST/STM32CubeIDE_1.12.0/STM32CubeIDE/plugins/com.st.stm32cube.ide.mcu.externaltools.gnu-tools-for-stm32.11.3.rel1.win32_1.1.1.202309131626/tools/bin/../lib/gcc/arm-none-eabi/11.3.1/../../../../arm-none-eabi/lib/thumb/v7-m/nofp\libc_nano.a(libc_a-mallocr.o)
                0x000000000800a3e8                _malloc_r
 .text.__malloc_lock
                0x000000000800a4e8        0xc C:/ST/STM32CubeIDE_1.12.0/STM32CubeIDE/plugins/com.st.stm32cube.ide.mcu.externaltools.gnu-tools-for-stm32.11.3.rel1.win32_1.1.1.202309131626/tools/bin/../lib/gcc/arm-none-eabi/11.3.1/../../../../arm-none-eabi/lib/thumb/v7-m/nofp\libc_nano.a(libc_a-mlock.o)
                0x000000000800a4e8                __malloc_lock
 .text.__malloc_unlock
                0x000000000800a4f4        0xc C:/ST/STM32CubeIDE_1.12.0/STM32CubeIDE/plugins/com.st.stm32cube.ide.mcu.externaltools.gnu-tools-for-stm32.11.3.rel1.win32_1.1.1.202309131626/tools/bin/../lib/gcc/arm-none-eabi/11.3.1/../../../../arm-none-eabi/lib/thumb/v7-m/nofp\libc_nano.a(libc_a-mlock.o)
                0x000000000800a4f4                __malloc_unlock
 .text._Balloc  0x000000000800a500       0x80 C:/ST/STM32CubeIDE_1.12.0/STM32CubeIDE/plugins/com.st.stm32cube.ide.mcu.externaltools.gnu-tools-for-stm32.11.3.rel1.win32_1.1.1.202309131626/tools/bin/../lib/gcc/arm-none-eabi/11.3.1/../../../../arm-none-eabi/lib/thumb/v7-m/nofp\libc_nano.a(libc_a-mprec.o)
                0x000000000800a500                _Balloc
 .text._Bfree   0x000000000800a580       0x44 C:/ST/STM32CubeIDE_1.12.0/STM32CubeIDE/plugins/com.st.stm32cube.ide.mcu.externaltools.gnu-tools-for-stm32.11.3.rel1.win32_1.1.1.202309131626/tools/bin/../lib/gcc/arm-none-eabi/11.3.1/../../../../arm-none-eabi/lib/thumb/v7-m/nofp\libc_nano.a(libc_a-mprec.o)
                0x000000000800a580                _Bfree
 .text.__multadd
                0x000000000800a5c4       0x8c C:/ST/STM32CubeIDE_1.12.0/STM32CubeIDE/plugins/com.st.stm32cube.ide.mcu.externaltools.gnu-tools-for-stm32.11.3.rel1.win32_1.1.1.202309131626/tools/bin/../lib/gcc/arm-none-eabi/11.3.1/../../../../arm-none-eabi/lib/thumb/v7-m/nofp\libc_nano.a(libc_a-mprec.o)
                0x000000000800a5c4                __multadd
 .text.__hi0bits
                0x000000000800a650       0x40 C:/ST/STM32CubeIDE_1.12.0/STM32CubeIDE/plugins/com.st.stm32cube.ide.mcu.externaltools.gnu-tools-for-stm32.11.3.rel1.win32_1.1.1.202309131626/tools/bin/../lib/gcc/arm-none-eabi/11.3.1/../../../../arm-none-eabi/lib/thumb/v7-m/nofp\libc_nano.a(libc_a-mprec.o)
                0x000000000800a650                __hi0bits
 .text.__lo0bits
                0x000000000800a690       0x5a C:/ST/STM32CubeIDE_1.12.0/STM32CubeIDE/plugins/com.st.stm32cube.ide.mcu.externaltools.gnu-tools-for-stm32.11.3.rel1.win32_1.1.1.202309131626/tools/bin/../lib/gcc/arm-none-eabi/11.3.1/../../../../arm-none-eabi/lib/thumb/v7-m/nofp\libc_nano.a(libc_a-mprec.o)
                0x000000000800a690                __lo0bits
 *fill*         0x000000000800a6ea        0x2 
 .text.__i2b    0x000000000800a6ec       0x2c C:/ST/STM32CubeIDE_1.12.0/STM32CubeIDE/plugins/com.st.stm32cube.ide.mcu.externaltools.gnu-tools-for-stm32.11.3.rel1.win32_1.1.1.202309131626/tools/bin/../lib/gcc/arm-none-eabi/11.3.1/../../../../arm-none-eabi/lib/thumb/v7-m/nofp\libc_nano.a(libc_a-mprec.o)
                0x000000000800a6ec                __i2b
 .text.__multiply
                0x000000000800a718      0x150 C:/ST/STM32CubeIDE_1.12.0/STM32CubeIDE/plugins/com.st.stm32cube.ide.mcu.externaltools.gnu-tools-for-stm32.11.3.rel1.win32_1.1.1.202309131626/tools/bin/../lib/gcc/arm-none-eabi/11.3.1/../../../../arm-none-eabi/lib/thumb/v7-m/nofp\libc_nano.a(libc_a-mprec.o)
                0x000000000800a718                __multiply
 .text.__pow5mult
                0x000000000800a868       0xb4 C:/ST/STM32CubeIDE_1.12.0/STM32CubeIDE/plugins/com.st.stm32cube.ide.mcu.externaltools.gnu-tools-for-stm32.11.3.rel1.win32_1.1.1.202309131626/tools/bin/../lib/gcc/arm-none-eabi/11.3.1/../../../../arm-none-eabi/lib/thumb/v7-m/nofp\libc_nano.a(libc_a-mprec.o)
                0x000000000800a868                __pow5mult
 .text.__lshift
                0x000000000800a91c       0xd8 C:/ST/STM32CubeIDE_1.12.0/STM32CubeIDE/plugins/com.st.stm32cube.ide.mcu.externaltools.gnu-tools-for-stm32.11.3.rel1.win32_1.1.1.202309131626/tools/bin/../lib/gcc/arm-none-eabi/11.3.1/../../../../arm-none-eabi/lib/thumb/v7-m/nofp\libc_nano.a(libc_a-mprec.o)
                0x000000000800a91c                __lshift
 .text.__mcmp   0x000000000800a9f4       0x36 C:/ST/STM32CubeIDE_1.12.0/STM32CubeIDE/plugins/com.st.stm32cube.ide.mcu.externaltools.gnu-tools-for-stm32.11.3.rel1.win32_1.1.1.202309131626/tools/bin/../lib/gcc/arm-none-eabi/11.3.1/../../../../arm-none-eabi/lib/thumb/v7-m/nofp\libc_nano.a(libc_a-mprec.o)
                0x000000000800a9f4                __mcmp
 *fill*         0x000000000800aa2a        0x2 
 .text.__mdiff  0x000000000800aa2c      0x118 C:/ST/STM32CubeIDE_1.12.0/STM32CubeIDE/plugins/com.st.stm32cube.ide.mcu.externaltools.gnu-tools-for-stm32.11.3.rel1.win32_1.1.1.202309131626/tools/bin/../lib/gcc/arm-none-eabi/11.3.1/../../../../arm-none-eabi/lib/thumb/v7-m/nofp\libc_nano.a(libc_a-mprec.o)
                0x000000000800aa2c                __mdiff
 .text.__d2b    0x000000000800ab44       0xac C:/ST/STM32CubeIDE_1.12.0/STM32CubeIDE/plugins/com.st.stm32cube.ide.mcu.externaltools.gnu-tools-for-stm32.11.3.rel1.win32_1.1.1.202309131626/tools/bin/../lib/gcc/arm-none-eabi/11.3.1/../../../../arm-none-eabi/lib/thumb/v7-m/nofp\libc_nano.a(libc_a-mprec.o)
                0x000000000800ab44                __d2b
 .text.__ssputs_r
                0x000000000800abf0       0xb4 C:/ST/STM32CubeIDE_1.12.0/STM32CubeIDE/plugins/com.st.stm32cube.ide.mcu.externaltools.gnu-tools-for-stm32.11.3.rel1.win32_1.1.1.202309131626/tools/bin/../lib/gcc/arm-none-eabi/11.3.1/../../../../arm-none-eabi/lib/thumb/v7-m/nofp\libc_nano.a(libc_a-nano-svfprintf.o)
                0x000000000800abf0                __ssputs_r
 .text._svfprintf_r
                0x000000000800aca4      0x1fc C:/ST/STM32CubeIDE_1.12.0/STM32CubeIDE/plugins/com.st.stm32cube.ide.mcu.externaltools.gnu-tools-for-stm32.11.3.rel1.win32_1.1.1.202309131626/tools/bin/../lib/gcc/arm-none-eabi/11.3.1/../../../../arm-none-eabi/lib/thumb/v7-m/nofp\libc_nano.a(libc_a-nano-svfprintf.o)
                0x000000000800aca4                _svfiprintf_r
                0x000000000800aca4                _svfprintf_r
 .text.__sflush_r
                0x000000000800aea0      0x104 C:/ST/STM32CubeIDE_1.12.0/STM32CubeIDE/plugins/com.st.stm32cube.ide.mcu.externaltools.gnu-tools-for-stm32.11.3.rel1.win32_1.1.1.202309131626/tools/bin/../lib/gcc/arm-none-eabi/11.3.1/../../../../arm-none-eabi/lib/thumb/v7-m/nofp\libc_nano.a(libc_a-fflush.o)
                0x000000000800aea0                __sflush_r
 .text._fflush_r
                0x000000000800afa4       0x50 C:/ST/STM32CubeIDE_1.12.0/STM32CubeIDE/plugins/com.st.stm32cube.ide.mcu.externaltools.gnu-tools-for-stm32.11.3.rel1.win32_1.1.1.202309131626/tools/bin/../lib/gcc/arm-none-eabi/11.3.1/../../../../arm-none-eabi/lib/thumb/v7-m/nofp\libc_nano.a(libc_a-fflush.o)
                0x000000000800afa4                _fflush_r
 .text.memmove  0x000000000800aff4       0x34 C:/ST/STM32CubeIDE_1.12.0/STM32CubeIDE/plugins/com.st.stm32cube.ide.mcu.externaltools.gnu-tools-for-stm32.11.3.rel1.win32_1.1.1.202309131626/tools/bin/../lib/gcc/arm-none-eabi/11.3.1/../../../../arm-none-eabi/lib/thumb/v7-m/nofp\libc_nano.a(libc_a-memmove.o)
                0x000000000800aff4                memmove
 .text._sbrk_r  0x000000000800b028       0x20 C:/ST/STM32CubeIDE_1.12.0/STM32CubeIDE/plugins/com.st.stm32cube.ide.mcu.externaltools.gnu-tools-for-stm32.11.3.rel1.win32_1.1.1.202309131626/tools/bin/../lib/gcc/arm-none-eabi/11.3.1/../../../../arm-none-eabi/lib/thumb/v7-m/nofp\libc_nano.a(libc_a-sbrkr.o)
                0x000000000800b028                _sbrk_r
 .text.__assert_func
                0x000000000800b048       0x3c C:/ST/STM32CubeIDE_1.12.0/STM32CubeIDE/plugins/com.st.stm32cube.ide.mcu.externaltools.gnu-tools-for-stm32.11.3.rel1.win32_1.1.1.202309131626/tools/bin/../lib/gcc/arm-none-eabi/11.3.1/../../../../arm-none-eabi/lib/thumb/v7-m/nofp\libc_nano.a(libc_a-assert.o)
                0x000000000800b048                __assert_func
 .text._calloc_r
                0x000000000800b084       0x28 C:/ST/STM32CubeIDE_1.12.0/STM32CubeIDE/plugins/com.st.stm32cube.ide.mcu.externaltools.gnu-tools-for-stm32.11.3.rel1.win32_1.1.1.202309131626/tools/bin/../lib/gcc/arm-none-eabi/11.3.1/../../../../arm-none-eabi/lib/thumb/v7-m/nofp\libc_nano.a(libc_a-callocr.o)
                0x000000000800b084                _calloc_r
 .text.__ascii_mbtowc
                0x000000000800b0ac       0x24 C:/ST/STM32CubeIDE_1.12.0/STM32CubeIDE/plugins/com.st.stm32cube.ide.mcu.externaltools.gnu-tools-for-stm32.11.3.rel1.win32_1.1.1.202309131626/tools/bin/../lib/gcc/arm-none-eabi/11.3.1/../../../../arm-none-eabi/lib/thumb/v7-m/nofp\libc_nano.a(libc_a-mbtowc_r.o)
                0x000000000800b0ac                __ascii_mbtowc
 .text._realloc_r
                0x000000000800b0d0       0x5e C:/ST/STM32CubeIDE_1.12.0/STM32CubeIDE/plugins/com.st.stm32cube.ide.mcu.externaltools.gnu-tools-for-stm32.11.3.rel1.win32_1.1.1.202309131626/tools/bin/../lib/gcc/arm-none-eabi/11.3.1/../../../../arm-none-eabi/lib/thumb/v7-m/nofp\libc_nano.a(libc_a-reallocr.o)
                0x000000000800b0d0                _realloc_r
 .text.__ascii_wctomb
                0x000000000800b12e       0x1a C:/ST/STM32CubeIDE_1.12.0/STM32CubeIDE/plugins/com.st.stm32cube.ide.mcu.externaltools.gnu-tools-for-stm32.11.3.rel1.win32_1.1.1.202309131626/tools/bin/../lib/gcc/arm-none-eabi/11.3.1/../../../../arm-none-eabi/lib/thumb/v7-m/nofp\libc_nano.a(libc_a-wctomb_r.o)
                0x000000000800b12e                __ascii_wctomb
 .text.fprintf  0x000000000800b148       0x24 C:/ST/STM32CubeIDE_1.12.0/STM32CubeIDE/plugins/com.st.stm32cube.ide.mcu.externaltools.gnu-tools-for-stm32.11.3.rel1.win32_1.1.1.202309131626/tools/bin/../lib/gcc/arm-none-eabi/11.3.1/../../../../arm-none-eabi/lib/thumb/v7-m/nofp\libc_nano.a(libc_a-fprintf.o)
                0x000000000800b148                fiprintf
                0x000000000800b148                fprintf
 .text.abort    0x000000000800b16c        0xe C:/ST/STM32CubeIDE_1.12.0/STM32CubeIDE/plugins/com.st.stm32cube.ide.mcu.externaltools.gnu-tools-for-stm32.11.3.rel1.win32_1.1.1.202309131626/tools/bin/../lib/gcc/arm-none-eabi/11.3.1/../../../../arm-none-eabi/lib/thumb/v7-m/nofp\libc_nano.a(libc_a-abort.o)
                0x000000000800b16c                abort
 .text._malloc_usable_size_r
                0x000000000800b17a       0x10 C:/ST/STM32CubeIDE_1.12.0/STM32CubeIDE/plugins/com.st.stm32cube.ide.mcu.externaltools.gnu-tools-for-stm32.11.3.rel1.win32_1.1.1.202309131626/tools/bin/../lib/gcc/arm-none-eabi/11.3.1/../../../../arm-none-eabi/lib/thumb/v7-m/nofp\libc_nano.a(libc_a-msizer.o)
                0x000000000800b17a                _malloc_usable_size_r
 .text.__sfputc_r
                0x000000000800b18a       0x2a C:/ST/STM32CubeIDE_1.12.0/STM32CubeIDE/plugins/com.st.stm32cube.ide.mcu.externaltools.gnu-tools-for-stm32.11.3.rel1.win32_1.1.1.202309131626/tools/bin/../lib/gcc/arm-none-eabi/11.3.1/../../../../arm-none-eabi/lib/thumb/v7-m/nofp\libc_nano.a(libc_a-nano-vfprintf.o)
 .text.__sfputs_r
                0x000000000800b1b4       0x24 C:/ST/STM32CubeIDE_1.12.0/STM32CubeIDE/plugins/com.st.stm32cube.ide.mcu.externaltools.gnu-tools-for-stm32.11.3.rel1.win32_1.1.1.202309131626/tools/bin/../lib/gcc/arm-none-eabi/11.3.1/../../../../arm-none-eabi/lib/thumb/v7-m/nofp\libc_nano.a(libc_a-nano-vfprintf.o)
                0x000000000800b1b4                __sfputs_r
 .text._vfprintf_r
                0x000000000800b1d8      0x234 C:/ST/STM32CubeIDE_1.12.0/STM32CubeIDE/plugins/com.st.stm32cube.ide.mcu.externaltools.gnu-tools-for-stm32.11.3.rel1.win32_1.1.1.202309131626/tools/bin/../lib/gcc/arm-none-eabi/11.3.1/../../../../arm-none-eabi/lib/thumb/v7-m/nofp\libc_nano.a(libc_a-nano-vfprintf.o)
                0x000000000800b1d8                _vfprintf_r
                0x000000000800b1d8                _vfiprintf_r
 .text.__swbuf_r
                0x000000000800b40c       0x7a C:/ST/STM32CubeIDE_1.12.0/STM32CubeIDE/plugins/com.st.stm32cube.ide.mcu.externaltools.gnu-tools-for-stm32.11.3.rel1.win32_1.1.1.202309131626/tools/bin/../lib/gcc/arm-none-eabi/11.3.1/../../../../arm-none-eabi/lib/thumb/v7-m/nofp\libc_nano.a(libc_a-wbuf.o)
                0x000000000800b40c                __swbuf_r
 *fill*         0x000000000800b486        0x2 
 .text.__swsetup_r
                0x000000000800b488       0xb0 C:/ST/STM32CubeIDE_1.12.0/STM32CubeIDE/plugins/com.st.stm32cube.ide.mcu.externaltools.gnu-tools-for-stm32.11.3.rel1.win32_1.1.1.202309131626/tools/bin/../lib/gcc/arm-none-eabi/11.3.1/../../../../arm-none-eabi/lib/thumb/v7-m/nofp\libc_nano.a(libc_a-wsetup.o)
                0x000000000800b488                __swsetup_r
 .text._raise_r
                0x000000000800b538       0x50 C:/ST/STM32CubeIDE_1.12.0/STM32CubeIDE/plugins/com.st.stm32cube.ide.mcu.externaltools.gnu-tools-for-stm32.11.3.rel1.win32_1.1.1.202309131626/tools/bin/../lib/gcc/arm-none-eabi/11.3.1/../../../../arm-none-eabi/lib/thumb/v7-m/nofp\libc_nano.a(libc_a-signal.o)
                0x000000000800b538                _raise_r
 .text.raise    0x000000000800b588       0x10 C:/ST/STM32CubeIDE_1.12.0/STM32CubeIDE/plugins/com.st.stm32cube.ide.mcu.externaltools.gnu-tools-for-stm32.11.3.rel1.win32_1.1.1.202309131626/tools/bin/../lib/gcc/arm-none-eabi/11.3.1/../../../../arm-none-eabi/lib/thumb/v7-m/nofp\libc_nano.a(libc_a-signal.o)
                0x000000000800b588                raise
 .text._kill_r  0x000000000800b598       0x24 C:/ST/STM32CubeIDE_1.12.0/STM32CubeIDE/plugins/com.st.stm32cube.ide.mcu.externaltools.gnu-tools-for-stm32.11.3.rel1.win32_1.1.1.202309131626/tools/bin/../lib/gcc/arm-none-eabi/11.3.1/../../../../arm-none-eabi/lib/thumb/v7-m/nofp\libc_nano.a(libc_a-signalr.o)
                0x000000000800b598                _kill_r
 .text._getpid_r
                0x000000000800b5bc        0x4 C:/ST/STM32CubeIDE_1.12.0/STM32CubeIDE/plugins/com.st.stm32cube.ide.mcu.externaltools.gnu-tools-for-stm32.11.3.rel1.win32_1.1.1.202309131626/tools/bin/../lib/gcc/arm-none-eabi/11.3.1/../../../../arm-none-eabi/lib/thumb/v7-m/nofp\libc_nano.a(libc_a-signalr.o)
                0x000000000800b5bc                _getpid_r
 .text.__swhatbuf_r
                0x000000000800b5c0       0x4a C:/ST/STM32CubeIDE_1.12.0/STM32CubeIDE/plugins/com.st.stm32cube.ide.mcu.externaltools.gnu-tools-for-stm32.11.3.rel1.win32_1.1.1.202309131626/tools/bin/../lib/gcc/arm-none-eabi/11.3.1/../../../../arm-none-eabi/lib/thumb/v7-m/nofp\libc_nano.a(libc_a-makebuf.o)
                0x000000000800b5c0                __swhatbuf_r
 .text.__smakebuf_r
                0x000000000800b60a       0x78 C:/ST/STM32CubeIDE_1.12.0/STM32CubeIDE/plugins/com.st.stm32cube.ide.mcu.externaltools.gnu-tools-for-stm32.11.3.rel1.win32_1.1.1.202309131626/tools/bin/../lib/gcc/arm-none-eabi/11.3.1/../../../../arm-none-eabi/lib/thumb/v7-m/nofp\libc_nano.a(libc_a-makebuf.o)
                0x000000000800b60a                __smakebuf_r
 *fill*         0x000000000800b682        0x2 
 .text._fstat_r
                0x000000000800b684       0x24 C:/ST/STM32CubeIDE_1.12.0/STM32CubeIDE/plugins/com.st.stm32cube.ide.mcu.externaltools.gnu-tools-for-stm32.11.3.rel1.win32_1.1.1.202309131626/tools/bin/../lib/gcc/arm-none-eabi/11.3.1/../../../../arm-none-eabi/lib/thumb/v7-m/nofp\libc_nano.a(libc_a-fstatr.o)
                0x000000000800b684                _fstat_r
 .text._isatty_r
                0x000000000800b6a8       0x20 C:/ST/STM32CubeIDE_1.12.0/STM32CubeIDE/plugins/com.st.stm32cube.ide.mcu.externaltools.gnu-tools-for-stm32.11.3.rel1.win32_1.1.1.202309131626/tools/bin/../lib/gcc/arm-none-eabi/11.3.1/../../../../arm-none-eabi/lib/thumb/v7-m/nofp\libc_nano.a(libc_a-isattyr.o)
                0x000000000800b6a8                _isatty_r
 *(.glue_7)
 .glue_7        0x000000000800b6c8        0x0 linker stubs
 *(.glue_7t)
 .glue_7t       0x000000000800b6c8        0x0 linker stubs
 *(.eh_frame)
 .eh_frame      0x000000000800b6c8        0x0 C:/ST/STM32CubeIDE_1.12.0/STM32CubeIDE/plugins/com.st.stm32cube.ide.mcu.externaltools.gnu-tools-for-stm32.11.3.rel1.win32_1.1.1.202309131626/tools/bin/../lib/gcc/arm-none-eabi/11.3.1/thumb/v7-m/nofp/crtbegin.o
 *(.init)
 .init          0x000000000800b6c8        0x4 C:/ST/STM32CubeIDE_1.12.0/STM32CubeIDE/plugins/com.st.stm32cube.ide.mcu.externaltools.gnu-tools-for-stm32.11.3.rel1.win32_1.1.1.202309131626/tools/bin/../lib/gcc/arm-none-eabi/11.3.1/thumb/v7-m/nofp/crti.o
                0x000000000800b6c8                _init
 .init          0x000000000800b6cc        0x8 C:/ST/STM32CubeIDE_1.12.0/STM32CubeIDE/plugins/com.st.stm32cube.ide.mcu.externaltools.gnu-tools-for-stm32.11.3.rel1.win32_1.1.1.202309131626/tools/bin/../lib/gcc/arm-none-eabi/11.3.1/thumb/v7-m/nofp/crtn.o
 *(.fini)
 .fini          0x000000000800b6d4        0x4 C:/ST/STM32CubeIDE_1.12.0/STM32CubeIDE/plugins/com.st.stm32cube.ide.mcu.externaltools.gnu-tools-for-stm32.11.3.rel1.win32_1.1.1.202309131626/tools/bin/../lib/gcc/arm-none-eabi/11.3.1/thumb/v7-m/nofp/crti.o
                0x000000000800b6d4                _fini
 .fini          0x000000000800b6d8        0x8 C:/ST/STM32CubeIDE_1.12.0/STM32CubeIDE/plugins/com.st.stm32cube.ide.mcu.externaltools.gnu-tools-for-stm32.11.3.rel1.win32_1.1.1.202309131626/tools/bin/../lib/gcc/arm-none-eabi/11.3.1/thumb/v7-m/nofp/crtn.o
                0x000000000800b6e0                . = ALIGN (0x4)
                0x000000000800b6e0                _etext = .

.vfp11_veneer   0x000000000800b6e0        0x0
 .vfp11_veneer  0x000000000800b6e0        0x0 linker stubs

.v4_bx          0x000000000800b6e0        0x0
 .v4_bx         0x000000000800b6e0        0x0 linker stubs

.iplt           0x000000000800b6e0        0x0
 .iplt          0x000000000800b6e0        0x0 C:/ST/STM32CubeIDE_1.12.0/STM32CubeIDE/plugins/com.st.stm32cube.ide.mcu.externaltools.gnu-tools-for-stm32.11.3.rel1.win32_1.1.1.202309131626/tools/bin/../lib/gcc/arm-none-eabi/11.3.1/thumb/v7-m/nofp/crtbegin.o

.rodata         0x000000000800b6e0      0x3e4
                0x000000000800b6e0                . = ALIGN (0x4)
 *(.rodata)
 .rodata        0x000000000800b6e0        0x9 ./Core/Src/main.o
 *fill*         0x000000000800b6e9        0x3 
 .rodata        0x000000000800b6ec       0x37 ./Drivers/VL53L1X/core/src/vl53l1_api.o
 *fill*         0x000000000800b723        0x1 
 .rodata        0x000000000800b724        0x1 ./Drivers/VL53L1X/platform/src/vl53l1_platform.o
 *(.rodata*)
 *fill*         0x000000000800b725        0x3 
 .rodata.AHBPrescTable
                0x000000000800b728       0x10 ./Core/Src/system_stm32f1xx.o
                0x000000000800b728                AHBPrescTable
 .rodata.APBPrescTable
                0x000000000800b738        0x8 ./Core/Src/system_stm32f1xx.o
                0x000000000800b738                APBPrescTable
 .rodata.aPLLMULFactorTable.1
                0x000000000800b740       0x10 ./Drivers/STM32F1xx_HAL_Driver/Src/stm32f1xx_hal_rcc.o
 .rodata.aPredivFactorTable.0
                0x000000000800b750        0x2 ./Drivers/STM32F1xx_HAL_Driver/Src/stm32f1xx_hal_rcc.o
 .rodata._printf_float.str1.1
                0x000000000800b752       0x12 C:/ST/STM32CubeIDE_1.12.0/STM32CubeIDE/plugins/com.st.stm32cube.ide.mcu.externaltools.gnu-tools-for-stm32.11.3.rel1.win32_1.1.1.202309131626/tools/bin/../lib/gcc/arm-none-eabi/11.3.1/../../../../arm-none-eabi/lib/thumb/v7-m/nofp\libc_nano.a(libc_a-nano-vfprintf_float.o)
 .rodata._printf_i.str1.1
                0x000000000800b764       0x22 C:/ST/STM32CubeIDE_1.12.0/STM32CubeIDE/plugins/com.st.stm32cube.ide.mcu.externaltools.gnu-tools-for-stm32.11.3.rel1.win32_1.1.1.202309131626/tools/bin/../lib/gcc/arm-none-eabi/11.3.1/../../../../arm-none-eabi/lib/thumb/v7-m/nofp\libc_nano.a(libc_a-nano-vfprintf_i.o)
 .rodata._dtoa_r.str1.1
                0x000000000800b786       0x8d C:/ST/STM32CubeIDE_1.12.0/STM32CubeIDE/plugins/com.st.stm32cube.ide.mcu.externaltools.gnu-tools-for-stm32.11.3.rel1.win32_1.1.1.202309131626/tools/bin/../lib/gcc/arm-none-eabi/11.3.1/../../../../arm-none-eabi/lib/thumb/v7-m/nofp\libc_nano.a(libc_a-dtoa.o)
                                         0x8f (size before relaxing)
 .rodata._Balloc.str1.1
                0x000000000800b813       0x59 C:/ST/STM32CubeIDE_1.12.0/STM32CubeIDE/plugins/com.st.stm32cube.ide.mcu.externaltools.gnu-tools-for-stm32.11.3.rel1.win32_1.1.1.202309131626/tools/bin/../lib/gcc/arm-none-eabi/11.3.1/../../../../arm-none-eabi/lib/thumb/v7-m/nofp\libc_nano.a(libc_a-mprec.o)
                                         0x70 (size before relaxing)
 .rodata.__multadd.str1.1
                0x000000000800b86c       0x11 C:/ST/STM32CubeIDE_1.12.0/STM32CubeIDE/plugins/com.st.stm32cube.ide.mcu.externaltools.gnu-tools-for-stm32.11.3.rel1.win32_1.1.1.202309131626/tools/bin/../lib/gcc/arm-none-eabi/11.3.1/../../../../arm-none-eabi/lib/thumb/v7-m/nofp\libc_nano.a(libc_a-mprec.o)
 *fill*         0x000000000800b86c        0x4 
 .rodata.__mprec_bigtens
                0x000000000800b870       0x28 C:/ST/STM32CubeIDE_1.12.0/STM32CubeIDE/plugins/com.st.stm32cube.ide.mcu.externaltools.gnu-tools-for-stm32.11.3.rel1.win32_1.1.1.202309131626/tools/bin/../lib/gcc/arm-none-eabi/11.3.1/../../../../arm-none-eabi/lib/thumb/v7-m/nofp\libc_nano.a(libc_a-mprec.o)
                0x000000000800b870                __mprec_bigtens
 .rodata.__mprec_tens
                0x000000000800b898       0xc8 C:/ST/STM32CubeIDE_1.12.0/STM32CubeIDE/plugins/com.st.stm32cube.ide.mcu.externaltools.gnu-tools-for-stm32.11.3.rel1.win32_1.1.1.202309131626/tools/bin/../lib/gcc/arm-none-eabi/11.3.1/../../../../arm-none-eabi/lib/thumb/v7-m/nofp\libc_nano.a(libc_a-mprec.o)
                0x000000000800b898                __mprec_tens
 .rodata.p05.0  0x000000000800b960        0xc C:/ST/STM32CubeIDE_1.12.0/STM32CubeIDE/plugins/com.st.stm32cube.ide.mcu.externaltools.gnu-tools-for-stm32.11.3.rel1.win32_1.1.1.202309131626/tools/bin/../lib/gcc/arm-none-eabi/11.3.1/../../../../arm-none-eabi/lib/thumb/v7-m/nofp\libc_nano.a(libc_a-mprec.o)
 .rodata._svfprintf_r.str1.1
                0x000000000800b96c       0x11 C:/ST/STM32CubeIDE_1.12.0/STM32CubeIDE/plugins/com.st.stm32cube.ide.mcu.externaltools.gnu-tools-for-stm32.11.3.rel1.win32_1.1.1.202309131626/tools/bin/../lib/gcc/arm-none-eabi/11.3.1/../../../../arm-none-eabi/lib/thumb/v7-m/nofp\libc_nano.a(libc_a-nano-svfprintf.o)
 .rodata._setlocale_r.str1.1
                0x000000000800b97d        0x8 C:/ST/STM32CubeIDE_1.12.0/STM32CubeIDE/plugins/com.st.stm32cube.ide.mcu.externaltools.gnu-tools-for-stm32.11.3.rel1.win32_1.1.1.202309131626/tools/bin/../lib/gcc/arm-none-eabi/11.3.1/../../../../arm-none-eabi/lib/thumb/v7-m/nofp\libc_nano.a(libc_a-locale.o)
                                          0x9 (size before relaxing)
 .rodata.str1.1
                0x000000000800b985        0x2 C:/ST/STM32CubeIDE_1.12.0/STM32CubeIDE/plugins/com.st.stm32cube.ide.mcu.externaltools.gnu-tools-for-stm32.11.3.rel1.win32_1.1.1.202309131626/tools/bin/../lib/gcc/arm-none-eabi/11.3.1/../../../../arm-none-eabi/lib/thumb/v7-m/nofp\libc_nano.a(libc_a-locale.o)
 .rodata.__assert_func.str1.1
                0x000000000800b987       0x3c C:/ST/STM32CubeIDE_1.12.0/STM32CubeIDE/plugins/com.st.stm32cube.ide.mcu.externaltools.gnu-tools-for-stm32.11.3.rel1.win32_1.1.1.202309131626/tools/bin/../lib/gcc/arm-none-eabi/11.3.1/../../../../arm-none-eabi/lib/thumb/v7-m/nofp\libc_nano.a(libc_a-assert.o)
                                         0x3d (size before relaxing)
 .rodata._ctype_
                0x000000000800b9c3      0x101 C:/ST/STM32CubeIDE_1.12.0/STM32CubeIDE/plugins/com.st.stm32cube.ide.mcu.externaltools.gnu-tools-for-stm32.11.3.rel1.win32_1.1.1.202309131626/tools/bin/../lib/gcc/arm-none-eabi/11.3.1/../../../../arm-none-eabi/lib/thumb/v7-m/nofp\libc_nano.a(libc_a-ctype_.o)
                0x000000000800b9c3                _ctype_
 .rodata._vfprintf_r.str1.1
                0x000000000800bac4       0x11 C:/ST/STM32CubeIDE_1.12.0/STM32CubeIDE/plugins/com.st.stm32cube.ide.mcu.externaltools.gnu-tools-for-stm32.11.3.rel1.win32_1.1.1.202309131626/tools/bin/../lib/gcc/arm-none-eabi/11.3.1/../../../../arm-none-eabi/lib/thumb/v7-m/nofp\libc_nano.a(libc_a-nano-vfprintf.o)
                0x000000000800bad8                . = ALIGN (0x4)

.rel.dyn        0x000000000800bac4        0x0
 .rel.iplt      0x000000000800bac4        0x0 C:/ST/STM32CubeIDE_1.12.0/STM32CubeIDE/plugins/com.st.stm32cube.ide.mcu.externaltools.gnu-tools-for-stm32.11.3.rel1.win32_1.1.1.202309131626/tools/bin/../lib/gcc/arm-none-eabi/11.3.1/thumb/v7-m/nofp/crtbegin.o

.ARM.extab      0x000000000800bac4        0x0
                0x000000000800bac4                . = ALIGN (0x4)
 *(.ARM.extab* .gnu.linkonce.armextab.*)
                0x000000000800bac4                . = ALIGN (0x4)

.ARM            0x000000000800bac4        0x0
                0x000000000800bac4                . = ALIGN (0x4)
                0x000000000800bac4                __exidx_start = .
 *(.ARM.exidx*)
                0x000000000800bac4                __exidx_end = .
                0x000000000800bac4                . = ALIGN (0x4)

.preinit_array  0x000000000800bac4        0x0
                0x000000000800bac4                . = ALIGN (0x4)
                0x000000000800bac4                PROVIDE (__preinit_array_start = .)
 *(.preinit_array*)
                0x000000000800bac4                PROVIDE (__preinit_array_end = .)
                0x000000000800bac4                . = ALIGN (0x4)

.init_array     0x000000000800bac4        0x4
                0x000000000800bac4                . = ALIGN (0x4)
                0x000000000800bac4                PROVIDE (__init_array_start = .)
 *(SORT_BY_NAME(.init_array.*))
 *(.init_array*)
 .init_array    0x000000000800bac4        0x4 C:/ST/STM32CubeIDE_1.12.0/STM32CubeIDE/plugins/com.st.stm32cube.ide.mcu.externaltools.gnu-tools-for-stm32.11.3.rel1.win32_1.1.1.202309131626/tools/bin/../lib/gcc/arm-none-eabi/11.3.1/thumb/v7-m/nofp/crtbegin.o
                0x000000000800bac8                PROVIDE (__init_array_end = .)
                0x000000000800bac8                . = ALIGN (0x4)

.fini_array     0x000000000800bac8        0x4
                0x000000000800bac8                . = ALIGN (0x4)
                [!provide]                        PROVIDE (__fini_array_start = .)
 *(SORT_BY_NAME(.fini_array.*))
 *(.fini_array*)
 .fini_array    0x000000000800bac8        0x4 C:/ST/STM32CubeIDE_1.12.0/STM32CubeIDE/plugins/com.st.stm32cube.ide.mcu.externaltools.gnu-tools-for-stm32.11.3.rel1.win32_1.1.1.202309131626/tools/bin/../lib/gcc/arm-none-eabi/11.3.1/thumb/v7-m/nofp/crtbegin.o
                [!provide]                        PROVIDE (__fini_array_end = .)
                0x000000000800bacc                . = ALIGN (0x4)
                0x000000000800bacc                _sidata = LOADADDR (.data)

.data           0x0000000020000000      0x204 load address 0x000000000800bacc
                0x0000000020000000                . = ALIGN (0x4)
                0x0000000020000000                _sdata = .
 *(.data)
 *(.data*)
 .data.SystemCoreClock
                0x0000000020000000        0x4 ./Core/Src/system_stm32f1xx.o
                0x0000000020000000                SystemCoreClock
 .data.uwTickPrio
                0x0000000020000004        0x4 ./Drivers/STM32F1xx_HAL_Driver/Src/stm32f1xx_hal.o
                0x0000000020000004                uwTickPrio
 .data.uwTickFreq
                0x0000000020000008        0x1 ./Drivers/STM32F1xx_HAL_Driver/Src/stm32f1xx_hal.o
                0x0000000020000008                uwTickFreq
 *fill*         0x0000000020000009        0x3 
 .data.BDTable  0x000000002000000c       0x30 ./Drivers/VL53L1X/core/src/vl53l1_api.o
 .data.__sglue  0x000000002000003c        0xc C:/ST/STM32CubeIDE_1.12.0/STM32CubeIDE/plugins/com.st.stm32cube.ide.mcu.externaltools.gnu-tools-for-stm32.11.3.rel1.win32_1.1.1.202309131626/tools/bin/../lib/gcc/arm-none-eabi/11.3.1/../../../../arm-none-eabi/lib/thumb/v7-m/nofp\libc_nano.a(libc_a-findfp.o)
                0x000000002000003c                __sglue
 .data._impure_data
                0x0000000020000048       0x4c C:/ST/STM32CubeIDE_1.12.0/STM32CubeIDE/plugins/com.st.stm32cube.ide.mcu.externaltools.gnu-tools-for-stm32.11.3.rel1.win32_1.1.1.202309131626/tools/bin/../lib/gcc/arm-none-eabi/11.3.1/../../../../arm-none-eabi/lib/thumb/v7-m/nofp\libc_nano.a(libc_a-impure.o)
                0x0000000020000048                _impure_data
 .data._impure_ptr
                0x0000000020000094        0x4 C:/ST/STM32CubeIDE_1.12.0/STM32CubeIDE/plugins/com.st.stm32cube.ide.mcu.externaltools.gnu-tools-for-stm32.11.3.rel1.win32_1.1.1.202309131626/tools/bin/../lib/gcc/arm-none-eabi/11.3.1/../../../../arm-none-eabi/lib/thumb/v7-m/nofp\libc_nano.a(libc_a-impure.o)
                0x0000000020000094                _impure_ptr
 .data.__global_locale
                0x0000000020000098      0x16c C:/ST/STM32CubeIDE_1.12.0/STM32CubeIDE/plugins/com.st.stm32cube.ide.mcu.externaltools.gnu-tools-for-stm32.11.3.rel1.win32_1.1.1.202309131626/tools/bin/../lib/gcc/arm-none-eabi/11.3.1/../../../../arm-none-eabi/lib/thumb/v7-m/nofp\libc_nano.a(libc_a-locale.o)
                0x0000000020000098                __global_locale
 *(.RamFunc)
 *(.RamFunc*)
                0x0000000020000204                . = ALIGN (0x4)
                0x0000000020000204                _edata = .

.igot.plt       0x0000000020000204        0x0 load address 0x000000000800bcd0
 .igot.plt      0x0000000020000204        0x0 C:/ST/STM32CubeIDE_1.12.0/STM32CubeIDE/plugins/com.st.stm32cube.ide.mcu.externaltools.gnu-tools-for-stm32.11.3.rel1.win32_1.1.1.202309131626/tools/bin/../lib/gcc/arm-none-eabi/11.3.1/thumb/v7-m/nofp/crtbegin.o
                0x0000000020000204                . = ALIGN (0x4)

.bss            0x0000000020000204      0x30c load address 0x000000000800bcd0
                0x0000000020000204                _sbss = .
                0x0000000020000204                __bss_start__ = _sbss
 *(.bss)