11:12:58 **** Incremental Build of configuration Debug for project Sensor ****
make -j8 all 
arm-none-eabi-gcc "../Core/Src/main.c" -mcpu=cortex-m3 -std=gnu11 -g3 -DDEBUG -DUSE_HAL_DRIVER -DSTM32F103xB -c -I../Core/Inc -I../Drivers/STM32F1xx_HAL_Driver/Inc/Legacy -I../Drivers/STM32F1xx_HAL_Driver/Inc -I../Drivers/CMSIS/Device/ST/STM32F1xx/Include -I../Drivers/CMSIS/Include -I"D:/CE437/Lab/Lab5/Sensor/Drivers/VL53L1X/core/inc" -I"D:/CE437/Lab/Lab5/Sensor/Drivers/VL53L1X/platform/inc" -O0 -ffunction-sections -fdata-sections -Wall -fstack-usage -fcyclomatic-complexity -MMD -MP -MF"Core/Src/main.d" -MT"Core/Src/main.o" --specs=nano.specs -mfloat-abi=soft -mthumb -o "Core/Src/main.o"
../Core/Src/main.c: In function 'main':
../Core/Src/main.c:88:19: warning: unused variable 'result' [-Wunused-variable]
   88 |           uint8_t result;
      |                   ^~~~~~
arm-none-eabi-gcc -o "Sensor.elf" @"objects.list"   -mcpu=cortex-m3 -T"D:\CE437\Lab\Lab5\Sensor\STM32F103C8TX_FLASH.ld" --specs=nosys.specs -Wl,-Map="Sensor.map" -Wl,--gc-sections -static --specs=nano.specs -mfloat-abi=soft -mthumb -u _printf_float -Wl,--start-group -lc -lm -Wl,--end-group
Finished building target: Sensor.elf
 
arm-none-eabi-size   Sensor.elf 
arm-none-eabi-objdump -h -S  Sensor.elf  > "Sensor.list"
arm-none-eabi-objcopy  -O ihex  Sensor.elf  "Sensor.hex"
   text	   data	    bss	    dec	    hex	filename
  49112	    524	   2380	  52016	   cb30	Sensor.elf
arm-none-eabi-objcopy  -O binary  Sensor.elf  "Sensor.bin"
Finished building: default.size.stdout
 
Finished building: Sensor.hex
Finished building: Sensor.bin
 
 
Finished building: Sensor.list
 

11:12:59 Build Finished. 0 errors, 1 warnings. (took 1s.130ms)

